Microchip MPLAB XC8 Compiler V2.10 ()

Linker command line:

-W-3 --edf=C:\Program Files (x86)\Microchip\xc8\v2.10\pic\dat\en_msgs.txt \
  -pivt0x8=08h -cs -h+dist/default/production\Controller.X.production.sym \
  --cmf=dist/default/production\Controller.X.production.cmf -z -Q18F46K42 \
  -oC:\Users\David\AppData\Local\Temp\s9g0.2 --defsym=__MPLAB_BUILD=1 \
  -Mdist/default/production/Controller.X.production.map -E1 -ver=XC8 \
  --acfsm=1493 -ASTACK=0FAh-0FFFh -pstack=STACK -ACODE=00h-0FFFFh \
  -ACONST=00h-0FFFFh -ASMALLCONST=01000h-010FFhx240 \
  -AMEDIUMCONST=01000h-0FFFFh -ACOMRAM=01h-05Fh -AABS1=00h-0FFFh \
  -ABIGRAM=01h-0FFFh -ARAM=060h-0FFh,0100h-01FFhx15 -ABANK0=060h-0FFh \
  -ABANK1=0100h-01FFh -ABANK2=0200h-02FFh -ABANK3=0300h-03FFh \
  -ABANK4=0400h-04FFh -ABANK5=0500h-05FFh -ABANK6=0600h-06FFh \
  -ABANK7=0700h-07FFh -ABANK8=0800h-08FFh -ABANK9=0900h-09FFh \
  -ABANK10=0A00h-0AFFh -ABANK11=0B00h-0BFFh -ABANK12=0C00h-0CFFh \
  -ABANK13=0D00h-0DFFh -ABANK14=0E00h-0EFFh -ABANK15=0F00h-0FFFh \
  -ASFR=03800h-038FFhx7,03F00h-03F5Fh,03F60h-03FFFh -preset_vec=00h \
  -ppowerup=CODE,init -pramtop=01000h -psmallconst=SMALLCONST \
  -pmediumconst=MEDIUMCONST -pconst=CONST -AFARRAM=00h-00h \
  -ACONFIG=0300000h-0300009h -pconfig=CONFIG -AIDLOC=0200000h-020000Fh \
  -pidloc=IDLOC -AEEDATA=0310000h-03103FFh -peeprom_data=EEDATA \
  -prdata=COMRAM,nvrram=COMRAM,nvbit=COMRAM,rbss=COMRAM,rbit=COMRAM \
  -pfarbss=FARRAM,fardata=FARRAM,nvFARRAM=FARRAM \
  -pintsave_regs=BIGRAM,bigbss=BIGRAM,bigdata=BIGRAM -pbss=RAM \
  -pidata=CODE,irdata=CODE,ibigdata=CODE,ifardata=CODE -prparam=COMRAM \
  C:\Users\David\AppData\Local\Temp\s9g0.o \
  dist/default/production\Controller.X.production.o 

Object code version is 3.11

Machine type is 18F46K42

Call graph: (short form)




                Name                               Link     Load   Length Selector   Space Scale
C:\Users\David\AppData\Local\Temp\s9g0.o
                init                                 1A       1A        4        4       0
                reset_vec                             0        0        4        0       0
                idloc                            200000   200000       10   200000       0
                config                           300000   300000        A   300000       0
dist/default/production\Controller.X.production.o
                smallconst                         1000     1000       3E      800       0
                ivt0x8                                8        8       12        4       0
                text91                             2A40     2A40        6      81F       0
                text90                             2A3A     2A3A        6      81F       0
                text89                             2A34     2A34        6      81F       0
                text88                             2906     2906       16      81F       0
                text87                             28F0     28F0       16      81F       0
                text86                             28DA     28DA       16      81F       0
                text85                             23B4     23B4       52      81F       0
                text84                             26BC     26BC       2C      81F       0
                text83                             1FBC     1FBC       82      81F       0
                text82                             27D4     27D4       20      81F       0
                text81                             2632     2632       30      81F       0
                text80                             2602     2602       30      81F       0
                text79                             25D2     25D2       30      81F       0
                text78                             25A2     25A2       30      81F       0
                text77                             2452     2452       4C      81F       0
                text76                             2A5E     2A5E        4      81F       0
                text75                             2A5A     2A5A        4      81F       0
                text74                             29D2     29D2        A      81F       0
                text73                             2A2E     2A2E        6      81F       0
                text72                             2A28     2A28        6      81F       0
                text71                             29C8     29C8        A      81F       0
                text70                             29BE     29BE        A      81F       0
                text69                             29FC     29FC        8      81F       0
                text68                             2A22     2A22        6      81F       0
                text67                             28C4     28C4       16      81F       0
                text66                             2A1C     2A1C        6      81F       0
                text65                             2A16     2A16        6      81F       0
                text64                             2A10     2A10        6      81F       0
                text63                             2A0A     2A0A        6      81F       0
                text62                             28AE     28AE       16      81F       0
                text61                             2898     2898       16      81F       0
                text60                             29F4     29F4        8      81F       0
                text59                             29B2     29B2        C      81F       0
                text58                             2662     2662       2E      81F       0
                text57                             2882     2882       16      81F       0
                text56                             18C8     18C8      128      81F       0
                text55                             1E04     1E04       9E      81F       0
                text54                             203E     203E       80      81F       0
                text53                             1D5E     1D5E       A6      81F       0
                text52                             29A4     29A4        E      81F       0
                text51                             2A56     2A56        4      81F       0
                text50                             2A52     2A52        4      81F       0
                text49                             2766     2766       28      81F       0
                text48                             29EC     29EC        8      81F       0
                text47                             2996     2996        E      81F       0
                text46                             29E4     29E4        8      81F       0
                text45                             294E     294E       10      81F       0
                text44                             2290     2290       6C      81F       0
                text43                             21B0     21B0       74      81F       0
                text42                             293E     293E       10      81F       0
                text41                             20BE     20BE       7A      81F       0
                text40                             2A04     2A04        6      81F       0
                text39                             24E8     24E8       44      81F       0
                text38                             19F0     19F0      106      81F       0
                text37                             286C     286C       16      81F       0
                text36                             2856     2856       16      81F       0
                text35                             292E     292E       10      81F       0
                text34                             2358     2358       5C      81F       0
                text33                             29DC     29DC        8      81F       0
                text32                             27B2     27B2       22      81F       0
                text31                             2A4E     2A4E        4      81F       0
                text30                             2812     2812       18      81F       0
                text29                             1CB2     1CB2       AC      81F       0
                text28                             278E     278E       24      81F       0
                text27                             2840     2840       16      81F       0
                text26                             256A     256A       38      81F       0
                text25                             2988     2988        E      81F       0
                text24                             297A     297A        E      81F       0
                text23                             296C     296C        E      81F       0
                text22                             295E     295E        E      81F       0
                text21                             1F38     1F38       84      81F       0
                text20                             273C     273C       2A      81F       0
                text19                             2A4A     2A4A        4      81F       0
                text18                             2A46     2A46        4      81F       0
                text17                             15BC     15BC      198      81F       0
                text16                             1754     1754      174      81F       0
                text15                             2406     2406       4C      81F       0
                text14                             22FC     22FC       5C      81F       0
                text13                             282A     282A       16      81F       0
                text12                             27F4     27F4       1E      81F       0
                text11                             1EA2     1EA2       96      81F       0
                text10                             249E     249E       4A      81F       0
                text9                              252C     252C       3E      81F       0
                text8                              1AF6     1AF6       E6      81F       0
                text7                              103E     103E      34C      81F       0
                text6                              138A     138A      232      81F       0
                text5                              2138     2138       78      81F       0
                text4                              2690     2690       2C      81F       0
                text3                              2712     2712       2A      81F       0
                text2                              2224     2224       6C      81F       0
                text1                              291C     291C       12      81F       0
                text0                              1BDC     1BDC       D6      81F       0
                cstackCOMRAM                          1        1       32        1       1
                cstackBANK0                          60       60       4C       60       1
                bssBANK0                             AC       AC       46       60       1
                bssCOMRAM                            33       33       13        1       1
                cinit                              26E8     26E8       2A      81F       0
                nvBANK0                              F2       F2        8       60       1
                nvCOMRAM                             46       46        3        1       1

TOTAL           Name                               Link     Load   Length     Space
        CLASS   STACK          

        CLASS   CODE           
                init                                 1A       1A        4         0
                reset_vec                             0        0        4         0
                ivt0x8                                8        8       12         0
                text91                             2A40     2A40        6         0
                text90                             2A3A     2A3A        6         0
                text89                             2A34     2A34        6         0
                text88                             2906     2906       16         0
                text87                             28F0     28F0       16         0
                text86                             28DA     28DA       16         0
                text85                             23B4     23B4       52         0
                text84                             26BC     26BC       2C         0
                text83                             1FBC     1FBC       82         0
                text82                             27D4     27D4       20         0
                text81                             2632     2632       30         0
                text80                             2602     2602       30         0
                text79                             25D2     25D2       30         0
                text78                             25A2     25A2       30         0
                text77                             2452     2452       4C         0
                text76                             2A5E     2A5E        4         0
                text75                             2A5A     2A5A        4         0
                text74                             29D2     29D2        A         0
                text73                             2A2E     2A2E        6         0
                text72                             2A28     2A28        6         0
                text71                             29C8     29C8        A         0
                text70                             29BE     29BE        A         0
                text69                             29FC     29FC        8         0
                text68                             2A22     2A22        6         0
                text67                             28C4     28C4       16         0
                text66                             2A1C     2A1C        6         0
                text65                             2A16     2A16        6         0
                text64                             2A10     2A10        6         0
                text63                             2A0A     2A0A        6         0
                text62                             28AE     28AE       16         0
                text61                             2898     2898       16         0
                text60                             29F4     29F4        8         0
                text59                             29B2     29B2        C         0
                text58                             2662     2662       2E         0
                text57                             2882     2882       16         0
                text56                             18C8     18C8      128         0
                text55                             1E04     1E04       9E         0
                text54                             203E     203E       80         0
                text53                             1D5E     1D5E       A6         0
                text52                             29A4     29A4        E         0
                text51                             2A56     2A56        4         0
                text50                             2A52     2A52        4         0
                text49                             2766     2766       28         0
                text48                             29EC     29EC        8         0
                text47                             2996     2996        E         0
                text46                             29E4     29E4        8         0
                text45                             294E     294E       10         0
                text44                             2290     2290       6C         0
                text43                             21B0     21B0       74         0
                text42                             293E     293E       10         0
                text41                             20BE     20BE       7A         0
                text40                             2A04     2A04        6         0
                text39                             24E8     24E8       44         0
                text38                             19F0     19F0      106         0
                text37                             286C     286C       16         0
                text36                             2856     2856       16         0
                text35                             292E     292E       10         0
                text34                             2358     2358       5C         0
                text33                             29DC     29DC        8         0
                text32                             27B2     27B2       22         0
                text31                             2A4E     2A4E        4         0
                text30                             2812     2812       18         0
                text29                             1CB2     1CB2       AC         0
                text28                             278E     278E       24         0
                text27                             2840     2840       16         0
                text26                             256A     256A       38         0
                text25                             2988     2988        E         0
                text24                             297A     297A        E         0
                text23                             296C     296C        E         0
                text22                             295E     295E        E         0
                text21                             1F38     1F38       84         0
                text20                             273C     273C       2A         0
                text19                             2A4A     2A4A        4         0
                text18                             2A46     2A46        4         0
                text17                             15BC     15BC      198         0
                text16                             1754     1754      174         0
                text15                             2406     2406       4C         0
                text14                             22FC     22FC       5C         0
                text13                             282A     282A       16         0
                text12                             27F4     27F4       1E         0
                text11                             1EA2     1EA2       96         0
                text10                             249E     249E       4A         0
                text9                              252C     252C       3E         0
                text8                              1AF6     1AF6       E6         0
                text7                              103E     103E      34C         0
                text6                              138A     138A      232         0
                text5                              2138     2138       78         0
                text4                              2690     2690       2C         0
                text3                              2712     2712       2A         0
                text2                              2224     2224       6C         0
                text1                              291C     291C       12         0
                text0                              1BDC     1BDC       D6         0
                cinit                              26E8     26E8       2A         0

        CLASS   CONST          

        CLASS   SMALLCONST     
                smallconst                         1000     1000       3E         0

        CLASS   MEDIUMCONST    

        CLASS   COMRAM         
                cstackCOMRAM                          1        1       32         1
                bssCOMRAM                            33       33       13         1
                nvCOMRAM                             46       46        3         1

        CLASS   ABS1           

        CLASS   BIGRAM         

        CLASS   RAM            

        CLASS   BANK0          
                cstackBANK0                          60       60       4C         1
                bssBANK0                             AC       AC       46         1
                nvBANK0                              F2       F2        8         1

        CLASS   BANK1          

        CLASS   BANK2          

        CLASS   BANK3          

        CLASS   BANK4          

        CLASS   BANK5          

        CLASS   BANK6          

        CLASS   BANK7          

        CLASS   BANK8          

        CLASS   BANK9          

        CLASS   BANK10         

        CLASS   BANK11         

        CLASS   BANK12         

        CLASS   BANK13         

        CLASS   BANK14         

        CLASS   BANK15         

        CLASS   SFR            

        CLASS   FARRAM         

        CLASS   CONFIG         
                config                           300000   300000        A         0

        CLASS   IDLOC          
                idloc                            200000   200000       10         0

        CLASS   EEDATA         



SEGMENTS        Name                           Load    Length   Top    Selector   Space  Class

                reset_vec                      000000  000004  000004         0       0  CODE    
                cstackCOMRAM                   000001  000048  000049         1       1  COMRAM  
                ivt0x8                         000008  000016  00001E         4       0  CODE    
                cstackBANK0                    000060  00009A  0000FA        60       1  BANK0   
                smallconst                     001000  00003E  00103E       800       0  SMALLCON
                text7                          00103E  001A24  002A62       81F       0  CODE    
                idloc                          200000  000010  200010    200000       0  IDLOC   
                config                         300000  00000A  30000A    300000       0  CONFIG  


UNUSED ADDRESS RANGES

        Name                Unused          Largest block    Delta
        BANK0            0000FA-0000FF                6
        BANK1            000100-0001FF              100
        BANK10           000A00-000AFF              100
        BANK11           000B00-000BFF              100
        BANK12           000C00-000CFF              100
        BANK13           000D00-000DFF              100
        BANK14           000E00-000EFF              100
        BANK15           000F00-000FFF              100
        BANK2            000200-0002FF              100
        BANK3            000300-0003FF              100
        BANK4            000400-0004FF              100
        BANK5            000500-0005FF              100
        BANK6            000600-0006FF              100
        BANK7            000700-0007FF              100
        BANK8            000800-0008FF              100
        BANK9            000900-0009FF              100
        BIGRAM           000049-00005F               17
                         0000FA-000FFF              F06
        CODE             000004-000007                4
                         00001E-000FFF              FE2
                         002A62-00FFFF             D59E
        COMRAM           000049-00005F               17
        CONST            000004-000007                4
                         00001E-000FFF              FE2
                         002A62-00FFFF             D59E
        EEDATA           310000-3103FF              400
        MEDIUMCONST      002A62-00FFFF             D59E
        RAM              0000FA-000FFF              100
        SFR              003800-003FFF              100
        SMALLCONST       002A62-00FFFF              100
        STACK            0000FA-000FFF              F06

                                  Symbol Table

?_ADCC_GetConversionResult                    cstackCOMRAM 000018
?_TMR1_ReadTimer                              cstackCOMRAM 000018
?___aodiv                                     cstackCOMRAM 000018
?___aomod                                     cstackCOMRAM 000018
?_abs                                         cstackCOMRAM 00002A
?_dtoa                                        cstackBANK0  000064
?_pad                                         cstackCOMRAM 00002A
?_printf                                      cstackBANK0  0000A0
?_strlen                                      cstackCOMRAM 000018
?_timeGet                                     cstackCOMRAM 000020
?_vfpfcnvrt                                   cstackBANK0  000088
?_vfprintf                                    cstackBANK0  000098
ADCC_StartConversion@channel                  cstackCOMRAM 000018
I2C1_CallbackReturnReset@funPtr               cstackCOMRAM 00000A
I2C1_DO_RX@retFsmState                        cstackCOMRAM 000010
I2C1_DO_TX@dataTx                             cstackCOMRAM 000010
I2C1_DO_TX@retFsmState                        cstackCOMRAM 000011
I2C1_MasterSendTxData@data                    cstackCOMRAM 000001
I2C1_MasterSetCounter@counter                 cstackCOMRAM 000001
I2C1_SetBuffer@buffer                         cstackCOMRAM 000001
I2C1_SetBuffer@bufferSize                     cstackCOMRAM 000003
I2C1_SetCallback@cb                           cstackCOMRAM 000001
I2C1_SetCallback@idx                          cstackCOMRAM 000005
I2C1_SetCallback@ptr                          cstackCOMRAM 000003
I2C1_SetDataCompleteCallback@cb               cstackCOMRAM 000006
I2C1_SetDataCompleteCallback@ptr              cstackCOMRAM 000008
IVTBASEH                                      (abs)        003FD6
IVTBASEL                                      (abs)        003FD5
IVTBASEU                                      (abs)        003FD7
TMR1_ReadTimer@readVal                        cstackCOMRAM 00001C
TMR1_ReadTimer@readValHigh                    cstackCOMRAM 00001E
TMR1_ReadTimer@readValLow                     cstackCOMRAM 00001F
UART1_SetErrorHandler@interruptHandler        cstackCOMRAM 000018
UART1_SetFramingErrorHandler@interruptHandler cstackCOMRAM 000018
UART1_SetOverrunErrorHandler@interruptHandler cstackCOMRAM 000018
UART1_SetTxInterruptHandler@InterruptHandler  cstackCOMRAM 000018
UART1_Write@txData                            cstackCOMRAM 000018
_ADACCH                                       (abs)        003EE9
_ADACCL                                       (abs)        003EE8
_ADACCU                                       (abs)        003EEA
_ADACQH                                       (abs)        003EF4
_ADACQL                                       (abs)        003EF3
_ADACT                                        (abs)        003EFE
_ADCAP                                        (abs)        003EF5
_ADCC_GetConversionResult                     text37       00286C
_ADCC_Initialize                              text34       002358
_ADCC_IsConversionDone                        text36       002856
_ADCC_StartConversion                         text35       00292E
_ADCLK                                        (abs)        003EFF
_ADCNT                                        (abs)        003EEB
_ADCON0                                       (abs)        003EF8
_ADCON0bits                                   (abs)        003EF8
_ADCON1                                       (abs)        003EF9
_ADCON1bits                                   (abs)        003EF9
_ADCON2                                       (abs)        003EFA
_ADCON2bits                                   (abs)        003EFA
_ADCON3                                       (abs)        003EFB
_ADCON3bits                                   (abs)        003EFB
_ADERRH                                       (abs)        003EE3
_ADERRL                                       (abs)        003EE2
_ADFLTRH                                      (abs)        003EE7
_ADFLTRL                                      (abs)        003EE6
_ADLTHH                                       (abs)        003EDF
_ADLTHL                                       (abs)        003EDE
_ADPCH                                        (abs)        003EF1
_ADPREH                                       (abs)        003EF7
_ADPREL                                       (abs)        003EF6
_ADPREVH                                      (abs)        003EEE
_ADPREVL                                      (abs)        003EED
_ADREF                                        (abs)        003EFD
_ADRESH                                       (abs)        003EF0
_ADRESL                                       (abs)        003EEF
_ADRPT                                        (abs)        003EEC
_ADSTAT                                       (abs)        003EFC
_ADSTATbits                                   (abs)        003EFC
_ADSTPTH                                      (abs)        003EE5
_ADSTPTL                                      (abs)        003EE4
_ADUTHH                                       (abs)        003EE1
_ADUTHL                                       (abs)        003EE0
_ANSELA                                       (abs)        003A40
_ANSELB                                       (abs)        003A50
_ANSELC                                       (abs)        003A60
_ANSELD                                       (abs)        003A70
_ANSELE                                       (abs)        003A80
_FVRCON                                       (abs)        003EC1
_FVRCONbits                                   (abs)        003EC1
_FVR_Initialize                               text33       0029DC
_I2C1CLK                                      (abs)        003D7B
_I2C1CNT                                      (abs)        003D6C
_I2C1CON0                                     (abs)        003D73
_I2C1CON0bits                                 (abs)        003D73
_I2C1CON1                                     (abs)        003D74
_I2C1CON1bits                                 (abs)        003D74
_I2C1CON2                                     (abs)        003D75
_I2C1ERR                                      (abs)        003D76
_I2C1ERRbits                                  (abs)        003D76
_I2C1PIE                                      (abs)        003D7A
_I2C1PIEbits                                  (abs)        003D7A
_I2C1PIR                                      (abs)        003D79
_I2C1PIRbits                                  (abs)        003D79
_I2C1RXB                                      (abs)        003D6A
_I2C1SCLPPS                                   (abs)        003AE1
_I2C1SDAPPS                                   (abs)        003AE2
_I2C1STAT1bits                                (abs)        003D78
_I2C1TXB                                      (abs)        003D6B
_I2C1_CallbackReturnReset                     text75       002A5A
_I2C1_CallbackReturnStop                      text76       002A5E
_I2C1_ClearInterruptFlags                     text85       0023B4
_I2C1_DO_ADDRESS_NACK                         text44       002290
_I2C1_DO_BUS_COLLISION                        text43       0021B0
_I2C1_DO_BUS_ERROR                            text42       00293E
_I2C1_DO_IDLE                                 text59       0029B2
_I2C1_DO_RESET                                text45       00294E
_I2C1_DO_RX                                   text55       001E04
_I2C1_DO_RX_ACK                               text48       0029EC
_I2C1_DO_RX_EMPTY                             text53       001D5E
_I2C1_DO_RX_NACK_RESTART                      text46       0029E4
_I2C1_DO_RX_NACK_STOP                         text47       002996
_I2C1_DO_SEND_ADR_READ                        text58       002662
_I2C1_DO_SEND_ADR_WRITE                       text57       002882
_I2C1_DO_SEND_RESTART                         text50       002A52
_I2C1_DO_SEND_RESTART_READ                    text52       0029A4
_I2C1_DO_SEND_RESTART_WRITE                   text51       002A56
_I2C1_DO_SEND_STOP                            text49       002766
_I2C1_DO_TX                                   text56       0018C8
_I2C1_DO_TX$1303                              cstackCOMRAM 00000E
_I2C1_DO_TX_ACK                               text60       0029F4
_I2C1_DO_TX_EMPTY                             text54       00203E
_I2C1_Initialize                              text32       0027B2
_I2C1_InterruptHandler                        bssCOMRAM    000041
_I2C1_MasterClearCountFlag                    text91       002A40
_I2C1_MasterClearIrq                          text69       0029FC
_I2C1_MasterClearNackFlag                     text90       002A3A
_I2C1_MasterClearStopFlag                     text89       002A34
_I2C1_MasterDisableRestart                    text73       002A2E
_I2C1_MasterEnableRestart                     text72       002A28
_I2C1_MasterFsm                               text41       0020BE
_I2C1_MasterGetCounter                        text63       002A0A
_I2C1_MasterGetRxData                         text68       002A22
_I2C1_MasterIsCountFlagSet                    text88       002906
_I2C1_MasterIsNack                            text62       0028AE
_I2C1_MasterIsNackFlagSet                     text87       0028F0
_I2C1_MasterIsRxBufFull                       text67       0028C4
_I2C1_MasterIsStopFlagSet                     text86       0028DA
_I2C1_MasterIsTxBufEmpty                      text61       002898
_I2C1_MasterIsr                               text40       002A04
_I2C1_MasterResetBus                          text74       0029D2
_I2C1_MasterSendAck                           text66       002A1C
_I2C1_MasterSendNack                          text65       002A16
_I2C1_MasterSendTxData                        text70       0029BE
_I2C1_MasterSetCounter                        text71       0029C8
_I2C1_MasterStop                              text64       002A10
_I2C1_SetBuffer                               text84       0026BC
_I2C1_SetCallback                             text83       001FBC
_I2C1_SetDataCompleteCallback                 text82       0027D4
_I2C1_Status                                  bssBANK0     0000AC
_INLVLA                                       (abs)        003A44
_INLVLB                                       (abs)        003A54
_INLVLC                                       (abs)        003A64
_INLVLD                                       (abs)        003A74
_INLVLE                                       (abs)        003A84
_INTCON0bits                                  (abs)        003FD2
_INTERRUPT_Initialize                         text31       002A4E
_INTERRUPT_InterruptManager                   text38       0019F0
_LATA                                         (abs)        003FBA
_LATAbits                                     (abs)        003FBA
_LATB                                         (abs)        003FBB
_LATC                                         (abs)        003FBC
_LATD                                         (abs)        003FBD
_LATE                                         (abs)        003FBE
_ODCONA                                       (abs)        003A42
_ODCONB                                       (abs)        003A52
_ODCONC                                       (abs)        003A62
_ODCOND                                       (abs)        003A72
_ODCONE                                       (abs)        003A82
_OSCCON1                                      (abs)        0039D9
_OSCCON3                                      (abs)        0039DB
_OSCEN                                        (abs)        0039DD
_OSCFRQ                                       (abs)        0039DF
_OSCILLATOR_Initialize                        text30       002812
_OSCTUNE                                      (abs)        0039DE
_PIE2bits                                     (abs)        003992
_PIE3bits                                     (abs)        003993
_PIN_MANAGER_Initialize                       text29       001CB2
_PIR2bits                                     (abs)        0039A2
_PIR3bits                                     (abs)        0039A3
_PIR4bits                                     (abs)        0039A4
_PMD0                                         (abs)        0039C0
_PMD1                                         (abs)        0039C1
_PMD2                                         (abs)        0039C2
_PMD3                                         (abs)        0039C3
_PMD4                                         (abs)        0039C4
_PMD5                                         (abs)        0039C5
_PMD6                                         (abs)        0039C6
_PMD7                                         (abs)        0039C7
_PMD_Initialize                               text28       00278E
_RB1I2C                                       (abs)        003A5A
_RB2I2C                                       (abs)        003A5B
_RC1PPS                                       (abs)        003A11
_RC3I2C                                       (abs)        003A6A
_RC3PPS                                       (abs)        003A13
_RC4I2C                                       (abs)        003A6B
_RC4PPS                                       (abs)        003A14
_RD0I2C                                       (abs)        003A7A
_RD1I2C                                       (abs)        003A7B
_SLRCONA                                      (abs)        003A43
_SLRCONB                                      (abs)        003A53
_SLRCONC                                      (abs)        003A63
_SLRCOND                                      (abs)        003A73
_SLRCONE                                      (abs)        003A83
_SYSTEM_Initialize                            text20       00273C
_T0CON0                                       (abs)        003FB8
_T0CON0bits                                   (abs)        003FB8
_T0CON1                                       (abs)        003FB9
_T1CLK                                        (abs)        003FB5
_T1CON                                        (abs)        003FB2
_T1CONbits                                    (abs)        003FB2
_T1GATE                                       (abs)        003FB4
_T1GCON                                       (abs)        003FB3
_T1GCONbits                                   (abs)        003FB3
_TMR0H                                        (abs)        003FB7
_TMR0L                                        (abs)        003FB6
_TMR0_Initialize                              text27       002840
_TMR0_StartTimer                              text19       002A4A
_TMR1H                                        (abs)        003FB1
_TMR1L                                        (abs)        003FB0
_TMR1_Initialize                              text26       00256A
_TMR1_ReadTimer                               text3        002712
_TMR1_StartTimer                              text18       002A46
_TRISA                                        (abs)        003FC2
_TRISB                                        (abs)        003FC3
_TRISC                                        (abs)        003FC4
_TRISD                                        (abs)        003FC5
_TRISE                                        (abs)        003FC6
_U1BRGH                                       (abs)        003DF6
_U1BRGL                                       (abs)        003DF5
_U1CON0                                       (abs)        003DF2
_U1CON1                                       (abs)        003DF3
_U1CON2                                       (abs)        003DF4
_U1ERRIE                                      (abs)        003DFA
_U1ERRIR                                      (abs)        003DF9
_U1ERRIRbits                                  (abs)        003DF9
_U1FIFO                                       (abs)        003DF7
_U1P1H                                        (abs)        003DED
_U1P1L                                        (abs)        003DEC
_U1P2H                                        (abs)        003DEF
_U1P2L                                        (abs)        003DEE
_U1P3H                                        (abs)        003DF1
_U1P3L                                        (abs)        003DF0
_U1RXB                                        (abs)        003DE8
_U1RXPPS                                      (abs)        003AE5
_U1TXB                                        (abs)        003DEA
_U1UIR                                        (abs)        003DF8
_UART1_DefaultErrorHandler                    (abs)        000000
_UART1_DefaultFramingErrorHandler             (abs)        000000
_UART1_DefaultOverrunErrorHandler             (abs)        000000
_UART1_ErrorHandler                           nvBANK0      0000F2
_UART1_FramingErrorHandler                    nvBANK0      0000F6
_UART1_Initialize                             text21       001F38
_UART1_OverrunErrorHandler                    nvBANK0      0000F4
_UART1_SetErrorHandler                        text25       002988
_UART1_SetFramingErrorHandler                 text24       00297A
_UART1_SetOverrunErrorHandler                 text23       00296C
_UART1_SetTxInterruptHandler                  text22       00295E
_UART1_Transmit_ISR                           text39       0024E8
_UART1_TxInterruptHandler                     nvBANK0      0000F8
_UART1_Write                                  text14       0022FC
_UART1_is_tx_ready                            text13       00282A
_WPUA                                         (abs)        003A41
_WPUB                                         (abs)        003A51
_WPUC                                         (abs)        003A61
_WPUD                                         (abs)        003A71
_WPUE                                         (abs)        003A81
__CFG_BBEN$OFF                                (abs)        000000
__CFG_BBSIZE$BBSIZE_512                       (abs)        000000
__CFG_BOREN$SBORDIS                           (abs)        000000
__CFG_BORV$VBOR_2P45                          (abs)        000000
__CFG_CLKOUTEN$OFF                            (abs)        000000
__CFG_CP$OFF                                  (abs)        000000
__CFG_CSWEN$ON                                (abs)        000000
__CFG_DEBUG$OFF                               (abs)        000000
__CFG_FCMEN$ON                                (abs)        000000
__CFG_FEXTOSC$OFF                             (abs)        000000
__CFG_IVT1WAY$ON                              (abs)        000000
__CFG_LPBOREN$OFF                             (abs)        000000
__CFG_LVP$ON                                  (abs)        000000
__CFG_MCLRE$EXTMCLR                           (abs)        000000
__CFG_MVECEN$OFF                              (abs)        000000
__CFG_PPS1WAY$ON                              (abs)        000000
__CFG_PR1WAY$ON                               (abs)        000000
__CFG_PWRTS$PWRT_OFF                          (abs)        000000
__CFG_RSTOSC$HFINTOSC_64MHZ                   (abs)        000000
__CFG_SAFEN$OFF                               (abs)        000000
__CFG_STVREN$ON                               (abs)        000000
__CFG_WDTCCS$SC                               (abs)        000000
__CFG_WDTCPS$WDTCPS_31                        (abs)        000000
__CFG_WDTCWS$WDTCWS_7                         (abs)        000000
__CFG_WDTE$OFF                                (abs)        000000
__CFG_WRTAPP$OFF                              (abs)        000000
__CFG_WRTB$OFF                                (abs)        000000
__CFG_WRTC$OFF                                (abs)        000000
__CFG_WRTD$OFF                                (abs)        000000
__CFG_WRTSAF$OFF                              (abs)        000000
__CFG_XINST$OFF                               (abs)        000000
__CFG_ZCD$OFF                                 (abs)        000000
__HRAM                                        (abs)        000000
__Habs1                                       abs1         000000
__Hbank0                                      bank0        000000
__Hbank1                                      bank1        000000
__Hbank10                                     bank10       000000
__Hbank11                                     bank11       000000
__Hbank12                                     bank12       000000
__Hbank13                                     bank13       000000
__Hbank14                                     bank14       000000
__Hbank15                                     bank15       000000
__Hbank2                                      bank2        000000
__Hbank3                                      bank3        000000
__Hbank4                                      bank4        000000
__Hbank5                                      bank5        000000
__Hbank6                                      bank6        000000
__Hbank7                                      bank7        000000
__Hbank8                                      bank8        000000
__Hbank9                                      bank9        000000
__Hbigbss                                     bigbss       000000
__Hbigdata                                    bigdata      000000
__Hbigram                                     bigram       000000
__Hbss                                        bss          000000
__HbssBANK0                                   bssBANK0     000000
__HbssCOMRAM                                  bssCOMRAM    000000
__Hcinit                                      cinit        000000
__Hclrtext                                    clrtext      000000
__Hcomram                                     comram       000000
__Hconfig                                     config       30000A
__Hconst                                      const        000000
__HcstackBANK0                                cstackBANK0  000000
__HcstackCOMRAM                               cstackCOMRAM 000000
__Hdata                                       data         000000
__Heeprom_data                                eeprom_data  000000
__Hfarbss                                     farbss       000000
__Hfardata                                    fardata      000000
__Hibigdata                                   ibigdata     000000
__Hidata                                      idata        000000
__Hidloc                                      idloc        200010
__Hifardata                                   ifardata     000000
__Hinit                                       init         00001E
__Hintsave_regs                               intsave_regs 000000
__Hirdata                                     irdata       000000
__Hivt0x8                                     ivt0x8       00001A
__Hmediumconst                                mediumconst  000000
__HnvBANK0                                    nvBANK0      000000
__HnvCOMRAM                                   nvCOMRAM     000000
__HnvFARRAM                                   nvFARRAM     000000
__Hnvbit                                      nvbit        000000
__Hnvrram                                     nvrram       000000
__Hparam                                      rparam       000000
__Hpowerup                                    powerup      000000
__Hram                                        ram          000000
__Hramtop                                     ramtop       001000
__Hrbit                                       rbit         000000
__Hrbss                                       rbss         000000
__Hrdata                                      rdata        000000
__Hreset_vec                                  reset_vec    000004
__Hrparam                                     rparam       000000
__Hsfr                                        sfr          000000
__Hsmallconst                                 smallconst   00103E
__Hspace_0                                    (abs)        30000A
__Hspace_1                                    (abs)        0000FA
__Hspace_2                                    (abs)        000000
__Hstack                                      stack        000000
__Hstruct                                     struct       000000
__Htemp                                       temp         000000
__Htext                                       text         000000
__Htext0                                      text0        000000
__Htext1                                      text1        000000
__Htext10                                     text10       000000
__Htext11                                     text11       000000
__Htext12                                     text12       000000
__Htext13                                     text13       000000
__Htext14                                     text14       000000
__Htext15                                     text15       000000
__Htext16                                     text16       000000
__Htext17                                     text17       000000
__Htext18                                     text18       000000
__Htext19                                     text19       000000
__Htext2                                      text2        000000
__Htext20                                     text20       000000
__Htext21                                     text21       000000
__Htext22                                     text22       000000
__Htext23                                     text23       000000
__Htext24                                     text24       000000
__Htext25                                     text25       000000
__Htext26                                     text26       000000
__Htext27                                     text27       000000
__Htext28                                     text28       000000
__Htext29                                     text29       000000
__Htext3                                      text3        000000
__Htext30                                     text30       000000
__Htext31                                     text31       000000
__Htext32                                     text32       000000
__Htext33                                     text33       000000
__Htext34                                     text34       000000
__Htext35                                     text35       000000
__Htext36                                     text36       000000
__Htext37                                     text37       000000
__Htext38                                     text38       000000
__Htext39                                     text39       000000
__Htext4                                      text4        000000
__Htext40                                     text40       000000
__Htext41                                     text41       000000
__Htext42                                     text42       000000
__Htext43                                     text43       000000
__Htext44                                     text44       000000
__Htext45                                     text45       000000
__Htext46                                     text46       000000
__Htext47                                     text47       000000
__Htext48                                     text48       000000
__Htext49                                     text49       000000
__Htext5                                      text5        000000
__Htext50                                     text50       000000
__Htext51                                     text51       000000
__Htext52                                     text52       000000
__Htext53                                     text53       000000
__Htext54                                     text54       000000
__Htext55                                     text55       000000
__Htext56                                     text56       000000
__Htext57                                     text57       000000
__Htext58                                     text58       000000
__Htext59                                     text59       000000
__Htext6                                      text6        000000
__Htext60                                     text60       000000
__Htext61                                     text61       000000
__Htext62                                     text62       000000
__Htext63                                     text63       000000
__Htext64                                     text64       000000
__Htext65                                     text65       000000
__Htext66                                     text66       000000
__Htext67                                     text67       000000
__Htext68                                     text68       000000
__Htext69                                     text69       000000
__Htext7                                      text7        000000
__Htext70                                     text70       000000
__Htext71                                     text71       000000
__Htext72                                     text72       000000
__Htext73                                     text73       000000
__Htext74                                     text74       000000
__Htext75                                     text75       000000
__Htext76                                     text76       000000
__Htext77                                     text77       000000
__Htext78                                     text78       000000
__Htext79                                     text79       000000
__Htext8                                      text8        000000
__Htext80                                     text80       000000
__Htext81                                     text81       000000
__Htext82                                     text82       000000
__Htext83                                     text83       000000
__Htext84                                     text84       000000
__Htext85                                     text85       000000
__Htext86                                     text86       000000
__Htext87                                     text87       000000
__Htext88                                     text88       000000
__Htext89                                     text89       000000
__Htext9                                      text9        000000
__Htext90                                     text90       000000
__Htext91                                     text91       000000
__Htext92                                     text92       000000
__LRAM                                        (abs)        000001
__Labs1                                       abs1         000000
__Lbank0                                      bank0        000000
__Lbank1                                      bank1        000000
__Lbank10                                     bank10       000000
__Lbank11                                     bank11       000000
__Lbank12                                     bank12       000000
__Lbank13                                     bank13       000000
__Lbank14                                     bank14       000000
__Lbank15                                     bank15       000000
__Lbank2                                      bank2        000000
__Lbank3                                      bank3        000000
__Lbank4                                      bank4        000000
__Lbank5                                      bank5        000000
__Lbank6                                      bank6        000000
__Lbank7                                      bank7        000000
__Lbank8                                      bank8        000000
__Lbank9                                      bank9        000000
__Lbigbss                                     bigbss       000000
__Lbigdata                                    bigdata      000000
__Lbigram                                     bigram       000000
__Lbss                                        bss          000000
__LbssBANK0                                   bssBANK0     000000
__LbssCOMRAM                                  bssCOMRAM    000000
__Lcinit                                      cinit        000000
__Lclrtext                                    clrtext      000000
__Lcomram                                     comram       000000
__Lconfig                                     config       300000
__Lconst                                      const        000000
__LcstackBANK0                                cstackBANK0  000000
__LcstackCOMRAM                               cstackCOMRAM 000000
__Ldata                                       data         000000
__Leeprom_data                                eeprom_data  000000
__Lfarbss                                     farbss       000000
__Lfardata                                    fardata      000000
__Libigdata                                   ibigdata     000000
__Lidata                                      idata        000000
__Lidloc                                      idloc        200000
__Lifardata                                   ifardata     000000
__Linit                                       init         00001A
__Lintsave_regs                               intsave_regs 000000
__Lirdata                                     irdata       000000
__Livt0x8                                     ivt0x8       000008
__Lmediumconst                                mediumconst  000000
__LnvBANK0                                    nvBANK0      000000
__LnvCOMRAM                                   nvCOMRAM     000000
__LnvFARRAM                                   nvFARRAM     000000
__Lnvbit                                      nvbit        000000
__Lnvrram                                     nvrram       000000
__Lparam                                      rparam       000000
__Lpowerup                                    powerup      000000
__Lram                                        ram          000000
__Lramtop                                     ramtop       001000
__Lrbit                                       rbit         000000
__Lrbss                                       rbss         000000
__Lrdata                                      rdata        000000
__Lreset_vec                                  reset_vec    000000
__Lrparam                                     rparam       000000
__Lsfr                                        sfr          000000
__Lsmallconst                                 smallconst   001000
__Lspace_0                                    (abs)        000000
__Lspace_1                                    (abs)        000000
__Lspace_2                                    (abs)        000000
__Lstack                                      stack        000000
__Lstruct                                     struct       000000
__Ltemp                                       temp         000000
__Ltext                                       text         000000
__Ltext0                                      text0        000000
__Ltext1                                      text1        000000
__Ltext10                                     text10       000000
__Ltext11                                     text11       000000
__Ltext12                                     text12       000000
__Ltext13                                     text13       000000
__Ltext14                                     text14       000000
__Ltext15                                     text15       000000
__Ltext16                                     text16       000000
__Ltext17                                     text17       000000
__Ltext18                                     text18       000000
__Ltext19                                     text19       000000
__Ltext2                                      text2        000000
__Ltext20                                     text20       000000
__Ltext21                                     text21       000000
__Ltext22                                     text22       000000
__Ltext23                                     text23       000000
__Ltext24                                     text24       000000
__Ltext25                                     text25       000000
__Ltext26                                     text26       000000
__Ltext27                                     text27       000000
__Ltext28                                     text28       000000
__Ltext29                                     text29       000000
__Ltext3                                      text3        000000
__Ltext30                                     text30       000000
__Ltext31                                     text31       000000
__Ltext32                                     text32       000000
__Ltext33                                     text33       000000
__Ltext34                                     text34       000000
__Ltext35                                     text35       000000
__Ltext36                                     text36       000000
__Ltext37                                     text37       000000
__Ltext38                                     text38       000000
__Ltext39                                     text39       000000
__Ltext4                                      text4        000000
__Ltext40                                     text40       000000
__Ltext41                                     text41       000000
__Ltext42                                     text42       000000
__Ltext43                                     text43       000000
__Ltext44                                     text44       000000
__Ltext45                                     text45       000000
__Ltext46                                     text46       000000
__Ltext47                                     text47       000000
__Ltext48                                     text48       000000
__Ltext49                                     text49       000000
__Ltext5                                      text5        000000
__Ltext50                                     text50       000000
__Ltext51                                     text51       000000
__Ltext52                                     text52       000000
__Ltext53                                     text53       000000
__Ltext54                                     text54       000000
__Ltext55                                     text55       000000
__Ltext56                                     text56       000000
__Ltext57                                     text57       000000
__Ltext58                                     text58       000000
__Ltext59                                     text59       000000
__Ltext6                                      text6        000000
__Ltext60                                     text60       000000
__Ltext61                                     text61       000000
__Ltext62                                     text62       000000
__Ltext63                                     text63       000000
__Ltext64                                     text64       000000
__Ltext65                                     text65       000000
__Ltext66                                     text66       000000
__Ltext67                                     text67       000000
__Ltext68                                     text68       000000
__Ltext69                                     text69       000000
__Ltext7                                      text7        000000
__Ltext70                                     text70       000000
__Ltext71                                     text71       000000
__Ltext72                                     text72       000000
__Ltext73                                     text73       000000
__Ltext74                                     text74       000000
__Ltext75                                     text75       000000
__Ltext76                                     text76       000000
__Ltext77                                     text77       000000
__Ltext78                                     text78       000000
__Ltext79                                     text79       000000
__Ltext8                                      text8        000000
__Ltext80                                     text80       000000
__Ltext81                                     text81       000000
__Ltext82                                     text82       000000
__Ltext83                                     text83       000000
__Ltext84                                     text84       000000
__Ltext85                                     text85       000000
__Ltext86                                     text86       000000
__Ltext87                                     text87       000000
__Ltext88                                     text88       000000
__Ltext89                                     text89       000000
__Ltext9                                      text9        000000
__Ltext90                                     text90       000000
__Ltext91                                     text91       000000
__Ltext92                                     text92       000000
__S0                                          (abs)        30000A
__S1                                          (abs)        0000FA
__S2                                          (abs)        000000
___aodiv                                      text17       0015BC
___aodiv@counter                              cstackCOMRAM 000028
___aodiv@dividend                             cstackCOMRAM 000018
___aodiv@divisor                              cstackCOMRAM 000020
___aodiv@quotient                             cstackCOMRAM 00002A
___aodiv@sign                                 cstackCOMRAM 000029
___aomod                                      text16       001754
___aomod@counter                              cstackCOMRAM 000028
___aomod@dividend                             cstackCOMRAM 000018
___aomod@divisor                              cstackCOMRAM 000020
___aomod@sign                                 cstackCOMRAM 000029
___inthi_sp                                   stack        000000
___intlo_sp                                   stack        000000
___param_bank                                 (abs)        000000
___rparam_used                                (abs)        000001
___sp                                         stack        000000
__accesstop                                   (abs)        000060
__activetblptr                                (abs)        000003
__end_of_ADCC_GetConversionResult             text37       002882
__end_of_ADCC_Initialize                      text34       0023B4
__end_of_ADCC_IsConversionDone                text36       00286C
__end_of_ADCC_StartConversion                 text35       00293E
__end_of_FVR_Initialize                       text33       0029E4
__end_of_I2C1_CallbackReturnReset             text75       002A5E
__end_of_I2C1_CallbackReturnStop              text76       002A62
__end_of_I2C1_ClearInterruptFlags             text85       002406
__end_of_I2C1_DO_ADDRESS_NACK                 text44       0022FC
__end_of_I2C1_DO_BUS_COLLISION                text43       002224
__end_of_I2C1_DO_BUS_ERROR                    text42       00294E
__end_of_I2C1_DO_IDLE                         text59       0029BE
__end_of_I2C1_DO_RESET                        text45       00295E
__end_of_I2C1_DO_RX                           text55       001EA2
__end_of_I2C1_DO_RX_ACK                       text48       0029F4
__end_of_I2C1_DO_RX_EMPTY                     text53       001E04
__end_of_I2C1_DO_RX_NACK_RESTART              text46       0029EC
__end_of_I2C1_DO_RX_NACK_STOP                 text47       0029A4
__end_of_I2C1_DO_SEND_ADR_READ                text58       002690
__end_of_I2C1_DO_SEND_ADR_WRITE               text57       002898
__end_of_I2C1_DO_SEND_RESTART                 text50       002A56
__end_of_I2C1_DO_SEND_RESTART_READ            text52       0029B2
__end_of_I2C1_DO_SEND_RESTART_WRITE           text51       002A5A
__end_of_I2C1_DO_SEND_STOP                    text49       00278E
__end_of_I2C1_DO_TX                           text56       0019F0
__end_of_I2C1_DO_TX_ACK                       text60       0029FC
__end_of_I2C1_DO_TX_EMPTY                     text54       0020BE
__end_of_I2C1_Initialize                      text32       0027D4
__end_of_I2C1_MasterClearCountFlag            text91       002A46
__end_of_I2C1_MasterClearIrq                  text69       002A04
__end_of_I2C1_MasterClearNackFlag             text90       002A40
__end_of_I2C1_MasterClearStopFlag             text89       002A3A
__end_of_I2C1_MasterDisableRestart            text73       002A34
__end_of_I2C1_MasterEnableRestart             text72       002A2E
__end_of_I2C1_MasterFsm                       text41       002138
__end_of_I2C1_MasterGetCounter                text63       002A10
__end_of_I2C1_MasterGetRxData                 text68       002A28
__end_of_I2C1_MasterIsCountFlagSet            text88       00291C
__end_of_I2C1_MasterIsNack                    text62       0028C4
__end_of_I2C1_MasterIsNackFlagSet             text87       002906
__end_of_I2C1_MasterIsRxBufFull               text67       0028DA
__end_of_I2C1_MasterIsStopFlagSet             text86       0028F0
__end_of_I2C1_MasterIsTxBufEmpty              text61       0028AE
__end_of_I2C1_MasterIsr                       text40       002A0A
__end_of_I2C1_MasterResetBus                  text74       0029DC
__end_of_I2C1_MasterSendAck                   text66       002A22
__end_of_I2C1_MasterSendNack                  text65       002A1C
__end_of_I2C1_MasterSendTxData                text70       0029C8
__end_of_I2C1_MasterSetCounter                text71       0029D2
__end_of_I2C1_MasterStop                      text64       002A16
__end_of_I2C1_SetBuffer                       text84       0026E8
__end_of_I2C1_SetCallback                     text83       00203E
__end_of_I2C1_SetDataCompleteCallback         text82       0027F4
__end_of_INTERRUPT_Initialize                 text31       002A52
__end_of_INTERRUPT_InterruptManager           text38       001AF6
__end_of_OSCILLATOR_Initialize                text30       00282A
__end_of_PIN_MANAGER_Initialize               text29       001D5E
__end_of_PMD_Initialize                       text28       0027B2
__end_of_SYSTEM_Initialize                    text20       002766
__end_of_TMR0_Initialize                      text27       002856
__end_of_TMR0_StartTimer                      text19       002A4E
__end_of_TMR1_Initialize                      text26       0025A2
__end_of_TMR1_ReadTimer                       text3        00273C
__end_of_TMR1_StartTimer                      text18       002A4A
__end_of_UART1_Initialize                     text21       001FBC
__end_of_UART1_SetErrorHandler                text25       002996
__end_of_UART1_SetFramingErrorHandler         text24       002988
__end_of_UART1_SetOverrunErrorHandler         text23       00297A
__end_of_UART1_SetTxInterruptHandler          text22       00296C
__end_of_UART1_Transmit_ISR                   text39       00252C
__end_of_UART1_Write                          text14       002358
__end_of_UART1_is_tx_ready                    text13       002840
__end_of___aodiv                              text17       001754
__end_of___aomod                              text16       0018C8
__end_of__initialization                      cinit        00270C
__end_of_abs                                  text15       002452
__end_of_dtoa                                 text7        00138A
__end_of_fputc                                text11       001F38
__end_of_fputs                                text10       0024E8
__end_of_fsmStateTable                        smallconst   001027
__end_of_main                                 text0        001CB2
__end_of_pad                                  text8        001BDC
__end_of_printf                               text4        0026BC
__end_of_putch                                text12       002812
__end_of_rd1RegCompleteHandler                text80       002632
__end_of_rd2RegCompleteHandler                text79       002602
__end_of_rdBlkRegCompleteHandler              text77       00249E
__end_of_strlen                               text9        00256A
__end_of_timeElapsedR                         text2        002290
__end_of_timeGet                              text1        00292E
__end_of_vfpfcnvrt                            text6        0015BC
__end_of_vfprintf                             text5        0021B0
__end_of_wr1RegCompleteHandler                text78       0025D2
__end_of_wr2RegCompleteHandler                text81       002662
__initialization                              cinit        0026E8
__mediumconst                                 mediumconst  000000
__pbssBANK0                                   bssBANK0     0000AC
__pbssCOMRAM                                  bssCOMRAM    000033
__pcinit                                      cinit        0026E8
__pcstackBANK0                                cstackBANK0  000060
__pcstackCOMRAM                               cstackCOMRAM 000001
__pivt0x8                                     ivt0x8       000008
__pnvBANK0                                    nvBANK0      0000F2
__pnvCOMRAM                                   nvCOMRAM     000046
__psmallconst                                 smallconst   001000
__ptext0                                      text0        001BDC
__ptext1                                      text1        00291C
__ptext10                                     text10       00249E
__ptext11                                     text11       001EA2
__ptext12                                     text12       0027F4
__ptext13                                     text13       00282A
__ptext14                                     text14       0022FC
__ptext15                                     text15       002406
__ptext16                                     text16       001754
__ptext17                                     text17       0015BC
__ptext18                                     text18       002A46
__ptext19                                     text19       002A4A
__ptext2                                      text2        002224
__ptext20                                     text20       00273C
__ptext21                                     text21       001F38
__ptext22                                     text22       00295E
__ptext23                                     text23       00296C
__ptext24                                     text24       00297A
__ptext25                                     text25       002988
__ptext26                                     text26       00256A
__ptext27                                     text27       002840
__ptext28                                     text28       00278E
__ptext29                                     text29       001CB2
__ptext3                                      text3        002712
__ptext30                                     text30       002812
__ptext31                                     text31       002A4E
__ptext32                                     text32       0027B2
__ptext33                                     text33       0029DC
__ptext34                                     text34       002358
__ptext35                                     text35       00292E
__ptext36                                     text36       002856
__ptext37                                     text37       00286C
__ptext38                                     text38       0019F0
__ptext39                                     text39       0024E8
__ptext4                                      text4        002690
__ptext40                                     text40       002A04
__ptext41                                     text41       0020BE
__ptext42                                     text42       00293E
__ptext43                                     text43       0021B0
__ptext44                                     text44       002290
__ptext45                                     text45       00294E
__ptext46                                     text46       0029E4
__ptext47                                     text47       002996
__ptext48                                     text48       0029EC
__ptext49                                     text49       002766
__ptext5                                      text5        002138
__ptext50                                     text50       002A52
__ptext51                                     text51       002A56
__ptext52                                     text52       0029A4
__ptext53                                     text53       001D5E
__ptext54                                     text54       00203E
__ptext55                                     text55       001E04
__ptext56                                     text56       0018C8
__ptext57                                     text57       002882
__ptext58                                     text58       002662
__ptext59                                     text59       0029B2
__ptext6                                      text6        00138A
__ptext60                                     text60       0029F4
__ptext61                                     text61       002898
__ptext62                                     text62       0028AE
__ptext63                                     text63       002A0A
__ptext64                                     text64       002A10
__ptext65                                     text65       002A16
__ptext66                                     text66       002A1C
__ptext67                                     text67       0028C4
__ptext68                                     text68       002A22
__ptext69                                     text69       0029FC
__ptext7                                      text7        00103E
__ptext70                                     text70       0029BE
__ptext71                                     text71       0029C8
__ptext72                                     text72       002A28
__ptext73                                     text73       002A2E
__ptext74                                     text74       0029D2
__ptext75                                     text75       002A5A
__ptext76                                     text76       002A5E
__ptext77                                     text77       002452
[...]
Total ram usage:        5 bytes
 Hardware stack levels used:    1
 This function calls:
		Nothing
 This function is called by:
		_I2C1_SetDataCompleteCallback
		_I2C1_SetWriteCollisionCallback
		_I2C1_SetAddressNackCallback
		_I2C1_SetDataNackCallback
		_I2C1_SetTimeoutCallback
 This function uses a non-reentrant model


 *************** function _I2C1_SetBuffer *****************
 Defined at:
		line 294 in file "mcc_generated_files/i2c1_master.c"
 Parameters:    Size  Location     Type
  buffer          2    0[COMRAM] PTR void 
		 -> I2C1_ReadDataBlock@reg(1), I2C1_ReadDataBlock@bufferBlock(4), I2C1_Write2ByteRegister@reg(1), I2C1_Write2ByteRegister@data(2), 
		 -> I2C1_Write1ByteRegister@reg(1), I2C1_Write1ByteRegister@data(1), I2C1_Read2ByteRegister@reg(1), I2C1_Read2ByteRegister@returnValue(2), 
		 -> NULL(0), I2C1_Read1ByteRegister@reg(1), I2C1_Read1ByteRegister@returnValue(1), 
  bufferSize      2    2[COMRAM] unsigned int 
 Auto vars:     Size  Location     Type
		None
 Return value:  Size  Location     Type
                  1    wreg      void 
 Registers used:
		wreg, status,2, status,0
 Tracked objects:
		On entry : 
		On exit  : 
		Unchanged: 
 Data sizes:     COMRAM   BANK0   BANK1   BANK2   BANK3   BANK4   BANK5   BANK6   BANK7   BANK8   BANK9  BANK10  BANK11  BANK12  BANK13  BANK14  BANK15
      Params:         4       0       0       0       0       0       0       0       0       0       0       0       0       0       0       0       0
      Locals:         0       0       0       0       0       0       0       0       0       0       0       0       0       0       0       0       0
      Temps:          0       0       0       0       0       0       0       0       0       0       0       0       0       0       0       0       0
      Totals:         4       0       0       0       0       0       0       0       0       0       0       0       0       0       0       0       0
Total ram usage:        4 bytes
 Hardware stack levels used:    1
 This function calls:
		Nothing
 This function is called by:
		_rd1RegCompleteHandler
		_rd2RegCompleteHandler
		_wr1RegCompleteHandler
		_wr2RegCompleteHandler
		_rdBlkRegCompleteHandler
		_I2C1_Read1ByteRegister
		_I2C1_Read2ByteRegister
		_I2C1_Write1ByteRegister
		_I2C1_Write2ByteRegister
		_I2C1_WriteNBytes
		_I2C1_ReadNBytes
		_I2C1_ReadDataBlock
 This function uses a non-reentrant model


 *************** function _I2C1_ClearInterruptFlags *****************
 Defined at:
		line 364 in file "mcc_generated_files/i2c1_master.c"
 Parameters:    Size  Location     Type
		None
 Auto vars:     Size  Location     Type
		None
 Return value:  Size  Location     Type
                  1    wreg      void 
 Registers used:
		wreg, status,2, cstack
 Tracked objects:
		On entry : 
		On exit  : 
		Unchanged: 
 Data sizes:     COMRAM   BANK0   BANK1   BANK2   BANK3   BANK4   BANK5   BANK6   BANK7   BANK8   BANK9  BANK10  BANK11  BANK12  BANK13  BANK14  BANK15
      Params:         0       0       0       0       0       0       0       0       0       0       0       0       0       0       0       0       0
      Locals:         0       0       0       0       0       0       0       0       0       0       0       0       0       0       0       0       0
      Temps:          0       0       0       0       0       0       0       0       0       0       0       0       0       0       0       0       0
      Totals:         0       0       0       0       0       0       0       0       0       0       0       0       0       0       0       0       0
Total ram usage:        0 bytes
 Hardware stack levels used:    1
 Hardware stack levels required when called:    1
 This function calls:
		_I2C1_MasterClearCountFlag
		_I2C1_MasterClearNackFlag
		_I2C1_MasterClearStopFlag
		_I2C1_MasterIsCountFlagSet
		_I2C1_MasterIsNackFlagSet
		_I2C1_MasterIsStopFlagSet
 This function is called by:
		_I2C1_MasterFsm
 This function uses a non-reentrant model


 *************** function _I2C1_MasterIsStopFlagSet *****************
 Defined at:
		line 746 in file "mcc_generated_files/i2c1_master.c"
 Parameters:    Size  Location     Type
		None
 Auto vars:     Size  Location     Type
		None
 Return value:  Size  Location     Type
                  1    wreg      _Bool 
 Registers used:
		wreg
 Tracked objects:
		On entry : 
		On exit  : 
		Unchanged: 
 Data sizes:     COMRAM   BANK0   BANK1   BANK2   BANK3   BANK4   BANK5   BANK6   BANK7   BANK8   BANK9  BANK10  BANK11  BANK12  BANK13  BANK14  BANK15
      Params:         0       0       0       0       0       0       0       0       0       0       0       0       0       0       0       0       0
      Locals:         0       0       0       0       0       0       0       0       0       0       0       0       0       0       0       0       0
      Temps:          0       0       0       0       0       0       0       0       0       0       0       0       0       0       0       0       0
      Totals:         0       0       0       0       0       0       0       0       0       0       0       0       0       0       0       0       0
Total ram usage:        0 bytes
 Hardware stack levels used:    1
 This function calls:
		Nothing
 This function is called by:
		_I2C1_ClearInterruptFlags
 This function uses a non-reentrant model


 *************** function _I2C1_MasterIsNackFlagSet *****************
 Defined at:
		line 756 in file "mcc_generated_files/i2c1_master.c"
 Parameters:    Size  Location     Type
		None
 Auto vars:     Size  Location     Type
		None
 Return value:  Size  Location     Type
                  1    wreg      _Bool 
 Registers used:
		wreg
 Tracked objects:
		On entry : 
		On exit  : 
		Unchanged: 
 Data sizes:     COMRAM   BANK0   BANK1   BANK2   BANK3   BANK4   BANK5   BANK6   BANK7   BANK8   BANK9  BANK10  BANK11  BANK12  BANK13  BANK14  BANK15
      Params:         0       0       0       0       0       0       0       0       0       0       0       0       0       0       0       0       0
      Locals:         0       0       0       0       0       0       0       0       0       0       0       0       0       0       0       0       0
      Temps:          0       0       0       0       0       0       0       0       0       0       0       0       0       0       0       0       0
      Totals:         0       0       0       0       0       0       0       0       0       0       0       0       0       0       0       0       0
Total ram usage:        0 bytes
 Hardware stack levels used:    1
 This function calls:
		Nothing
 This function is called by:
		_I2C1_ClearInterruptFlags
 This function uses a non-reentrant model


 *************** function _I2C1_MasterIsCountFlagSet *****************
 Defined at:
		line 751 in file "mcc_generated_files/i2c1_master.c"
 Parameters:    Size  Location     Type
		None
 Auto vars:     Size  Location     Type
		None
 Return value:  Size  Location     Type
                  1    wreg      _Bool 
 Registers used:
		wreg
 Tracked objects:
		On entry : 
		On exit  : 
		Unchanged: 
 Data sizes:     COMRAM   BANK0   BANK1   BANK2   BANK3   BANK4   BANK5   BANK6   BANK7   BANK8   BANK9  BANK10  BANK11  BANK12  BANK13  BANK14  BANK15
      Params:         0       0       0       0       0       0       0       0       0       0       0       0       0       0       0       0       0
      Locals:         0       0       0       0       0       0       0       0       0       0       0       0       0       0       0       0       0
      Temps:          0       0       0       0       0       0       0       0       0       0       0       0       0       0       0       0       0
      Totals:         0       0       0       0       0       0       0       0       0       0       0       0       0       0       0       0       0
Total ram usage:        0 bytes
 Hardware stack levels used:    1
 This function calls:
		Nothing
 This function is called by:
		_I2C1_ClearInterruptFlags
 This function uses a non-reentrant model


 *************** function _I2C1_MasterClearStopFlag *****************
 Defined at:
		line 761 in file "mcc_generated_files/i2c1_master.c"
 Parameters:    Size  Location     Type
		None
 Auto vars:     Size  Location     Type
		None
 Return value:  Size  Location     Type
                  1    wreg      void 
 Registers used:
		None
 Tracked objects:
		On entry : 
		On exit  : 
		Unchanged: 
 Data sizes:     COMRAM   BANK0   BANK1   BANK2   BANK3   BANK4   BANK5   BANK6   BANK7   BANK8   BANK9  BANK10  BANK11  BANK12  BANK13  BANK14  BANK15
      Params:         0       0       0       0       0       0       0       0       0       0       0       0       0       0       0       0       0
      Locals:         0       0       0       0       0       0       0       0       0       0       0       0       0       0       0       0       0
      Temps:          0       0       0       0       0       0       0       0       0       0       0       0       0       0       0       0       0
      Totals:         0       0       0       0       0       0       0       0       0       0       0       0       0       0       0       0       0
Total ram usage:        0 bytes
 Hardware stack levels used:    1
 This function calls:
		Nothing
 This function is called by:
		_I2C1_ClearInterruptFlags
 This function uses a non-reentrant model


 *************** function _I2C1_MasterClearNackFlag *****************
 Defined at:
		line 771 in file "mcc_generated_files/i2c1_master.c"
 Parameters:    Size  Location     Type
		None
 Auto vars:     Size  Location     Type
		None
 Return value:  Size  Location     Type
                  1    wreg      void 
 Registers used:
		None
 Tracked objects:
		On entry : 
		On exit  : 
		Unchanged: 
 Data sizes:     COMRAM   BANK0   BANK1   BANK2   BANK3   BANK4   BANK5   BANK6   BANK7   BANK8   BANK9  BANK10  BANK11  BANK12  BANK13  BANK14  BANK15
      Params:         0       0       0       0       0       0       0       0       0       0       0       0       0       0       0       0       0
      Locals:         0       0       0       0       0       0       0       0       0       0       0       0       0       0       0       0       0
      Temps:          0       0       0       0       0       0       0       0       0       0       0       0       0       0       0       0       0
      Totals:         0       0       0       0       0       0       0       0       0       0       0       0       0       0       0       0       0
Total ram usage:        0 bytes
 Hardware stack levels used:    1
 This function calls:
		Nothing
 This function is called by:
		_I2C1_ClearInterruptFlags
 This function uses a non-reentrant model


 *************** function _I2C1_MasterClearCountFlag *****************
 Defined at:
		line 766 in file "mcc_generated_files/i2c1_master.c"
 Parameters:    Size  Location     Type
		None
 Auto vars:     Size  Location     Type
		None
 Return value:  Size  Location     Type
                  1    wreg      void 
 Registers used:
		None
 Tracked objects:
		On entry : 
		On exit  : 
		Unchanged: 
 Data sizes:     COMRAM   BANK0   BANK1   BANK2   BANK3   BANK4   BANK5   BANK6   BANK7   BANK8   BANK9  BANK10  BANK11  BANK12  BANK13  BANK14  BANK15
      Params:         0       0       0       0       0       0       0       0       0       0       0       0       0       0       0       0       0
      Locals:         0       0       0       0       0       0       0       0       0       0       0       0       0       0       0       0       0
      Temps:          0       0       0       0       0       0       0       0       0       0       0       0       0       0       0       0       0
      Totals:         0       0       0       0       0       0       0       0       0       0       0       0       0       0       0       0       0
Total ram usage:        0 bytes
 Hardware stack levels used:    1
 This function calls:
		Nothing
 This function is called by:
		_I2C1_ClearInterruptFlags
 This function uses a non-reentrant model



MODULE INFORMATION

Module		Function		Class		Link	Load	Size
mcc_generated_files/examples/i2c1_master_example.c
		_wr1RegCompleteHandler		CODE           	25A2	0000	49
		_wr2RegCompleteHandler		CODE           	2632	0000	49
		_rdBlkRegCompleteHandler		CODE           	2452	0000	77
		_rd1RegCompleteHandler		CODE           	2602	0000	49
		_rd2RegCompleteHandler		CODE           	25D2	0000	49

mcc_generated_files/examples/i2c1_master_example.c estimated size: 273

C:\Program Files (x86)\Microchip\xc8\v2.10\pic\sources\c99\common\aodiv.c
		___aodiv       		CODE           	15BC	0000	409

C:\Program Files (x86)\Microchip\xc8\v2.10\pic\sources\c99\common\aodiv.c estimated size: 409

mcc_generated_files/fvr.c
		_FVR_Initialize		CODE           	29DC	0000	9

mcc_generated_files/fvr.c estimated size: 9

mcc_generated_files/i2c1_master.c
		_I2C1_DO_SEND_RESTART		CODE           	2A52	0000	5
		_I2C1_MasterIsNackFlagSet		CODE           	28F0	0000	23
		_I2C1_DO_RX_EMPTY		CODE           	1D5E	0000	167
		_I2C1_DO_TX_EMPTY		CODE           	203E	0000	129
		_I2C1_DO_SEND_RESTART_READ		CODE           	29A4	0000	15
		_I2C1_MasterClearNackFlag		CODE           	2A3A	0000	7
		_I2C1_CallbackReturnStop		CODE           	2A5E	0000	5
		_I2C1_DO_RX    		CODE           	1E04	0000	159
		_I2C1_DO_TX    		CODE           	18C8	0000	297
		_I2C1_DO_IDLE  		CODE           	29B2	0000	13
		_I2C1_MasterSendTxData		CODE           	29BE	0000	11
		_I2C1_MasterStop		CODE           	2A10	0000	7
		_I2C1_MasterIsStopFlagSet		CODE           	28DA	0000	23
		_I2C1_CallbackReturnReset		CODE           	2A5A	0000	5
		_I2C1_DO_RESET 		CODE           	294E	0000	17
		_I2C1_DO_RX_ACK		CODE           	29EC	0000	9
		_I2C1_DO_TX_ACK		CODE           	29F4	0000	9
		_I2C1_MasterSendNack		CODE           	2A16	0000	7
		_I2C1_DO_RX_NACK_RESTART		CODE           	29E4	0000	9
		_I2C1_ClearInterruptFlags		CODE           	23B4	0000	83
		_I2C1_MasterClearStopFlag		CODE           	2A34	0000	7
		_I2C1_SetCallback		CODE           	1FBC	0000	131
		_I2C1_MasterEnableRestart		CODE           	2A28	0000	7
		_I2C1_MasterGetCounter		CODE           	2A0A	0000	7
		_I2C1_MasterSetCounter		CODE           	29C8	0000	11
		_I2C1_DO_ADDRESS_NACK		CODE           	2290	0000	109
		_I2C1_MasterDisableRestart		CODE           	2A2E	0000	7
		_I2C1_MasterClearCountFlag		CODE           	2A40	0000	7
		_I2C1_SetBuffer		CODE           	26BC	0000	45
		_I2C1_DO_SEND_RESTART_WRITE		CODE           	2A56	0000	5
		_I2C1_MasterIsTxBufEmpty		CODE           	2898	0000	23
		_I2C1_Initialize		CODE           	27B2	0000	35
		_I2C1_MasterIsRxBufFull		CODE           	28C4	0000	23
		_I2C1_MasterIsNack		CODE           	28AE	0000	23
		_I2C1_DO_SEND_ADR_WRITE		CODE           	2882	0000	23
		_I2C1_MasterClearIrq		CODE           	29FC	0000	9
		_I2C1_SetDataCompleteCallback		CODE           	27D4	0000	33
		_I2C1_DO_SEND_STOP		CODE           	2766	0000	41
		_I2C1_DO_BUS_COLLISION		CODE           	21B0	0000	117
		_I2C1_DO_BUS_ERROR		CODE           	293E	0000	17
		_I2C1_MasterSendAck		CODE           	2A1C	0000	7
		_I2C1_MasterFsm		CODE           	20BE	0000	123
		_I2C1_MasterIsr		CODE           	2A04	0000	7
		_I2C1_MasterGetRxData		CODE           	2A22	0000	7
		_I2C1_MasterResetBus		CODE           	29D2	0000	11
		_I2C1_MasterIsCountFlagSet		CODE           	2906	0000	23
		_I2C1_DO_SEND_ADR_READ		CODE           	2662	0000	47
		_I2C1_DO_RX_NACK_STOP		CODE           	2996	0000	15

mcc_generated_files/i2c1_master.c estimated size: 1920

mcc_generated_files/interrupt_manager.c
		_INTERRUPT_Initialize		CODE           	2A4E	0000	5
		_INTERRUPT_InterruptManager		CODE           	19F0	0000	263

mcc_generated_files/interrupt_manager.c estimated size: 268

C:\Program Files (x86)\Microchip\xc8\v2.10\pic\sources\c99\common\strlen.c
		_strlen        		CODE           	252C	0000	63

C:\Program Files (x86)\Microchip\xc8\v2.10\pic\sources\c99\common\strlen.c estimated size: 63

mcc_generated_files/tmr0.c
		_TMR0_StartTimer		CODE           	2A4A	0000	5
		_TMR0_Initialize		CODE           	2840	0000	23

mcc_generated_files/tmr0.c estimated size: 28

mcc_generated_files/pin_manager.c
		_PIN_MANAGER_Initialize		CODE           	1CB2	0000	173

mcc_generated_files/pin_manager.c estimated size: 173

C:\Program Files (x86)\Microchip\xc8\v2.10\pic\sources\c99\common\doprnt.c
		_vfpfcnvrt     		CODE           	138A	0000	563
		_pad           		CODE           	1AF6	0000	231
		_dtoa          		CODE           	103E	0000	845
		_vfprintf      		CODE           	2138	0000	121

C:\Program Files (x86)\Microchip\xc8\v2.10\pic\sources\c99\common\doprnt.c estimated size: 1760

C:\Program Files (x86)\Microchip\xc8\v2.10\pic\sources\c99\common\nf_fputs.c
		_fputs         		CODE           	249E	0000	75

C:\Program Files (x86)\Microchip\xc8\v2.10\pic\sources\c99\common\nf_fputs.c estimated size: 75

mcc_generated_files/uart1.c
		_UART1_Write   		CODE           	22FC	0000	93
		_UART1_SetFramingErrorHandler		CODE           	297A	0000	15
		_UART1_SetOverrunErrorHandler		CODE           	296C	0000	15
		_UART1_SetTxInterruptHandler		CODE           	295E	0000	15
		_UART1_Initialize		CODE           	1F38	0000	133
		_UART1_SetErrorHandler		CODE           	2988	0000	15
		_UART1_Transmit_ISR		CODE           	24E8	0000	69
		_UART1_is_tx_ready		CODE           	282A	0000	23

mcc_generated_files/uart1.c estimated size: 378

shared
		__initialization		CODE           	26E8	0000	37
		_fsmStateTable 		SMALLCONST     	1001	0000	39

shared estimated size: 76

mcc_generated_files/mcc.c
		_PMD_Initialize		CODE           	278E	0000	37
		_OSCILLATOR_Initialize		CODE           	2812	0000	25
		_SYSTEM_Initialize		CODE           	273C	0000	43

mcc_generated_files/mcc.c estimated size: 105

mcc_generated_files/tmr1.c
		_TMR1_Initialize		CODE           	256A	0000	57
		_TMR1_StartTimer		CODE           	2A46	0000	5
		_TMR1_ReadTimer		CODE           	2712	0000	43

mcc_generated_files/tmr1.c estimated size: 105

C:\Program Files (x86)\Microchip\xc8\v2.10\pic\sources\c99\common\aomod.c
		___aomod       		CODE           	1754	0000	373

C:\Program Files (x86)\Microchip\xc8\v2.10\pic\sources\c99\common\aomod.c estimated size: 373

C:\Program Files (x86)\Microchip\xc8\v2.10\pic\sources\c99\common\abs.c
		_abs           		CODE           	2406	0000	77

C:\Program Files (x86)\Microchip\xc8\v2.10\pic\sources\c99\common\abs.c estimated size: 77

mcc_generated_files/adcc.c
		_ADCC_GetConversionResult		CODE           	286C	0000	23
		_ADCC_StartConversion		CODE           	292E	0000	17
		_ADCC_Initialize		CODE           	2358	0000	93
		_ADCC_IsConversionDone		CODE           	2856	0000	23

mcc_generated_files/adcc.c estimated size: 156

main.c
		_putch         		CODE           	27F4	0000	31
		_main          		CODE           	1BDC	0000	215
		_timeGet       		CODE           	291C	0000	19
		_timeElapsedR  		CODE           	2224	0000	109

main.c estimated size: 374

C:\Program Files (x86)\Microchip\xc8\v2.10\pic\sources\c99\common\printf.c
		_printf        		CODE           	2690	0000	45

C:\Program Files (x86)\Microchip\xc8\v2.10\pic\sources\c99\common\printf.c estimated size: 45

C:\Program Files (x86)\Microchip\xc8\v2.10\pic\sources\c99\common\nf_fputc.c
		_fputc         		CODE           	1EA2	0000	151

C:\Program Files (x86)\Microchip\xc8\v2.10\pic\sources\c99\common\nf_fputc.c estimated size: 151

