Microchip MPLAB XC8 Compiler V2.10 ()

Linker command line:

-W-3 --edf=C:\Program Files (x86)\Microchip\xc8\v2.10\pic\dat\en_msgs.txt \
  -pivt0x8=08h -cs -h+dist/default/production\Controller.X.production.sym \
  --cmf=dist/default/production\Controller.X.production.cmf -z -Q18F46K42 \
  -oC:\Users\David\AppData\Local\Temp\s4ok.2 --defsym=__MPLAB_BUILD=1 \
  -Mdist/default/production/Controller.X.production.map -E1 -ver=XC8 \
  --acfsm=1493 -ASTACK=0104h-0FFFh -pstack=STACK -ACODE=00h-0FFFFh \
  -ACONST=00h-0FFFFh -ASMALLCONST=01000h-010FFhx240 \
  -AMEDIUMCONST=01000h-0FFFFh -ACOMRAM=01h-05Fh -AABS1=00h-0FFFh \
  -ABIGRAM=01h-0FFFh -ARAM=060h-0FFh,0100h-01FFhx15 -ABANK0=060h-0FFh \
  -ABANK1=0100h-01FFh -ABANK2=0200h-02FFh -ABANK3=0300h-03FFh \
  -ABANK4=0400h-04FFh -ABANK5=0500h-05FFh -ABANK6=0600h-06FFh \
  -ABANK7=0700h-07FFh -ABANK8=0800h-08FFh -ABANK9=0900h-09FFh \
  -ABANK10=0A00h-0AFFh -ABANK11=0B00h-0BFFh -ABANK12=0C00h-0CFFh \
  -ABANK13=0D00h-0DFFh -ABANK14=0E00h-0EFFh -ABANK15=0F00h-0FFFh \
  -ASFR=03800h-038FFhx7,03F00h-03F5Fh,03F60h-03FFFh -preset_vec=00h \
  -ppowerup=CODE,init -pramtop=01000h -psmallconst=SMALLCONST \
  -pmediumconst=MEDIUMCONST -pconst=CONST -AFARRAM=00h-00h \
  -ACONFIG=0300000h-0300009h -pconfig=CONFIG -AIDLOC=0200000h-020000Fh \
  -pidloc=IDLOC -AEEDATA=0310000h-03103FFh -peeprom_data=EEDATA \
  -prdata=COMRAM,nvrram=COMRAM,nvbit=COMRAM,rbss=COMRAM,rbit=COMRAM \
  -pfarbss=FARRAM,fardata=FARRAM,nvFARRAM=FARRAM \
  -pintsave_regs=BIGRAM,bigbss=BIGRAM,bigdata=BIGRAM -pbss=RAM \
  -pidata=CODE,irdata=CODE,ibigdata=CODE,ifardata=CODE -prparam=COMRAM \
  C:\Users\David\AppData\Local\Temp\s4ok.o \
  dist/default/production\Controller.X.production.o 

Object code version is 3.11

Machine type is 18F46K42

Call graph: (short form)




                Name                               Link     Load   Length Selector   Space Scale
C:\Users\David\AppData\Local\Temp\s4ok.o
                init                                 1A       1A        4        4       0
                reset_vec                             0        0        4        0       0
                idloc                            200000   200000       10   200000       0
                config                           300000   300000        A   300000       0
dist/default/production\Controller.X.production.o
                smallconst                         1000     1000       3A      800       0
                ivt0x8                                8        8       12        4       0
                text99                             2B96     2B96       16      81D       0
                text98                             2BEE     2BEE       10      81D       0
                text97                             280E     280E       34      81D       0
                text96                             2032     2032       94      81D       0
                text95                             2D12     2D12        2      81D       0
                text94                             2902     2902       30      81D       0
                text93                             2CEE     2CEE        6      81D       0
                text92                             2CE8     2CE8        6      81D       0
                text91                             2CE2     2CE2        6      81D       0
                text90                             2B80     2B80       16      81D       0
                text89                             2B6A     2B6A       16      81D       0
                text88                             2B54     2B54       16      81D       0
                text87                             25A6     25A6       52      81D       0
                text86                             298C     298C       2C      81D       0
                text85                             214A     214A       82      81D       0
                text84                             2A7A     2A7A       20      81D       0
                text83                             28D2     28D2       30      81D       0
                text82                             28A2     28A2       30      81D       0
                text81                             2872     2872       30      81D       0
                text80                             2842     2842       30      81D       0
                text79                             2644     2644       4C      81D       0
                text78                             2D0C     2D0C        4      81D       0
                text77                             2D08     2D08        4      81D       0
                text76                             2C80     2C80        A      81D       0
                text75                             2CDC     2CDC        6      81D       0
                text74                             2CD6     2CD6        6      81D       0
                text73                             2C76     2C76        A      81D       0
                text72                             2C6C     2C6C        A      81D       0
                text71                             2CAA     2CAA        8      81D       0
                text70                             2CD0     2CD0        6      81D       0
                text69                             2B3E     2B3E       16      81D       0
                text68                             2CCA     2CCA        6      81D       0
                text67                             2CC4     2CC4        6      81D       0
                text66                             2CBE     2CBE        6      81D       0
                text65                             2CB8     2CB8        6      81D       0
                text64                             2B28     2B28       16      81D       0
                text63                             2B12     2B12       16      81D       0
                text62                             2CA2     2CA2        8      81D       0
                text61                             2C60     2C60        C      81D       0
                text60                             2932     2932       2E      81D       0
                text59                             2AFC     2AFC       16      81D       0
                text58                             19EE     19EE      128      81D       0
                text57                             1EFE     1EFE       9E      81D       0
                text56                             21CC     21CC       80      81D       0
                text55                             1E58     1E58       A6      81D       0
                text54                             2C52     2C52        E      81D       0
                text53                             2D04     2D04        4      81D       0
                text52                             2D00     2D00        4      81D       0
                text51                             2A0C     2A0C       28      81D       0
                text50                             2C9A     2C9A        8      81D       0
                text49                             2C44     2C44        E      81D       0
                text48                             2C92     2C92        8      81D       0
                text47                             2BDE     2BDE       10      81D       0
                text46                             248C     248C       6C      81D       0
                text45                             233E     233E       74      81D       0
                text44                             2BCE     2BCE       10      81D       0
                text43                             224C     224C       7A      81D       0
                text42                             2CB2     2CB2        6      81D       0
                text41                             2720     2720       44      81D       0
                text40                             18C4     18C4      12A      81D       0
                text39                             2C36     2C36        E      81D       0
                text38                             23B2     23B2       6E      81D       0
                text37                             2C8A     2C8A        8      81D       0
                text36                             2A58     2A58       22      81D       0
                text35                             2CFC     2CFC        4      81D       0
                text34                             2AB8     2AB8       18      81D       0
                text33                             1DAC     1DAC       AC      81D       0
                text32                             2A34     2A34       24      81D       0
                text31                             2AE6     2AE6       16      81D       0
                text30                             27A2     27A2       38      81D       0
                text29                             2C28     2C28        E      81D       0
                text28                             2C1A     2C1A        E      81D       0
                text27                             2C0C     2C0C        E      81D       0
                text26                             2BFE     2BFE        E      81D       0
                text25                             20C6     20C6       84      81D       0
                text24                             29E2     29E2       2A      81D       0
                text23                             2CF8     2CF8        4      81D       0
                text22                             2CF4     2CF4        4      81D       0
                text21                             1B16     1B16       F2      81D       0
                text20                             2BBE     2BBE       10      81D       0
                text19                             27DA     27DA       34      81D       0
                text18                             2554     2554       52      81D       0
                text17                             15B8     15B8      198      81D       0
                text16                             1750     1750      174      81D       0
                text15                             25F8     25F8       4C      81D       0
                text14                             24F8     24F8       5C      81D       0
                text13                             2AD0     2AD0       16      81D       0
                text12                             2A9A     2A9A       1E      81D       0
                text11                             1F9C     1F9C       96      81D       0
                text10                             2690     2690       4A      81D       0
                text9                              2764     2764       3E      81D       0
                text8                              1C08     1C08       E6      81D       0
                text7                              103A     103A      34C      81D       0
                text6                              1386     1386      232      81D       0
                text5                              22C6     22C6       78      81D       0
                text4                              2960     2960       2C      81D       0
                text3                              29B8     29B8       2A      81D       0
                text2                              2420     2420       6C      81D       0
                text1                              2BAC     2BAC       12      81D       0
                text0                              1CEE     1CEE       BE      81D       0
                cstackCOMRAM                          1        1       32        1       1
                cstackBANK0                          AE       AE       48       60       1
                cstackBANK1                         100      100        4      100       1
                bssBANK0                             60       60       4E       60       1
                dataCOMRAM                           47       47        2        1       1
                bssCOMRAM                            33       33        F        1       1
                cinit                              26DA     26DA       46      81D       0
                nvBANK0                              F6       F6        8       60       1
                nvCOMRAM                             42       42        5        1       1
                idataCOMRAM                        2D10     2D10        2      81D       0

TOTAL           Name                               Link     Load   Length     Space
        CLASS   STACK          

        CLASS   CODE           
                init                                 1A       1A        4         0
                reset_vec                             0        0        4         0
                ivt0x8                                8        8       12         0
                text99                             2B96     2B96       16         0
                text98                             2BEE     2BEE       10         0
                text97                             280E     280E       34         0
                text96                             2032     2032       94         0
                text95                             2D12     2D12        2         0
                text94                             2902     2902       30         0
                text93                             2CEE     2CEE        6         0
                text92                             2CE8     2CE8        6         0
                text91                             2CE2     2CE2        6         0
                text90                             2B80     2B80       16         0
                text89                             2B6A     2B6A       16         0
                text88                             2B54     2B54       16         0
                text87                             25A6     25A6       52         0
                text86                             298C     298C       2C         0
                text85                             214A     214A       82         0
                text84                             2A7A     2A7A       20         0
                text83                             28D2     28D2       30         0
                text82                             28A2     28A2       30         0
                text81                             2872     2872       30         0
                text80                             2842     2842       30         0
                text79                             2644     2644       4C         0
                text78                             2D0C     2D0C        4         0
                text77                             2D08     2D08        4         0
                text76                             2C80     2C80        A         0
                text75                             2CDC     2CDC        6         0
                text74                             2CD6     2CD6        6         0
                text73                             2C76     2C76        A         0
                text72                             2C6C     2C6C        A         0
                text71                             2CAA     2CAA        8         0
                text70                             2CD0     2CD0        6         0
                text69                             2B3E     2B3E       16         0
                text68                             2CCA     2CCA        6         0
                text67                             2CC4     2CC4        6         0
                text66                             2CBE     2CBE        6         0
                text65                             2CB8     2CB8        6         0
                text64                             2B28     2B28       16         0
                text63                             2B12     2B12       16         0
                text62                             2CA2     2CA2        8         0
                text61                             2C60     2C60        C         0
                text60                             2932     2932       2E         0
                text59                             2AFC     2AFC       16         0
                text58                             19EE     19EE      128         0
                text57                             1EFE     1EFE       9E         0
                text56                             21CC     21CC       80         0
                text55                             1E58     1E58       A6         0
                text54                             2C52     2C52        E         0
                text53                             2D04     2D04        4         0
                text52                             2D00     2D00        4         0
                text51                             2A0C     2A0C       28         0
                text50                             2C9A     2C9A        8         0
                text49                             2C44     2C44        E         0
                text48                             2C92     2C92        8         0
                text47                             2BDE     2BDE       10         0
                text46                             248C     248C       6C         0
                text45                             233E     233E       74         0
                text44                             2BCE     2BCE       10         0
                text43                             224C     224C       7A         0
                text42                             2CB2     2CB2        6         0
                text41                             2720     2720       44         0
                text40                             18C4     18C4      12A         0
                text39                             2C36     2C36        E         0
                text38                             23B2     23B2       6E         0
                text37                             2C8A     2C8A        8         0
                text36                             2A58     2A58       22         0
                text35                             2CFC     2CFC        4         0
                text34                             2AB8     2AB8       18         0
                text33                             1DAC     1DAC       AC         0
                text32                             2A34     2A34       24         0
                text31                             2AE6     2AE6       16         0
                text30                             27A2     27A2       38         0
                text29                             2C28     2C28        E         0
                text28                             2C1A     2C1A        E         0
                text27                             2C0C     2C0C        E         0
                text26                             2BFE     2BFE        E         0
                text25                             20C6     20C6       84         0
                text24                             29E2     29E2       2A         0
                text23                             2CF8     2CF8        4         0
                text22                             2CF4     2CF4        4         0
                text21                             1B16     1B16       F2         0
                text20                             2BBE     2BBE       10         0
                text19                             27DA     27DA       34         0
                text18                             2554     2554       52         0
                text17                             15B8     15B8      198         0
                text16                             1750     1750      174         0
                text15                             25F8     25F8       4C         0
                text14                             24F8     24F8       5C         0
                text13                             2AD0     2AD0       16         0
                text12                             2A9A     2A9A       1E         0
                text11                             1F9C     1F9C       96         0
                text10                             2690     2690       4A         0
                text9                              2764     2764       3E         0
                text8                              1C08     1C08       E6         0
                text7                              103A     103A      34C         0
                text6                              1386     1386      232         0
                text5                              22C6     22C6       78         0
                text4                              2960     2960       2C         0
                text3                              29B8     29B8       2A         0
                text2                              2420     2420       6C         0
                text1                              2BAC     2BAC       12         0
                text0                              1CEE     1CEE       BE         0
                cinit                              26DA     26DA       46         0
                idataCOMRAM                        2D10     2D10        2         0

        CLASS   CONST          

        CLASS   SMALLCONST     
                smallconst                         1000     1000       3A         0

        CLASS   MEDIUMCONST    

        CLASS   COMRAM         
                cstackCOMRAM                          1        1       32         1
                dataCOMRAM                           47       47        2         1
                bssCOMRAM                            33       33        F         1
                nvCOMRAM                             42       42        5         1

        CLASS   ABS1           

        CLASS   BIGRAM         

        CLASS   RAM            

        CLASS   BANK0          
                cstackBANK0                          AE       AE       48         1
                bssBANK0                             60       60       4E         1
                nvBANK0                              F6       F6        8         1

        CLASS   BANK1          
                cstackBANK1                         100      100        4         1

        CLASS   BANK2          

        CLASS   BANK3          

        CLASS   BANK4          

        CLASS   BANK5          

        CLASS   BANK6          

        CLASS   BANK7          

        CLASS   BANK8          

        CLASS   BANK9          

        CLASS   BANK10         

        CLASS   BANK11         

        CLASS   BANK12         

        CLASS   BANK13         

        CLASS   BANK14         

        CLASS   BANK15         

        CLASS   SFR            

        CLASS   FARRAM         

        CLASS   CONFIG         
                config                           300000   300000        A         0

        CLASS   IDLOC          
                idloc                            200000   200000       10         0

        CLASS   EEDATA         



SEGMENTS        Name                           Load    Length   Top    Selector   Space  Class

                reset_vec                      000000  000004  000004         0       0  CODE    
                cstackCOMRAM                   000001  000048  000049         1       1  COMRAM  
                ivt0x8                         000008  000016  00001E         4       0  CODE    
                bssBANK0                       000060  00009E  0000FE        60       1  BANK0   
                cstackBANK1                    000100  000004  000104       100       1  BANK1   
                smallconst                     001000  00003A  00103A       800       0  SMALLCON
                text7                          00103A  001CDA  002D14       81D       0  CODE    
                idloc                          200000  000010  200010    200000       0  IDLOC   
                config                         300000  00000A  30000A    300000       0  CONFIG  


UNUSED ADDRESS RANGES

        Name                Unused          Largest block    Delta
        BANK0            0000FE-0000FF                2
        BANK1            000104-0001FF               FC
        BANK10           000A00-000AFF              100
        BANK11           000B00-000BFF              100
        BANK12           000C00-000CFF              100
        BANK13           000D00-000DFF              100
        BANK14           000E00-000EFF              100
        BANK15           000F00-000FFF              100
        BANK2            000200-0002FF              100
        BANK3            000300-0003FF              100
        BANK4            000400-0004FF              100
        BANK5            000500-0005FF              100
        BANK6            000600-0006FF              100
        BANK7            000700-0007FF              100
        BANK8            000800-0008FF              100
        BANK9            000900-0009FF              100
        BIGRAM           000049-00005F               17
                         0000FE-0000FF                2
                         000104-000FFF              EFC
        CODE             000004-000007                4
                         00001E-000FFF              FE2
                         002D14-00FFFF             D2EC
        COMRAM           000049-00005F               17
        CONST            000004-000007                4
                         00001E-000FFF              FE2
                         002D14-00FFFF             D2EC
        EEDATA           310000-3103FF              400
        MEDIUMCONST      002D14-00FFFF             D2EC
        RAM              0000FE-0000FF                2
                         000104-000FFF              100
        SFR              003800-003FFF              100
        SMALLCONST       002D14-00FFFF              100
        STACK            000104-000FFF              EFC

                                  Symbol Table

?_ADCC_GetConversionResult                    cstackCOMRAM 000001
?_TMR1_ReadTimer                              cstackCOMRAM 000018
?___aodiv                                     cstackCOMRAM 000018
?___aomod                                     cstackCOMRAM 000018
?_abs                                         cstackCOMRAM 00002A
?_dtoa                                        cstackBANK0  0000B2
?_pad                                         cstackCOMRAM 00002A
?_printf                                      cstackBANK0  0000EE
?_strlen                                      cstackCOMRAM 000018
?_timeGet                                     cstackCOMRAM 000020
?_vfpfcnvrt                                   cstackBANK0  0000D6
?_vfprintf                                    cstackBANK0  0000E6
ADCC_SetADIInterruptHandler@InterruptHandler  cstackCOMRAM 000018
ADCC_StartConversion@channel                  cstackCOMRAM 000018
I2C1_CallbackReturnReset@funPtr               cstackCOMRAM 00000A
I2C1_DO_RX@retFsmState                        cstackCOMRAM 000010
I2C1_DO_TX@dataTx                             cstackCOMRAM 000010
I2C1_DO_TX@retFsmState                        cstackCOMRAM 000011
I2C1_MasterSendTxData@data                    cstackCOMRAM 000001
I2C1_MasterSetCounter@counter                 cstackCOMRAM 000001
I2C1_SetBuffer@buffer                         cstackCOMRAM 000001
I2C1_SetBuffer@bufferSize                     cstackCOMRAM 000003
I2C1_SetCallback@cb                           cstackCOMRAM 000001
I2C1_SetCallback@idx                          cstackCOMRAM 000005
I2C1_SetCallback@ptr                          cstackCOMRAM 000003
I2C1_SetDataCompleteCallback@cb               cstackCOMRAM 000006
I2C1_SetDataCompleteCallback@ptr              cstackCOMRAM 000008
IVTBASEH                                      (abs)        003FD6
IVTBASEL                                      (abs)        003FD5
IVTBASEU                                      (abs)        003FD7
TMR1_ReadTimer@readVal                        cstackCOMRAM 00001C
TMR1_ReadTimer@readValHigh                    cstackCOMRAM 00001E
TMR1_ReadTimer@readValLow                     cstackCOMRAM 00001F
UART1_SetErrorHandler@interruptHandler        cstackCOMRAM 000018
UART1_SetFramingErrorHandler@interruptHandler cstackCOMRAM 000018
UART1_SetOverrunErrorHandler@interruptHandler cstackCOMRAM 000018
UART1_SetTxInterruptHandler@InterruptHandler  cstackCOMRAM 000018
UART1_Write@txData                            cstackCOMRAM 000018
_ADACCH                                       (abs)        003EE9
_ADACCL                                       (abs)        003EE8
_ADACCU                                       (abs)        003EEA
_ADACQH                                       (abs)        003EF4
_ADACQL                                       (abs)        003EF3
_ADACT                                        (abs)        003EFE
_ADCAP                                        (abs)        003EF5
_ADCC_ADI_InterruptHandler                    nvCOMRAM     000044
_ADCC_DefaultInterruptHandler                 text95       002D12
_ADCC_GetConversionResult                     text99       002B96
_ADCC_ISR                                     text94       002902
_ADCC_Initialize                              text38       0023B2
_ADCC_SetADIInterruptHandler                  text39       002C36
_ADCC_StartConversion                         text20       002BBE
_ADCLK                                        (abs)        003EFF
_ADCNT                                        (abs)        003EEB
_ADCON0                                       (abs)        003EF8
_ADCON0bits                                   (abs)        003EF8
_ADCON1                                       (abs)        003EF9
_ADCON1bits                                   (abs)        003EF9
_ADCON2                                       (abs)        003EFA
_ADCON2bits                                   (abs)        003EFA
_ADCON3                                       (abs)        003EFB
_ADCON3bits                                   (abs)        003EFB
_ADERRH                                       (abs)        003EE3
_ADERRL                                       (abs)        003EE2
_ADFLTRH                                      (abs)        003EE7
_ADFLTRL                                      (abs)        003EE6
_ADLTHH                                       (abs)        003EDF
_ADLTHL                                       (abs)        003EDE
_ADPCH                                        (abs)        003EF1
_ADPREH                                       (abs)        003EF7
_ADPREL                                       (abs)        003EF6
_ADPREVH                                      (abs)        003EEE
_ADPREVL                                      (abs)        003EED
_ADREF                                        (abs)        003EFD
_ADRESH                                       (abs)        003EF0
_ADRESL                                       (abs)        003EEF
_ADRPT                                        (abs)        003EEC
_ADSTAT                                       (abs)        003EFC
_ADSTATbits                                   (abs)        003EFC
_ADSTPTH                                      (abs)        003EE5
_ADSTPTL                                      (abs)        003EE4
_ADUTHH                                       (abs)        003EE1
_ADUTHL                                       (abs)        003EE0
_ANSELA                                       (abs)        003A40
_ANSELB                                       (abs)        003A50
_ANSELC                                       (abs)        003A60
_ANSELD                                       (abs)        003A70
_ANSELE                                       (abs)        003A80
_FVRCON                                       (abs)        003EC1
_FVRCONbits                                   (abs)        003EC1
_FVR_Initialize                               text37       002C8A
_I2C1CLK                                      (abs)        003D7B
_I2C1CNT                                      (abs)        003D6C
_I2C1CON0                                     (abs)        003D73
_I2C1CON0bits                                 (abs)        003D73
_I2C1CON1                                     (abs)        003D74
_I2C1CON1bits                                 (abs)        003D74
_I2C1CON2                                     (abs)        003D75
_I2C1ERR                                      (abs)        003D76
_I2C1ERRbits                                  (abs)        003D76
_I2C1PIE                                      (abs)        003D7A
_I2C1PIEbits                                  (abs)        003D7A
_I2C1PIR                                      (abs)        003D79
_I2C1PIRbits                                  (abs)        003D79
_I2C1RXB                                      (abs)        003D6A
_I2C1SCLPPS                                   (abs)        003AE1
_I2C1SDAPPS                                   (abs)        003AE2
_I2C1STAT1bits                                (abs)        003D78
_I2C1TXB                                      (abs)        003D6B
_I2C1_CallbackReturnReset                     text77       002D08
_I2C1_CallbackReturnStop                      text78       002D0C
_I2C1_ClearInterruptFlags                     text87       0025A6
_I2C1_DO_ADDRESS_NACK                         text46       00248C
_I2C1_DO_BUS_COLLISION                        text45       00233E
_I2C1_DO_BUS_ERROR                            text44       002BCE
_I2C1_DO_IDLE                                 text61       002C60
_I2C1_DO_RESET                                text47       002BDE
_I2C1_DO_RX                                   text57       001EFE
_I2C1_DO_RX_ACK                               text50       002C9A
_I2C1_DO_RX_EMPTY                             text55       001E58
_I2C1_DO_RX_NACK_RESTART                      text48       002C92
_I2C1_DO_RX_NACK_STOP                         text49       002C44
_I2C1_DO_SEND_ADR_READ                        text60       002932
_I2C1_DO_SEND_ADR_WRITE                       text59       002AFC
_I2C1_DO_SEND_RESTART                         text52       002D00
_I2C1_DO_SEND_RESTART_READ                    text54       002C52
_I2C1_DO_SEND_RESTART_WRITE                   text53       002D04
_I2C1_DO_SEND_STOP                            text51       002A0C
_I2C1_DO_TX                                   text58       0019EE
_I2C1_DO_TX$1420                              cstackCOMRAM 00000E
_I2C1_DO_TX_ACK                               text62       002CA2
_I2C1_DO_TX_EMPTY                             text56       0021CC
_I2C1_Initialize                              text36       002A58
_I2C1_InterruptHandler                        bssCOMRAM    00003B
_I2C1_MasterClearCountFlag                    text93       002CEE
_I2C1_MasterClearIrq                          text71       002CAA
_I2C1_MasterClearNackFlag                     text92       002CE8
_I2C1_MasterClearStopFlag                     text91       002CE2
_I2C1_MasterDisableRestart                    text75       002CDC
_I2C1_MasterEnableRestart                     text74       002CD6
_I2C1_MasterFsm                               text43       00224C
_I2C1_MasterGetCounter                        text65       002CB8
_I2C1_MasterGetRxData                         text70       002CD0
_I2C1_MasterIsCountFlagSet                    text90       002B80
_I2C1_MasterIsNack                            text64       002B28
_I2C1_MasterIsNackFlagSet                     text89       002B6A
_I2C1_MasterIsRxBufFull                       text69       002B3E
_I2C1_MasterIsStopFlagSet                     text88       002B54
_I2C1_MasterIsTxBufEmpty                      text63       002B12
_I2C1_MasterIsr                               text42       002CB2
_I2C1_MasterResetBus                          text76       002C80
_I2C1_MasterSendAck                           text68       002CCA
_I2C1_MasterSendNack                          text67       002CC4
_I2C1_MasterSendTxData                        text72       002C6C
_I2C1_MasterSetCounter                        text73       002C76
_I2C1_MasterStop                              text66       002CBE
_I2C1_SetBuffer                               text86       00298C
_I2C1_SetCallback                             text85       00214A
_I2C1_SetDataCompleteCallback                 text84       002A7A
_I2C1_Status                                  bssBANK0     000060
_INLVLA                                       (abs)        003A44
_INLVLB                                       (abs)        003A54
_INLVLC                                       (abs)        003A64
_INLVLD                                       (abs)        003A74
_INLVLE                                       (abs)        003A84
_INTCON0bits                                  (abs)        003FD2
_INTERRUPT_Initialize                         text35       002CFC
_INTERRUPT_InterruptManager                   text40       0018C4
_LATA                                         (abs)        003FBA
_LATAbits                                     (abs)        003FBA
_LATB                                         (abs)        003FBB
_LATC                                         (abs)        003FBC
_LATD                                         (abs)        003FBD
_LATE                                         (abs)        003FBE
_ODCONA                                       (abs)        003A42
_ODCONB                                       (abs)        003A52
_ODCONC                                       (abs)        003A62
_ODCOND                                       (abs)        003A72
_ODCONE                                       (abs)        003A82
_OSCCON1                                      (abs)        0039D9
_OSCCON3                                      (abs)        0039DB
_OSCEN                                        (abs)        0039DD
_OSCFRQ                                       (abs)        0039DF
_OSCILLATOR_Initialize                        text34       002AB8
_OSCTUNE                                      (abs)        0039DE
_PIE1bits                                     (abs)        003991
_PIE2bits                                     (abs)        003992
_PIE3bits                                     (abs)        003993
_PIN_MANAGER_Initialize                       text33       001DAC
_PIR1bits                                     (abs)        0039A1
_PIR2bits                                     (abs)        0039A2
_PIR3bits                                     (abs)        0039A3
_PIR4bits                                     (abs)        0039A4
_PMD0                                         (abs)        0039C0
_PMD1                                         (abs)        0039C1
_PMD2                                         (abs)        0039C2
_PMD3                                         (abs)        0039C3
_PMD4                                         (abs)        0039C4
_PMD5                                         (abs)        0039C5
_PMD6                                         (abs)        0039C6
_PMD7                                         (abs)        0039C7
_PMD_Initialize                               text32       002A34
_RB1I2C                                       (abs)        003A5A
_RB2I2C                                       (abs)        003A5B
_RC1PPS                                       (abs)        003A11
_RC3I2C                                       (abs)        003A6A
_RC3PPS                                       (abs)        003A13
_RC4I2C                                       (abs)        003A6B
_RC4PPS                                       (abs)        003A14
_RD0I2C                                       (abs)        003A7A
_RD1I2C                                       (abs)        003A7B
_SLRCONA                                      (abs)        003A43
_SLRCONB                                      (abs)        003A53
_SLRCONC                                      (abs)        003A63
_SLRCOND                                      (abs)        003A73
_SLRCONE                                      (abs)        003A83
_SYSTEM_Initialize                            text24       0029E2
_T0CON0                                       (abs)        003FB8
_T0CON0bits                                   (abs)        003FB8
_T0CON1                                       (abs)        003FB9
_T1CLK                                        (abs)        003FB5
_T1CON                                        (abs)        003FB2
_T1CONbits                                    (abs)        003FB2
_T1GATE                                       (abs)        003FB4
_T1GCON                                       (abs)        003FB3
_T1GCONbits                                   (abs)        003FB3
_TMR0H                                        (abs)        003FB7
_TMR0L                                        (abs)        003FB6
_TMR0_Initialize                              text31       002AE6
_TMR0_StartTimer                              text23       002CF8
_TMR1H                                        (abs)        003FB1
_TMR1L                                        (abs)        003FB0
_TMR1_Initialize                              text30       0027A2
_TMR1_ReadTimer                               text3        0029B8
_TMR1_StartTimer                              text22       002CF4
_TRISA                                        (abs)        003FC2
_TRISB                                        (abs)        003FC3
_TRISC                                        (abs)        003FC4
_TRISD                                        (abs)        003FC5
_TRISE                                        (abs)        003FC6
_U1BRGH                                       (abs)        003DF6
_U1BRGL                                       (abs)        003DF5
_U1CON0                                       (abs)        003DF2
_U1CON1                                       (abs)        003DF3
_U1CON2                                       (abs)        003DF4
_U1ERRIE                                      (abs)        003DFA
_U1ERRIR                                      (abs)        003DF9
_U1ERRIRbits                                  (abs)        003DF9
_U1FIFO                                       (abs)        003DF7
_U1P1H                                        (abs)        003DED
_U1P1L                                        (abs)        003DEC
_U1P2H                                        (abs)        003DEF
_U1P2L                                        (abs)        003DEE
_U1P3H                                        (abs)        003DF1
_U1P3L                                        (abs)        003DF0
_U1RXB                                        (abs)        003DE8
_U1RXPPS                                      (abs)        003AE5
_U1TXB                                        (abs)        003DEA
_U1UIR                                        (abs)        003DF8
_UART1_DefaultErrorHandler                    (abs)        000000
_UART1_DefaultFramingErrorHandler             (abs)        000000
_UART1_DefaultOverrunErrorHandler             (abs)        000000
_UART1_ErrorHandler                           nvBANK0      0000F6
_UART1_FramingErrorHandler                    nvBANK0      0000FA
_UART1_Initialize                             text25       0020C6
_UART1_OverrunErrorHandler                    nvBANK0      0000F8
_UART1_SetErrorHandler                        text29       002C28
_UART1_SetFramingErrorHandler                 text28       002C1A
_UART1_SetOverrunErrorHandler                 text27       002C0C
_UART1_SetTxInterruptHandler                  text26       002BFE
_UART1_Transmit_ISR                           text41       002720
_UART1_TxInterruptHandler                     nvBANK0      0000FC
_UART1_Write                                  text14       0024F8
_UART1_is_tx_ready                            text13       002AD0
_WPUA                                         (abs)        003A41
_WPUB                                         (abs)        003A51
_WPUC                                         (abs)        003A61
_WPUD                                         (abs)        003A71
_WPUE                                         (abs)        003A81
__CFG_BBEN$OFF                                (abs)        000000
__CFG_BBSIZE$BBSIZE_512                       (abs)        000000
__CFG_BOREN$SBORDIS                           (abs)        000000
__CFG_BORV$VBOR_2P45                          (abs)        000000
__CFG_CLKOUTEN$OFF                            (abs)        000000
__CFG_CP$OFF                                  (abs)        000000
__CFG_CSWEN$ON                                (abs)        000000
__CFG_DEBUG$OFF                               (abs)        000000
__CFG_FCMEN$ON                                (abs)        000000
__CFG_FEXTOSC$OFF                             (abs)        000000
__CFG_IVT1WAY$ON                              (abs)        000000
__CFG_LPBOREN$OFF                             (abs)        000000
__CFG_LVP$ON                                  (abs)        000000
__CFG_MCLRE$EXTMCLR                           (abs)        000000
__CFG_MVECEN$OFF                              (abs)        000000
__CFG_PPS1WAY$ON                              (abs)        000000
__CFG_PR1WAY$ON                               (abs)        000000
__CFG_PWRTS$PWRT_OFF                          (abs)        000000
__CFG_RSTOSC$HFINTOSC_64MHZ                   (abs)        000000
__CFG_SAFEN$OFF                               (abs)        000000
__CFG_STVREN$ON                               (abs)        000000
__CFG_WDTCCS$SC                               (abs)        000000
__CFG_WDTCPS$WDTCPS_31                        (abs)        000000
__CFG_WDTCWS$WDTCWS_7                         (abs)        000000
__CFG_WDTE$OFF                                (abs)        000000
__CFG_WRTAPP$OFF                              (abs)        000000
__CFG_WRTB$OFF                                (abs)        000000
__CFG_WRTC$OFF                                (abs)        000000
__CFG_WRTD$OFF                                (abs)        000000
__CFG_WRTSAF$OFF                              (abs)        000000
__CFG_XINST$OFF                               (abs)        000000
__CFG_ZCD$OFF                                 (abs)        000000
__HRAM                                        (abs)        000000
__Habs1                                       abs1         000000
__Hbank0                                      bank0        000000
__Hbank1                                      bank1        000000
__Hbank10                                     bank10       000000
__Hbank11                                     bank11       000000
__Hbank12                                     bank12       000000
__Hbank13                                     bank13       000000
__Hbank14                                     bank14       000000
__Hbank15                                     bank15       000000
__Hbank2                                      bank2        000000
__Hbank3                                      bank3        000000
__Hbank4                                      bank4        000000
__Hbank5                                      bank5        000000
__Hbank6                                      bank6        000000
__Hbank7                                      bank7        000000
__Hbank8                                      bank8        000000
__Hbank9                                      bank9        000000
__Hbigbss                                     bigbss       000000
__Hbigdata                                    bigdata      000000
__Hbigram                                     bigram       000000
__Hbss                                        bss          000000
__HbssBANK0                                   bssBANK0     000000
__HbssCOMRAM                                  bssCOMRAM    000000
__Hcinit                                      cinit        000000
__Hclrtext                                    clrtext      000000
__Hcomram                                     comram       000000
__Hconfig                                     config       30000A
__Hconst                                      const        000000
__HcstackBANK0                                cstackBANK0  000000
__HcstackBANK1                                cstackBANK1  000000
__HcstackCOMRAM                               cstackCOMRAM 000000
__Hdata                                       data         000000
__HdataCOMRAM                                 dataCOMRAM   000000
__Heeprom_data                                eeprom_data  000000
__Hfarbss                                     farbss       000000
__Hfardata                                    fardata      000000
__Hibigdata                                   ibigdata     000000
__Hidata                                      idata        000000
__HidataCOMRAM                                idataCOMRAM  000000
__Hidloc                                      idloc        200010
__Hifardata                                   ifardata     000000
__Hinit                                       init         00001E
__Hintsave_regs                               intsave_regs 000000
__Hirdata                                     irdata       000000
__Hivt0x8                                     ivt0x8       00001A
__Hmediumconst                                mediumconst  000000
__HnvBANK0                                    nvBANK0      000000
__HnvCOMRAM                                   nvCOMRAM     000000
__HnvFARRAM                                   nvFARRAM     000000
__Hnvbit                                      nvbit        000000
__Hnvrram                                     nvrram       000000
__Hparam                                      rparam       000000
__Hpowerup                                    powerup      000000
__Hram                                        ram          000000
__Hramtop                                     ramtop       001000
__Hrbit                                       rbit         000000
__Hrbss                                       rbss         000000
__Hrdata                                      rdata        000000
__Hreset_vec                                  reset_vec    000004
__Hrparam                                     rparam       000000
__Hsfr                                        sfr          000000
__Hsmallconst                                 smallconst   00103A
__Hspace_0                                    (abs)        30000A
__Hspace_1                                    (abs)        000104
__Hspace_2                                    (abs)        000000
__Hstack                                      stack        000000
__Hstruct                                     struct       000000
__Htemp                                       temp         000000
__Htext                                       text         000000
__Htext0                                      text0        000000
__Htext1                                      text1        000000
__Htext10                                     text10       000000
__Htext100                                    text100      000000
__Htext11                                     text11       000000
__Htext12                                     text12       000000
__Htext13                                     text13       000000
__Htext14                                     text14       000000
__Htext15                                     text15       000000
__Htext16                                     text16       000000
__Htext17                                     text17       000000
__Htext18                                     text18       000000
__Htext19                                     text19       000000
__Htext2                                      text2        000000
__Htext20                                     text20       000000
__Htext21                                     text21       000000
__Htext22                                     text22       000000
__Htext23                                     text23       000000
__Htext24                                     text24       000000
__Htext25                                     text25       000000
__Htext26                                     text26       000000
__Htext27                                     text27       000000
__Htext28                                     text28       000000
__Htext29                                     text29       000000
__Htext3                                      text3        000000
__Htext30                                     text30       000000
__Htext31                                     text31       000000
__Htext32                                     text32       000000
__Htext33                                     text33       000000
__Htext34                                     text34       000000
__Htext35                                     text35       000000
__Htext36                                     text36       000000
__Htext37                                     text37       000000
__Htext38                                     text38       000000
__Htext39                                     text39       000000
__Htext4                                      text4        000000
__Htext40                                     text40       000000
__Htext41                                     text41       000000
__Htext42                                     text42       000000
__Htext43                                     text43       000000
__Htext44                                     text44       000000
__Htext45                                     text45       000000
__Htext46                                     text46       000000
__Htext47                                     text47       000000
__Htext48                                     text48       000000
__Htext49                                     text49       000000
__Htext5                                      text5        000000
__Htext50                                     text50       000000
__Htext51                                     text51       000000
__Htext52                                     text52       000000
__Htext53                                     text53       000000
__Htext54                                     text54       000000
__Htext55                                     text55       000000
__Htext56                                     text56       000000
__Htext57                                     text57       000000
__Htext58                                     text58       000000
__Htext59                                     text59       000000
__Htext6                                      text6        000000
__Htext60                                     text60       000000
__Htext61                                     text61       000000
__Htext62                                     text62       000000
__Htext63                                     text63       000000
__Htext64                                     text64       000000
__Htext65                                     text65       000000
__Htext66                                     text66       000000
__Htext67                                     text67       000000
__Htext68                                     text68       000000
__Htext69                                     text69       000000
__Htext7                                      text7        000000
__Htext70                                     text70       000000
__Htext71                                     text71       000000
__Htext72                                     text72       000000
__Htext73                                     text73       000000
__Htext74                                     text74       000000
__Htext75                                     text75       000000
__Htext76                                     text76       000000
__Htext77                                     text77       000000
__Htext78                                     text78       000000
__Htext79                                     text79       000000
__Htext8                                      text8        000000
__Htext80                                     text80       000000
__Htext81                                     text81       000000
__Htext82                                     text82       000000
__Htext83                                     text83       000000
__Htext84                                     text84       000000
__Htext85                                     text85       000000
__Htext86                                     text86       000000
__Htext87                                     text87       000000
__Htext88                                     text88       000000
__Htext89                                     text89       000000
__Htext9                                      text9        000000
__Htext90                                     text90       000000
__Htext91                                     text91       000000
__Htext92                                     text92       000000
__Htext93                                     text93       000000
__Htext94                                     text94       000000
__Htext95                                     text95       000000
__Htext96                                     text96       000000
__Htext97                                     text97       000000
__Htext98                                     text98       000000
__Htext99                                     text99       000000
__LRAM                                        (abs)        000001
__Labs1                                       abs1         000000
__Lbank0                                      bank0        000000
__Lbank1                                      bank1        000000
__Lbank10                                     bank10       000000
__Lbank11                                     bank11       000000
__Lbank12                                     bank12       000000
__Lbank13                                     bank13       000000
__Lbank14                                     bank14       000000
__Lbank15                                     bank15       000000
__Lbank2                                      bank2        000000
__Lbank3                                      bank3        000000
__Lbank4                                      bank4        000000
__Lbank5                                      bank5        000000
__Lbank6                                      bank6        000000
__Lbank7                                      bank7        000000
__Lbank8                                      bank8        000000
__Lbank9                                      bank9        000000
__Lbigbss                                     bigbss       000000
__Lbigdata                                    bigdata      000000
__Lbigram                                     bigram       000000
__Lbss                                        bss          000000
__LbssBANK0                                   bssBANK0     000000
__LbssCOMRAM                                  bssCOMRAM    000000
__Lcinit                                      cinit        000000
__Lclrtext                                    clrtext      000000
__Lcomram                                     comram       000000
__Lconfig                                     config       300000
__Lconst                                      const        000000
__LcstackBANK0                                cstackBANK0  000000
__LcstackBANK1                                cstackBANK1  000000
__LcstackCOMRAM                               cstackCOMRAM 000000
__Ldata                                       data         000000
__LdataCOMRAM                                 dataCOMRAM   000000
__Leeprom_data                                eeprom_data  000000
__Lfarbss                                     farbss       000000
__Lfardata                                    fardata      000000
__Libigdata                                   ibigdata     000000
__Lidata                                      idata        000000
__LidataCOMRAM                                idataCOMRAM  000000
__Lidloc                                      idloc        200000
__Lifardata                                   ifardata     000000
__Linit                                       init         00001A
__Lintsave_regs                               intsave_regs 000000
__Lirdata                                     irdata       000000
__Livt0x8                                     ivt0x8       000008
__Lmediumconst                                mediumconst  000000
__LnvBANK0                                    nvBANK0      000000
__LnvCOMRAM                                   nvCOMRAM     000000
__LnvFARRAM                                   nvFARRAM     000000
__Lnvbit                                      nvbit        000000
__Lnvrram                                     nvrram       000000
__Lparam                                      rparam       000000
__Lpowerup                                    powerup      000000
__Lram                                        ram          000000
__Lramtop                                     ramtop       001000
__Lrbit                                       rbit         000000
__Lrbss                                       rbss         000000
__Lrdata                                      rdata        000000
__Lreset_vec                                  reset_vec    000000
__Lrparam                                     rparam       000000
__Lsfr                                        sfr          000000
__Lsmallconst                                 smallconst   001000
__Lspace_0                                    (abs)        000000
__Lspace_1                                    (abs)        000000
__Lspace_2                                    (abs)        000000
__Lstack                                      stack        000000
__Lstruct                                     struct       000000
__Ltemp                                       temp         000000
__Ltext                                       text         000000
__Ltext0                                      text0        000000
__Ltext1                                      text1        000000
__Ltext10                                     text10       000000
__Ltext100                                    text100      000000
__Ltext11                                     text11       000000
__Ltext12                                     text12       000000
__Ltext13                                     text13       000000
__Ltext14                                     text14       000000
__Ltext15                                     text15       000000
__Ltext16                                     text16       000000
__Ltext17                                     text17       000000
__Ltext18                                     text18       000000
__Ltext19                                     text19       000000
__Ltext2                                      text2        000000
__Ltext20                                     text20       000000
__Ltext21                                     text21       000000
__Ltext22                                     text22       000000
__Ltext23                                     text23       000000
__Ltext24                                     text24       000000
__Ltext25                                     text25       000000
__Ltext26                                     text26       000000
__Ltext27                                     text27       000000
__Ltext28                                     text28       000000
__Ltext29                                     text29       000000
__Ltext3                                      text3        000000
__Ltext30                                     text30       000000
__Ltext31                                     text31       000000
__Ltext32                                     text32       000000
__Ltext33                                     text33       000000
__Ltext34                                     text34       000000
__Ltext35                                     text35       000000
__Ltext36                                     text36       000000
__Ltext37                                     text37       000000
__Ltext38                                     text38       000000
__Ltext39                                     text39       000000
__Ltext4                                      text4        000000
__Ltext40                                     text40       000000
__Ltext41                                     text41       000000
__Ltext42                                     text42       000000
__Ltext43                                     text43       000000
__Ltext44                                     text44       000000
__Ltext45                                     text45       000000
__Ltext46                                     text46       000000
__Ltext47                                     text47       000000
__Ltext48                                     text48       000000
__Ltext49                                     text49       000000
__Ltext5                                      text5        000000
__Ltext50                                     text50       000000
__Ltext51                                     text51       000000
__Ltext52                                     text52       000000
__Ltext53                                     text53       000000
__Ltext54                                     text54       000000
__Ltext55                                     text55       000000
__Ltext56                                     text56       000000
__Ltext57                                     text57       000000
__Ltext58                                     text58       000000
__Ltext59                                     text59       000000
__Ltext6                                      text6        000000
__Ltext60                                     text60       000000
__Ltext61                                     text61       000000
__Ltext62                                     text62       000000
__Ltext63                                     text63       000000
__Ltext64                                     text64       000000
__Ltext65                                     text65       000000
__Ltext66                                     text66       000000
__Ltext67                                     text67       000000
__Ltext68                                     text68       000000
__Ltext69                                     text69       000000
__Ltext7                                      text7        000000
__Ltext70                                     text70       000000
__Ltext71                                     text71       000000
__Ltext72                                     text72       000000
__Ltext73                                     text73       000000
__Ltext74                                     text74       000000
__Ltext75                                     text75       000000
__Ltext76                                     text76       000000
__Ltext77                                     text77       000000
__Ltext78                                     text78       000000
__Ltext79                                     text79       000000
__Ltext8                                      text8        000000
__Ltext80                                     text80       000000
__Ltext81                                     text81       000000
__Ltext82                                     text82       000000
__Ltext83                                     text83       000000
__Ltext84                                     text84       000000
__Ltext85                                     text85       000000
__Ltext86                                     text86       000000
__Ltext87                                     text87       000000
__Ltext88                                     text88       000000
__Ltext89                                     text89       000000
__Ltext9                                      text9        000000
__Ltext90                                     text90       000000
__Ltext91                                     text91       000000
__Ltext92                                     text92       000000
__Ltext93                                     text93       000000
__Ltext94                                     text94       000000
__Ltext95                                     text95       000000
__Ltext96                                     text96       000000
__Ltext97                                     text97       000000
__Ltext98                                     text98       000000
__Ltext99                                     text99       000000
__S0                                          (abs)        30000A
__S1                                          (abs)        000104
__S2                                          (abs)        000000
___aodiv                                      text17       0015B8
___aodiv@counter                              cstackCOMRAM 000028
___aodiv@dividend                             cstackCOMRAM 000018
___aodiv@divisor                              cstackCOMRAM 000020
___aodiv@quotient                             cstackCOMRAM 00002A
___aodiv@sign                                 cstackCOMRAM 000029
___aomod                                      text16       001750
___aomod@counter                              cstackCOMRAM 000028
___aomod@dividend                             cstackCOMRAM 000018
___aomod@divisor                              cstackCOMRAM 000020
___aomod@sign                                 cstackCOMRAM 000029
___inthi_sp                                   stack        000000
___intlo_sp                                   stack        000000
___param_bank                                 (abs)        000000
___rparam_used                                (abs)        000001
___sp                                         stack        000000
__accesstop                                   (abs)        000060
__activetblptr                                (abs)        000003
__end_of_ADCC_DefaultInterruptHandler         text95       002D14
__end_of_ADCC_GetConversionResult             text99       002BAC
__end_of_ADCC_ISR                             text94       002932
__end_of_ADCC_Initialize                      text38       002420
__end_of_ADCC_SetADIInterruptHandler          text39       002C44
__end_of_ADCC_StartConversion                 text20       002BCE
__end_of_FVR_Initialize                       text37       002C92
__end_of_I2C1_CallbackReturnReset             text77       002D0C
__end_of_I2C1_CallbackReturnStop              text78       002D10
__end_of_I2C1_ClearInterruptFlags             text87       0025F8
__end_of_I2C1_DO_ADDRESS_NACK                 text46       0024F8
__end_of_I2C1_DO_BUS_COLLISION                text45       0023B2
__end_of_I2C1_DO_BUS_ERROR                    text44       002BDE
__end_of_I2C1_DO_IDLE                         text61       002C6C
__end_of_I2C1_DO_RESET                        text47       002BEE
__end_of_I2C1_DO_RX                           text57       001F9C
__end_of_I2C1_DO_RX_ACK                       text50       002CA2
__end_of_I2C1_DO_RX_EMPTY                     text55       001EFE
__end_of_I2C1_DO_RX_NACK_RESTART              text48       002C9A
__end_of_I2C1_DO_RX_NACK_STOP                 text49       002C52
__end_of_I2C1_DO_SEND_ADR_READ                text60       002960
__end_of_I2C1_DO_SEND_ADR_WRITE               text59       002B12
__end_of_I2C1_DO_SEND_RESTART                 text52       002D04
__end_of_I2C1_DO_SEND_RESTART_READ            text54       002C60
__end_of_I2C1_DO_SEND_RESTART_WRITE           text53       002D08
__end_of_I2C1_DO_SEND_STOP                    text51       002A34
__end_of_I2C1_DO_TX                           text58       001B16
__end_of_I2C1_DO_TX_ACK                       text62       002CAA
__end_of_I2C1_DO_TX_EMPTY                     text56       00224C
__end_of_I2C1_Initialize                      text36       002A7A
__end_of_I2C1_MasterClearCountFlag            text93       002CF4
__end_of_I2C1_MasterClearIrq                  text71       002CB2
__end_of_I2C1_MasterClearNackFlag             text92       002CEE
__end_of_I2C1_MasterClearStopFlag             text91       002CE8
__end_of_I2C1_MasterDisableRestart            text75       002CE2
__end_of_I2C1_MasterEnableRestart             text74       002CDC
__end_of_I2C1_MasterFsm                       text43       0022C6
__end_of_I2C1_MasterGetCounter                text65       002CBE
__end_of_I2C1_MasterGetRxData                 text70       002CD6
__end_of_I2C1_MasterIsCountFlagSet            text90       002B96
__end_of_I2C1_MasterIsNack                    text64       002B3E
__end_of_I2C1_MasterIsNackFlagSet             text89       002B80
__end_of_I2C1_MasterIsRxBufFull               text69       002B54
__end_of_I2C1_MasterIsStopFlagSet             text88       002B6A
__end_of_I2C1_MasterIsTxBufEmpty              text63       002B28
__end_of_I2C1_MasterIsr                       text42       002CB8
__end_of_I2C1_MasterResetBus                  text76       002C8A
__end_of_I2C1_MasterSendAck                   text68       002CD0
__end_of_I2C1_MasterSendNack                  text67       002CCA
__end_of_I2C1_MasterSendTxData                text72       002C76
__end_of_I2C1_MasterSetCounter                text73       002C80
__end_of_I2C1_MasterStop                      text66       002CC4
__end_of_I2C1_SetBuffer                       text86       0029B8
__end_of_I2C1_SetCallback                     text85       0021CC
__end_of_I2C1_SetDataCompleteCallback         text84       002A9A
__end_of_INTERRUPT_Initialize                 text35       002D00
__end_of_INTERRUPT_InterruptManager           text40       0019EE
__end_of_OSCILLATOR_Initialize                text34       002AD0
__end_of_PIN_MANAGER_Initialize               text33       001E58
__end_of_PMD_Initialize                       text32       002A58
__end_of_SYSTEM_Initialize                    text24       002A0C
__end_of_TMR0_Initialize                      text31       002AFC
__end_of_TMR0_StartTimer                      text23       002CFC
__end_of_TMR1_Initialize                      text30       0027DA
__end_of_TMR1_ReadTimer                       text3        0029E2
__end_of_TMR1_StartTimer                      text22       002CF8
__end_of_UART1_Initialize                     text25       00214A
__end_of_UART1_SetErrorHandler                text29       002C36
__end_of_UART1_SetFramingErrorHandler         text28       002C28
__end_of_UART1_SetOverrunErrorHandler         text27       002C1A
__end_of_UART1_SetTxInterruptHandler          text26       002C0C
__end_of_UART1_Transmit_ISR                   text41       002764
__end_of_UART1_Write                          text14       002554
__end_of_UART1_is_tx_ready                    text13       002AE6
__end_of___aodiv                              text17       001750
__end_of___aomod                              text16       0018C4
__end_of__initialization                      cinit        00271A
__end_of_aCaptGetResult                       text21       001C08
__end_of_aCaptureInit                         text18       0025A6
__end_of_abs                                  text15       002644
__end_of_adcCaptureIsr                        text96       0020C6
__end_of_adcGetCh                             text19       00280E
__end_of_dtoa                                 text7        001386
__end_of_fputc                                text11       002032
__end_of_fputs                                text10       0026DA
__end_of_fsmStateTable                        smallconst   001027
__end_of_main                                 text0        001DAC
__end_of_pad                                  text8        001CEE
__end_of_printf                               text4        00298C
__end_of_putch                                text12       002AB8
__end_of_rd1RegCompleteHandler                text82       0028D2
__end_of_rd2RegCompleteHandler                text81       0028A2
__end_of_rdBlkRegCompleteHandler              text79       002690
__end_of_strlen                               text9        0027A2
__end_of_timeElapsedR                         text2        00248C
__end_of_timeGet                              text1        002BBE
__end_of_vfpfcnvrt                            text6        0015B8
__end_of_vfprintf                             text5        00233E
__end_of_wr1RegCompleteHandler                text80       002872
__end_of_wr2RegCompleteHandler                text83       002902
__end_ofi2_ADCC_StartConversion               text98       002BFE
__end_ofi2_adcGetCh                           text97       002842
__initialization                              cinit        0026DA
__mediumconst                                 mediumconst  000000
__pbssBANK0                                   bssBANK0     000060
__pbssCOMRAM                                  bssCOMRAM    000033
__pcinit                                      cinit        0026DA
__pcstackBANK0                                cstackBANK0  0000AE
__pcstackBANK1                                cstackBANK1  000100
__pcstackCOMRAM                               cstackCOMRAM 000001
__pdataCOMRAM                                 dataCOMRAM   000047
__pidataCOMRAM                                idataCOMRAM  002D10
__pivt0x8                                     ivt0x8       000008
__pnvBANK0                                    nvBANK0      0000F6
__pnvCOMRAM                                   nvCOMRAM     000042
__psmallconst                                 smallconst   001000
__ptext0                                      text0        001CEE
__ptext1                                      text1        002BAC
__ptext10                                     text10       002690
__ptext100                                    text100      000000
__ptext11                                     text11       001F9C
[...]
      Temps:          0       0       0       0       0       0       0       0       0       0       0       0       0       0       0       0       0
      Totals:         0       0       0       0       0       0       0       0       0       0       0       0       0       0       0       0       0
Total ram usage:        0 bytes
 Hardware stack levels used:    1
 This function calls:
		Nothing
 This function is called by:
		_I2C1_ClearInterruptFlags
 This function uses a non-reentrant model


 *************** function _I2C1_MasterClearNackFlag *****************
 Defined at:
		line 771 in file "mcc_generated_files/i2c1_master.c"
 Parameters:    Size  Location     Type
		None
 Auto vars:     Size  Location     Type
		None
 Return value:  Size  Location     Type
                  1    wreg      void 
 Registers used:
		None
 Tracked objects:
		On entry : 
		On exit  : 
		Unchanged: 
 Data sizes:     COMRAM   BANK0   BANK1   BANK2   BANK3   BANK4   BANK5   BANK6   BANK7   BANK8   BANK9  BANK10  BANK11  BANK12  BANK13  BANK14  BANK15
      Params:         0       0       0       0       0       0       0       0       0       0       0       0       0       0       0       0       0
      Locals:         0       0       0       0       0       0       0       0       0       0       0       0       0       0       0       0       0
      Temps:          0       0       0       0       0       0       0       0       0       0       0       0       0       0       0       0       0
      Totals:         0       0       0       0       0       0       0       0       0       0       0       0       0       0       0       0       0
Total ram usage:        0 bytes
 Hardware stack levels used:    1
 This function calls:
		Nothing
 This function is called by:
		_I2C1_ClearInterruptFlags
 This function uses a non-reentrant model


 *************** function _I2C1_MasterClearCountFlag *****************
 Defined at:
		line 766 in file "mcc_generated_files/i2c1_master.c"
 Parameters:    Size  Location     Type
		None
 Auto vars:     Size  Location     Type
		None
 Return value:  Size  Location     Type
                  1    wreg      void 
 Registers used:
		None
 Tracked objects:
		On entry : 
		On exit  : 
		Unchanged: 
 Data sizes:     COMRAM   BANK0   BANK1   BANK2   BANK3   BANK4   BANK5   BANK6   BANK7   BANK8   BANK9  BANK10  BANK11  BANK12  BANK13  BANK14  BANK15
      Params:         0       0       0       0       0       0       0       0       0       0       0       0       0       0       0       0       0
      Locals:         0       0       0       0       0       0       0       0       0       0       0       0       0       0       0       0       0
      Temps:          0       0       0       0       0       0       0       0       0       0       0       0       0       0       0       0       0
      Totals:         0       0       0       0       0       0       0       0       0       0       0       0       0       0       0       0       0
Total ram usage:        0 bytes
 Hardware stack levels used:    1
 This function calls:
		Nothing
 This function is called by:
		_I2C1_ClearInterruptFlags
 This function uses a non-reentrant model


 *************** function _ADCC_ISR *****************
 Defined at:
		line 306 in file "mcc_generated_files/adcc.c"
 Parameters:    Size  Location     Type
		None
 Auto vars:     Size  Location     Type
		None
 Return value:  Size  Location     Type
                  1    wreg      void 
 Registers used:
		wreg, fsr2l, fsr2h, status,2, status,0, pclath, tosl, prodl, prodh, cstack
 Tracked objects:
		On entry : 
		On exit  : 
		Unchanged: 
 Data sizes:     COMRAM   BANK0   BANK1   BANK2   BANK3   BANK4   BANK5   BANK6   BANK7   BANK8   BANK9  BANK10  BANK11  BANK12  BANK13  BANK14  BANK15
      Params:         0       0       0       0       0       0       0       0       0       0       0       0       0       0       0       0       0
      Locals:         0       0       0       0       0       0       0       0       0       0       0       0       0       0       0       0       0
      Temps:          0       0       0       0       0       0       0       0       0       0       0       0       0       0       0       0       0
      Totals:         0       0       0       0       0       0       0       0       0       0       0       0       0       0       0       0       0
Total ram usage:        0 bytes
 Hardware stack levels used:    1
 Hardware stack levels required when called:    2
 This function calls:
		Absolute function
		_ADCC_DefaultInterruptHandler
		_adcCaptureIsr
 This function is called by:
		_INTERRUPT_InterruptManager
 This function uses a non-reentrant model


 *************** function _ADCC_DefaultInterruptHandler *****************
 Defined at:
		line 319 in file "mcc_generated_files/adcc.c"
 Parameters:    Size  Location     Type
		None
 Auto vars:     Size  Location     Type
		None
 Return value:  Size  Location     Type
                  1    wreg      void 
 Registers used:
		None
 Tracked objects:
		On entry : 
		On exit  : 
		Unchanged: 
 Data sizes:     COMRAM   BANK0   BANK1   BANK2   BANK3   BANK4   BANK5   BANK6   BANK7   BANK8   BANK9  BANK10  BANK11  BANK12  BANK13  BANK14  BANK15
      Params:         0       0       0       0       0       0       0       0       0       0       0       0       0       0       0       0       0
      Locals:         0       0       0       0       0       0       0       0       0       0       0       0       0       0       0       0       0
      Temps:          0       0       0       0       0       0       0       0       0       0       0       0       0       0       0       0       0
      Totals:         0       0       0       0       0       0       0       0       0       0       0       0       0       0       0       0       0
Total ram usage:        0 bytes
 Hardware stack levels used:    1
 This function calls:
		Nothing
 This function is called by:
		_ADCC_Initialize
		_ADCC_ISR
 This function uses a non-reentrant model


 *************** function _adcCaptureIsr *****************
 Defined at:
		line 32 in file "aCapture.c"
 Parameters:    Size  Location     Type
		None
 Auto vars:     Size  Location     Type
  adcData         2    0        unsigned short 
 Return value:  Size  Location     Type
                  1    wreg      void 
 Registers used:
		wreg, fsr2l, fsr2h, status,2, status,0, prodl, prodh, cstack
 Tracked objects:
		On entry : 
		On exit  : 
		Unchanged: 
 Data sizes:     COMRAM   BANK0   BANK1   BANK2   BANK3   BANK4   BANK5   BANK6   BANK7   BANK8   BANK9  BANK10  BANK11  BANK12  BANK13  BANK14  BANK15
      Params:         0       0       0       0       0       0       0       0       0       0       0       0       0       0       0       0       0
      Locals:         0       0       0       0       0       0       0       0       0       0       0       0       0       0       0       0       0
      Temps:          0       0       0       0       0       0       0       0       0       0       0       0       0       0       0       0       0
      Totals:         0       0       0       0       0       0       0       0       0       0       0       0       0       0       0       0       0
Total ram usage:        0 bytes
 Hardware stack levels used:    1
 Hardware stack levels required when called:    1
 This function calls:
		_ADCC_GetConversionResult
		i2_ADCC_StartConversion
		i2_adcGetCh
 This function is called by:
		_aCaptureInit
		_ADCC_ISR
 This function uses a non-reentrant model


 *************** function i2_adcGetCh *****************
 Defined at:
		line 21 in file "aCapture.c"
 Parameters:    Size  Location     Type
  sel             1    wreg     enum E16102
 Auto vars:     Size  Location     Type
  sel             1    2[COMRAM] enum E16102
 Return value:  Size  Location     Type
                  1    wreg      enum E16053
 Registers used:
		wreg, status,2, status,0
 Tracked objects:
		On entry : 
		On exit  : 
		Unchanged: 
 Data sizes:     COMRAM   BANK0   BANK1   BANK2   BANK3   BANK4   BANK5   BANK6   BANK7   BANK8   BANK9  BANK10  BANK11  BANK12  BANK13  BANK14  BANK15
      Params:         0       0       0       0       0       0       0       0       0       0       0       0       0       0       0       0       0
      Locals:         1       0       0       0       0       0       0       0       0       0       0       0       0       0       0       0       0
      Temps:          2       0       0       0       0       0       0       0       0       0       0       0       0       0       0       0       0
      Totals:         3       0       0       0       0       0       0       0       0       0       0       0       0       0       0       0       0
Total ram usage:        3 bytes
 Hardware stack levels used:    1
 This function calls:
		Nothing
 This function is called by:
		_adcCaptureIsr
 This function uses a non-reentrant model


 *************** function i2_ADCC_StartConversion *****************
 Defined at:
		line 120 in file "mcc_generated_files/adcc.c"
 Parameters:    Size  Location     Type
  channel         1    wreg     enum E16053
 Auto vars:     Size  Location     Type
  channel         1    0[COMRAM] enum E16053
 Return value:  Size  Location     Type
                  1    wreg      void 
 Registers used:
		wreg
 Tracked objects:
		On entry : 
		On exit  : 
		Unchanged: 
 Data sizes:     COMRAM   BANK0   BANK1   BANK2   BANK3   BANK4   BANK5   BANK6   BANK7   BANK8   BANK9  BANK10  BANK11  BANK12  BANK13  BANK14  BANK15
      Params:         0       0       0       0       0       0       0       0       0       0       0       0       0       0       0       0       0
      Locals:         1       0       0       0       0       0       0       0       0       0       0       0       0       0       0       0       0
      Temps:          0       0       0       0       0       0       0       0       0       0       0       0       0       0       0       0       0
      Totals:         1       0       0       0       0       0       0       0       0       0       0       0       0       0       0       0       0
Total ram usage:        1 bytes
 Hardware stack levels used:    1
 This function calls:
		Nothing
 This function is called by:
		_adcCaptureIsr
 This function uses a non-reentrant model


 *************** function _ADCC_GetConversionResult *****************
 Defined at:
		line 138 in file "mcc_generated_files/adcc.c"
 Parameters:    Size  Location     Type
		None
 Auto vars:     Size  Location     Type
		None
 Return value:  Size  Location     Type
                  2    0[COMRAM] unsigned short 
 Registers used:
		wreg, status,2, status,0
 Tracked objects:
		On entry : 
		On exit  : 
		Unchanged: 
 Data sizes:     COMRAM   BANK0   BANK1   BANK2   BANK3   BANK4   BANK5   BANK6   BANK7   BANK8   BANK9  BANK10  BANK11  BANK12  BANK13  BANK14  BANK15
      Params:         2       0       0       0       0       0       0       0       0       0       0       0       0       0       0       0       0
      Locals:         0       0       0       0       0       0       0       0       0       0       0       0       0       0       0       0       0
      Temps:          2       0       0       0       0       0       0       0       0       0       0       0       0       0       0       0       0
      Totals:         4       0       0       0       0       0       0       0       0       0       0       0       0       0       0       0       0
Total ram usage:        4 bytes
 Hardware stack levels used:    1
 This function calls:
		Nothing
 This function is called by:
		_adcCaptureIsr
 This function uses a non-reentrant model



MODULE INFORMATION

Module		Function		Class		Link	Load	Size
mcc_generated_files/examples/i2c1_master_example.c
		_wr1RegCompleteHandler		CODE           	2842	0000	49
		_wr2RegCompleteHandler		CODE           	28D2	0000	49
		_rdBlkRegCompleteHandler		CODE           	2644	0000	77
		_rd1RegCompleteHandler		CODE           	28A2	0000	49
		_rd2RegCompleteHandler		CODE           	2872	0000	49

mcc_generated_files/examples/i2c1_master_example.c estimated size: 273

C:\Program Files (x86)\Microchip\xc8\v2.10\pic\sources\c99\common\aodiv.c
		___aodiv       		CODE           	15B8	0000	409

C:\Program Files (x86)\Microchip\xc8\v2.10\pic\sources\c99\common\aodiv.c estimated size: 409

mcc_generated_files/fvr.c
		_FVR_Initialize		CODE           	2C8A	0000	9

mcc_generated_files/fvr.c estimated size: 9

mcc_generated_files/i2c1_master.c
		_I2C1_DO_SEND_RESTART		CODE           	2D00	0000	5
		_I2C1_MasterIsNackFlagSet		CODE           	2B6A	0000	23
		_I2C1_DO_RX_EMPTY		CODE           	1E58	0000	167
		_I2C1_DO_TX_EMPTY		CODE           	21CC	0000	129
		_I2C1_DO_SEND_RESTART_READ		CODE           	2C52	0000	15
		_I2C1_MasterClearNackFlag		CODE           	2CE8	0000	7
		_I2C1_CallbackReturnStop		CODE           	2D0C	0000	5
		_I2C1_DO_RX    		CODE           	1EFE	0000	159
		_I2C1_DO_TX    		CODE           	19EE	0000	297
		_I2C1_DO_IDLE  		CODE           	2C60	0000	13
		_I2C1_MasterSendTxData		CODE           	2C6C	0000	11
		_I2C1_MasterStop		CODE           	2CBE	0000	7
		_I2C1_MasterIsStopFlagSet		CODE           	2B54	0000	23
		_I2C1_CallbackReturnReset		CODE           	2D08	0000	5
		_I2C1_DO_RESET 		CODE           	2BDE	0000	17
		_I2C1_DO_RX_ACK		CODE           	2C9A	0000	9
		_I2C1_DO_TX_ACK		CODE           	2CA2	0000	9
		_I2C1_MasterSendNack		CODE           	2CC4	0000	7
		_I2C1_DO_RX_NACK_RESTART		CODE           	2C92	0000	9
		_I2C1_ClearInterruptFlags		CODE           	25A6	0000	83
		_I2C1_MasterClearStopFlag		CODE           	2CE2	0000	7
		_I2C1_SetCallback		CODE           	214A	0000	131
		_I2C1_MasterEnableRestart		CODE           	2CD6	0000	7
		_I2C1_MasterGetCounter		CODE           	2CB8	0000	7
		_I2C1_MasterSetCounter		CODE           	2C76	0000	11
		_I2C1_DO_ADDRESS_NACK		CODE           	248C	0000	109
		_I2C1_MasterDisableRestart		CODE           	2CDC	0000	7
		_I2C1_MasterClearCountFlag		CODE           	2CEE	0000	7
		_I2C1_SetBuffer		CODE           	298C	0000	45
		_I2C1_DO_SEND_RESTART_WRITE		CODE           	2D04	0000	5
		_I2C1_MasterIsTxBufEmpty		CODE           	2B12	0000	23
		_I2C1_Initialize		CODE           	2A58	0000	35
		_I2C1_MasterIsRxBufFull		CODE           	2B3E	0000	23
		_I2C1_MasterIsNack		CODE           	2B28	0000	23
		_I2C1_DO_SEND_ADR_WRITE		CODE           	2AFC	0000	23
		_I2C1_MasterClearIrq		CODE           	2CAA	0000	9
		_I2C1_SetDataCompleteCallback		CODE           	2A7A	0000	33
		_I2C1_DO_SEND_STOP		CODE           	2A0C	0000	41
		_I2C1_DO_BUS_COLLISION		CODE           	233E	0000	117
		_I2C1_DO_BUS_ERROR		CODE           	2BCE	0000	17
		_I2C1_MasterSendAck		CODE           	2CCA	0000	7
		_I2C1_MasterFsm		CODE           	224C	0000	123
		_I2C1_MasterIsr		CODE           	2CB2	0000	7
		_I2C1_MasterGetRxData		CODE           	2CD0	0000	7
		_I2C1_MasterResetBus		CODE           	2C80	0000	11
		_I2C1_MasterIsCountFlagSet		CODE           	2B80	0000	23
		_I2C1_DO_SEND_ADR_READ		CODE           	2932	0000	47
		_I2C1_DO_RX_NACK_STOP		CODE           	2C44	0000	15

mcc_generated_files/i2c1_master.c estimated size: 1920

mcc_generated_files/interrupt_manager.c
		_INTERRUPT_Initialize		CODE           	2CFC	0000	5
		_INTERRUPT_InterruptManager		CODE           	18C4	0000	299

mcc_generated_files/interrupt_manager.c estimated size: 304

C:\Program Files (x86)\Microchip\xc8\v2.10\pic\sources\c99\common\strlen.c
		_strlen        		CODE           	2764	0000	63

C:\Program Files (x86)\Microchip\xc8\v2.10\pic\sources\c99\common\strlen.c estimated size: 63

mcc_generated_files/tmr0.c
		_TMR0_StartTimer		CODE           	2CF8	0000	5
		_TMR0_Initialize		CODE           	2AE6	0000	23

mcc_generated_files/tmr0.c estimated size: 28

mcc_generated_files/pin_manager.c
		_PIN_MANAGER_Initialize		CODE           	1DAC	0000	173

mcc_generated_files/pin_manager.c estimated size: 173

C:\Program Files (x86)\Microchip\xc8\v2.10\pic\sources\c99\common\doprnt.c
		_vfpfcnvrt     		CODE           	1386	0000	563
		_pad           		CODE           	1C08	0000	231
		_dtoa          		CODE           	103A	0000	845
		_vfprintf      		CODE           	22C6	0000	121

C:\Program Files (x86)\Microchip\xc8\v2.10\pic\sources\c99\common\doprnt.c estimated size: 1760

C:\Program Files (x86)\Microchip\xc8\v2.10\pic\sources\c99\common\nf_fputs.c
		_fputs         		CODE           	2690	0000	75

C:\Program Files (x86)\Microchip\xc8\v2.10\pic\sources\c99\common\nf_fputs.c estimated size: 75

mcc_generated_files/uart1.c
		_UART1_Write   		CODE           	24F8	0000	93
		_UART1_SetFramingErrorHandler		CODE           	2C1A	0000	15
		_UART1_SetOverrunErrorHandler		CODE           	2C0C	0000	15
		_UART1_SetTxInterruptHandler		CODE           	2BFE	0000	15
		_UART1_Initialize		CODE           	20C6	0000	133
		_UART1_SetErrorHandler		CODE           	2C28	0000	15
		_UART1_Transmit_ISR		CODE           	2720	0000	69
		_UART1_is_tx_ready		CODE           	2AD0	0000	23

mcc_generated_files/uart1.c estimated size: 378

shared
		i2_adcGetCh    		CODE           	280E	0000	53
		__initialization		CODE           	26DA	0000	65
		_fsmStateTable 		SMALLCONST     	1001	0000	39
		i2_ADCC_StartConversion		CODE           	2BEE	0000	17

shared estimated size: 174

mcc_generated_files/mcc.c
		_PMD_Initialize		CODE           	2A34	0000	37
		_OSCILLATOR_Initialize		CODE           	2AB8	0000	25
		_SYSTEM_Initialize		CODE           	29E2	0000	43

mcc_generated_files/mcc.c estimated size: 105

mcc_generated_files/tmr1.c
		_TMR1_Initialize		CODE           	27A2	0000	57
		_TMR1_StartTimer		CODE           	2CF4	0000	5
		_TMR1_ReadTimer		CODE           	29B8	0000	43

mcc_generated_files/tmr1.c estimated size: 105

C:\Program Files (x86)\Microchip\xc8\v2.10\pic\sources\c99\common\aomod.c
		___aomod       		CODE           	1750	0000	373

C:\Program Files (x86)\Microchip\xc8\v2.10\pic\sources\c99\common\aomod.c estimated size: 373

C:\Program Files (x86)\Microchip\xc8\v2.10\pic\sources\c99\common\abs.c
		_abs           		CODE           	25F8	0000	77

C:\Program Files (x86)\Microchip\xc8\v2.10\pic\sources\c99\common\abs.c estimated size: 77

mcc_generated_files/adcc.c
		_ADCC_DefaultInterruptHandler		CODE           	2D12	0000	3
		_ADCC_GetConversionResult		CODE           	2B96	0000	23
		_ADCC_SetADIInterruptHandler		CODE           	2C36	0000	15
		_ADCC_ISR      		CODE           	2902	0000	49
		_ADCC_StartConversion		CODE           	2BBE	0000	17
		_ADCC_Initialize		CODE           	23B2	0000	111

mcc_generated_files/adcc.c estimated size: 218

main.c
		_putch         		CODE           	2A9A	0000	31
		_main          		CODE           	1CEE	0000	191
		_timeGet       		CODE           	2BAC	0000	19
		_timeElapsedR  		CODE           	2420	0000	109

main.c estimated size: 350

C:\Program Files (x86)\Microchip\xc8\v2.10\pic\sources\c99\common\printf.c
		_printf        		CODE           	2960	0000	45

C:\Program Files (x86)\Microchip\xc8\v2.10\pic\sources\c99\common\printf.c estimated size: 45

aCapture.c
		_aCaptureInit  		CODE           	2554	0000	83
		_adcCaptureIsr 		CODE           	2032	0000	149
		_aCaptGetResult		CODE           	1B16	0000	243
		_adcGetCh      		CODE           	27DA	0000	53

aCapture.c estimated size: 528

C:\Program Files (x86)\Microchip\xc8\v2.10\pic\sources\c99\common\nf_fputc.c
		_fputc         		CODE           	1F9C	0000	151

C:\Program Files (x86)\Microchip\xc8\v2.10\pic\sources\c99\common\nf_fputc.c estimated size: 151

