Microchip MPLAB XC8 Compiler V2.10 ()

Linker command line:

-W-3 --edf=/Applications/microchip/xc8/v2.10/pic/dat/en_msgs.txt \
  -pivt0x8=08h -cs -h+dist/default/production/Monitor.X.production.sym \
  --cmf=dist/default/production/Monitor.X.production.cmf -z -Q18F46K42 \
  -o/tmp/xcp9JzR50 --defsym=__MPLAB_BUILD=1 \
  -Mdist/default/production/Monitor.X.production.map -E1 -ver=XC8 \
  --acfsm=1493 -ASTACK=0AA3h-0FFFh -pstack=STACK -ACODE=00h-0FFFFh \
  -ACONST=00h-0FFFFh -ASMALLCONST=01000h-010FFhx240 \
  -AMEDIUMCONST=01000h-0FFFFh -ACOMRAM=01h-05Fh -AABS1=00h-0FFFh \
  -ABIGRAM=01h-0FFFh -ARAM=060h-0FFh,0100h-01FFhx15 -ABANK0=060h-0FFh \
  -ABANK1=0100h-01FFh -ABANK2=0200h-02FFh -ABANK3=0300h-03FFh \
  -ABANK4=0400h-04FFh -ABANK5=0500h-05FFh -ABANK6=0600h-06FFh \
  -ABANK7=0700h-07FFh -ABANK8=0800h-08FFh -ABANK9=0900h-09FFh \
  -ABANK10=0A00h-0AFFh -ABANK11=0B00h-0BFFh -ABANK12=0C00h-0CFFh \
  -ABANK13=0D00h-0DFFh -ABANK14=0E00h-0EFFh -ABANK15=0F00h-0FFFh \
  -ASFR=03800h-038FFhx7,03F00h-03F5Fh,03F60h-03FFFh -preset_vec=00h \
  -ppowerup=CODE,init -pramtop=01000h -psmallconst=SMALLCONST \
  -pmediumconst=MEDIUMCONST -pconst=CONST -AFARRAM=00h-00h \
  -ACONFIG=0300000h-0300009h -pconfig=CONFIG -AIDLOC=0200000h-020000Fh \
  -pidloc=IDLOC -AEEDATA=0310000h-03103FFh -peeprom_data=EEDATA \
  -prdata=COMRAM,nvrram=COMRAM,nvbit=COMRAM,rbss=COMRAM,rbit=COMRAM \
  -pfarbss=FARRAM,fardata=FARRAM,nvFARRAM=FARRAM \
  -pintsave_regs=BIGRAM,bigbss=BIGRAM,bigdata=BIGRAM -pbss=RAM \
  -pidata=CODE,irdata=CODE,ibigdata=CODE,ifardata=CODE -prparam=COMRAM \
  /tmp/xc7x4VgeK.o dist/default/production/Monitor.X.production.o 

Object code version is 3.11

Machine type is 18F46K42

Call graph: (short form)




                Name                               Link     Load   Length Selector   Space Scale
/tmp/xc7x4VgeK.o
                init                                 1A       1A        4        4       0
                reset_vec                             0        0        4        0       0
                idloc                            200000   200000       10   200000       0
                config                           300000   300000        A   300000       0
dist/default/production/Monitor.X.production.o
                mediumconst                        FC56     FC56      3AA     7E2B       0
                ivt0x8                                8        8       12        4       0
                text382                            A09A     A09A       16     4F97       0
                text381                            A3D6     A3D6        E     4F97       0
                text380                            A670     A670        6     4F97       0
                text379                            A3C8     A3C8        E     4F97       0
                text378                            875E     875E       6C     2592       0
                text377                            A1CE     A1CE       10     4F97       0
                text376                            9A0C     9A0C       2E     2592       0
                text375                            84CA     84CA       70     2592       0
                text374                            97D4     97D4       34     2592       0
                text373                            9262     9262       44     2592       0
                text372                            570A     570A      170     2592       0
                text371                            8D74     8D74       56     2592       0
                text370                            A4A8     A4A8        A     4F97       0
                text369                            7482     7482       AE     2592       0
                text368                            94DA     94DA       3E     2592       0
                text367                            9056     9056       50     2592       0
                text366                            7056     7056       B6     2592       0
                text365                            8AFC     8AFC       62     2592       0
                text364                            5B40     5B40      158     2592       0
                text363                            6184     6184      134     2592       0
                text362                            949C     949C       3E     2592       0
                text361                            3464     3464      2B2        4       0
                text360                            5422     5422      178     2592       0
                text359                            97A0     97A0       34     2592       0
                text358                            976C     976C       34     2592       0
                text357                            9738     9738       34     2592       0
                text356                            8F14     8F14       52     2592       0
                text355                            39C4     39C4      282        4       0
                text354                            12EA     12EA      5EC        4       0
                text353                            87CA     87CA       6A     2592       0
                text352                            9C0E     9C0E       26     2592       0
                text351                            6050     6050      134     2592       0
                text350                            A6FA     A6FA        2     4F97       0
                text349                            9CE8     9CE8       24     2592       0
                text348                            A5D2     A5D2        8     4F97       0
                text347                            9BE8     9BE8       26     2592       0
                text346                            9D72     9D72       22     2592       0
                text345                            A6E6     A6E6        4     4F97       0
                text344                            A6E2     A6E2        4     4F97       0
                text343                            A3BA     A3BA        E     4F97       0
                text342                            A66A     A66A        6     4F97       0
                text341                            A664     A664        6     4F97       0
                text340                            9142     9142       4A     2592       0
                text339                            A49E     A49E        A     4F97       0
                text338                            9EB4     9EB4       20     2592       0
                text337                            A65E     A65E        6     4F97       0
                text336                            A494     A494        A     4F97       0
                text335                            A658     A658        6     4F97       0
                text334                            A5CA     A5CA        8     4F97       0
                text333                            A5C2     A5C2        8     4F97       0
                text332                            A5BA     A5BA        8     4F97       0
                text331                            A652     A652        6     4F97       0
                text330                            A64C     A64C        6     4F97       0
                text329                            A646     A646        6     4F97       0
                text328                            A5B2     A5B2        8     4F97       0
                text327                            A5AA     A5AA        8     4F97       0
                text326                            A5A2     A5A2        8     4F97       0
                text325                            A084     A084       16     4F97       0
                text324                            A06E     A06E       16     4F97       0
                text323                            A59A     A59A        8     4F97       0
                text322                            A592     A592        8     4F97       0
                text321                            A058     A058       16     4F97       0
                text320                            A042     A042       16     4F97       0
                text319                            A58A     A58A        8     4F97       0
                text318                            A640     A640        6     4F97       0
                text317                            A582     A582        8     4F97       0
                text316                            90F4     90F4       4E     2592       0
                text315                            A57A     A57A        8     4F97       0
                text314                            A438     A438        C     4F97       0
                text313                            9554     9554       3A     2592       0
                text312                            9006     9006       50     2592       0
                text311                            A3AC     A3AC        E     4F97       0
                text310                            A63A     A63A        6     4F97       0
                text309                            7FFA     7FFA       88     2592       0
                text308                            99DE     99DE       2E     2592       0
                text307                            512E     512E      17C     2592       0
                text306                            9BC2     9BC2       26     2592       0
                text305                            A39E     A39E        E     4F97       0
                text304                            9B9C     9B9C       26     2592       0
                text303                            9B76     9B76       26     2592       0
                text302                            A42C     A42C        C     4F97       0
                text301                            A390     A390        E     4F97       0
                text300                            A420     A420        C     4F97       0
                text299                            A382     A382        E     4F97       0
                text298                            A374     A374        E     4F97       0
                text297                            8372     8372       74     2592       0
                text296                            8EC2     8EC2       52     2592       0
                text295                            1EA8     1EA8      3CC        4       0
                text294                            A14C     A14C       12     4F97       0
                text293                            A1BE     A1BE       10     4F97       0
                text292                            A13A     A13A       12     4F97       0
                text291                            A572     A572        8     4F97       0
                text290                            A366     A366        E     4F97       0
                text289                            6C74     6C74       D4     2592       0
                text288                            6E14     6E14       CA     2592       0
                text287                            A48A     A48A        A     4F97       0
                text286                            A56A     A56A        8     4F97       0
                text285                            A480     A480        A     4F97       0
                text284                            A476     A476        A     4F97       0
                text283                            A562     A562        8     4F97       0
                text282                            A55A     A55A        8     4F97       0
                text281                            436A     436A      24A        4       0
                text280                            89D0     89D0       66     2592       0
                text279                            767E     767E       A6     2592       0
                text278                            8BBC     8BBC       5E     2592       0
                text277                            4B24     4B24      186     2592       0
                text276                            A6DE     A6DE        4     4F97       0
                text275                            A6DA     A6DA        4     4F97       0
                text274                            A358     A358        E     4F97       0
                text273                            62B8     62B8      126     2592       0
                text272                            99B0     99B0       2E     2592       0
                text271                            3EC4     3EC4      25A        4       0
                text270                            8D1E     8D1E       56     2592       0
                text269                            9E94     9E94       20     2592       0
                text268                            889C     889C       68     2592       0
                text267                            8A36     8A36       64     2592       0
                text266                            9704     9704       34     2592       0
                text265                            9666     9666       36     2592       0
                text264                            A634     A634        6     4F97       0
                text263                            9E74     9E74       20     2592       0
                text262                            9E54     9E54       20     2592       0
                text261                            A552     A552        8     4F97       0
                text260                            9E34     9E34       20     2592       0
                text259                            9E14     9E14       20     2592       0
                text258                            A54A     A54A        8     4F97       0
                text257                            A542     A542        8     4F97       0
                text256                            A53A     A53A        8     4F97       0
                text255                            A62E     A62E        6     4F97       0
                text254                            7EE8     7EE8       8A     2592       0
                text253                            8CC8     8CC8       56     2592       0
                text252                            75D8     75D8       A6     2592       0
                text251                            9AB6     9AB6       28     2592       0
                text250                            945E     945E       3E     2592       0
                text249                            7AD8     7AD8       9A     2592       0
                text248                            8684     8684       6E     2592       0
                text247                            A6F8     A6F8        2     4F97       0
                text246                              1E       1E     12CC        4       0
                text245                            9D50     9D50       22     2592       0
                text244                            A628     A628        6     4F97       0
                text243                            7B72     7B72       98     2592       0
                text242                            7322     7322       B2     2592       0
                text241                            5DDA     5DDA      142     2592       0
                text240                            A6D6     A6D6        4     4F97       0
                text239                            A6D2     A6D2        4     4F97       0
                text238                            670C     670C      100     2592       0
                text237                            A1AE     A1AE       10     4F97       0
                text236                            A6CE     A6CE        4     4F97       0
                text235                            A19E     A19E       10     4F97       0
                text234                            9982     9982       2E     2592       0
                text233                            47A6     47A6      1EE        4       0
                text232                            A6F6     A6F6        2     4F97       0
                text231                            6608     6608      104     2592       0
                text230                            9CC4     9CC4       24     2592       0
                text229                            983A     983A       32     2592       0
                text228                            9F2E     9F2E       1C     4F97       0
                text227                            A622     A622        6     4F97       0
                text226                            A46C     A46C        A     4F97       0
                text225                            A34A     A34A        E     4F97       0
                text224                            A6CA     A6CA        4     4F97       0
                text223                            2632     2632      3AA        4       0
                text222                            A6F4     A6F4        2     4F97       0
                text221                            A61C     A61C        6     4F97       0
                text220                            9954     9954       2E     2592       0
                text219                            9D2E     9D2E       22     2592       0
                text218                            A6F2     A6F2        2     4F97       0
                text217                            8834     8834       68     2592       0
                text216                            9CA0     9CA0       24     2592       0
                text215                            9808     9808       32     2592       0
                text214                            A6F0     A6F0        2     4F97       0
                text213                            8082     8082       86     2592       0
                text212                            9D0C     9D0C       22     2592       0
                text211                            9C7C     9C7C       24     2592       0
                text210                            A616     A616        6     4F97       0
                text209                            A6EE     A6EE        2     4F97       0
                text208                            A6EC     A6EC        2     4F97       0
                text207                            786A     786A       A0     2592       0
                text206                            91D4     91D4       48     2592       0
                text205                            680C     680C       F4     2592       0
                text204                            9DF4     9DF4       20     2592       0
                text203                            9DD4     9DD4       20     2592       0
                text202                            9518     9518       3C     2592       0
                text201                            8FB6     8FB6       50     2592       0
                text200                            A33C     A33C        E     4F97       0
                text199                            A610     A610        6     4F97       0
                text198                            7F72     7F72       88     2592       0
                text197                            9926     9926       2E     2592       0
                text196                            4FB2     4FB2      17C     2592       0
                text195                            9B50     9B50       26     2592       0
                text194                            A32E     A32E        E     4F97       0
                text193                            9B2A     9B2A       26     2592       0
                text192                            9B04     9B04       26     2592       0
                text191                            A414     A414        C     4F97       0
                text190                            A320     A320        E     4F97       0
                text189                            A114     A114       14     4F97       0
                text188                            A100     A100       14     4F97       0
                text187                            A312     A312        E     4F97       0
                text186                            82FE     82FE       74     2592       0
                text185                            98F8     98F8       2E     2592       0
                text184                            9630     9630       36     2592       0
                text183                            921C     921C       46     2592       0
                text182                            559A     559A      170     2592       0
                text181                            8C72     8C72       56     2592       0
                text180                            A408     A408        C     4F97       0
                text179                            6F9E     6F9E       B8     2592       0
                text178                            9420     9420       3E     2592       0
                text177                            8DCA     8DCA       54     2592       0
                text176                            7270     7270       B2     2592       0
                text175                            8A9A     8A9A       62     2592       0
                text174                            59E8     59E8      158     2592       0
                text173                            5F1C     5F1C      134     2592       0
                text172                            93E2     93E2       3E     2592       0
                text171                            3716     3716      2AE        4       0
                text170                            52AA     52AA      178     2592       0
                text169                            95FA     95FA       36     2592       0
                text168                            95C4     95C4       36     2592       0
                text167                            958E     958E       36     2592       0
                text166                            8E70     8E70       52     2592       0
                text165                            3C46     3C46      27E        4       0
                text164                            18D6     18D6      5D2        4       0
                text163                            8458     8458       72     2592       0
                text162                            8C1A     8C1A       58     2592       0
                text161                            2274     2274      3BE        4       0
                text160                            7A3E     7A3E       9A     2592       0
                text159                            71BE     71BE       B2     2592       0
                text158                            5C98     5C98      142     2592       0
                text157                            9A8E     9A8E       28     2592       0
                text156                            A60A     A60A        6     4F97       0
                text155                            A604     A604        6     4F97       0
                text154                            A532     A532        8     4F97       0
                text153                            A5FE     A5FE        6     4F97       0
                text152                            896A     896A       66     2592       0
                text151                            6BA0     6BA0       D4     2592       0
                text150                            8B5E     8B5E       5E     2592       0
                text149                            79A4     79A4       9A     2592       0
                text148                            A5F8     A5F8        6     4F97       0
                text147                            A5F2     A5F2        6     4F97       0
                text146                            A52A     A52A        8     4F97       0
                text145                            A5EC     A5EC        6     4F97       0
                text144                            A522     A522        8     4F97       0
                text143                            A18E     A18E       10     4F97       0
                text142                            A6C6     A6C6        4     4F97       0
                text141                            A17E     A17E       10     4F97       0
                text140                            A51A     A51A        8     4F97       0
                text139                            9EF2     9EF2       1E     2592       0
                text138                            A512     A512        8     4F97       0
                text137                            A50A     A50A        8     4F97       0
                text136                            A3FC     A3FC        C     4F97       0
                text135                            A304     A304        E     4F97       0
                text134                            A6C2     A6C2        4     4F97       0
                text133                            9A64     9A64       2A     2592       0
                text132                            29DC     29DC      3A8        4       0
                text131                            9FCC     9FCC       1A     4F97       0
                text130                            A462     A462        A     4F97       0
                text129                            93A4     93A4       3E     2592       0
                text128                            A5E6     A5E6        6     4F97       0
                text127                            A502     A502        8     4F97       0
                text126                            8616     8616       6E     2592       0
                text125                            A2F6     A2F6        E     4F97       0
                text124                            96D0     96D0       34     2592       0
                text123                            A6BE     A6BE        4     4F97       0
                text122                            69E4     69E4       E4     2592       0
                text121                            6AC8     6AC8       D8     2592       0
                text120                            A0EC     A0EC       14     4F97       0
                text119                            A6BA     A6BA        4     4F97       0
                text118                            818A     818A       82     2592       0
                text117                            A6B6     A6B6        4     4F97       0
                text116                            A6B2     A6B2        4     4F97       0
                text115                            A6AE     A6AE        4     4F97       0
                text114                            A6AA     A6AA        4     4F97       0
                text113                            9FB2     9FB2       1A     4F97       0
                text112                            9F98     9F98       1A     4F97       0
                text111                            9F7E     9F7E       1A     4F97       0
                text110                            9F64     9F64       1A     4F97       0
                text109                            A6A6     A6A6        4     4F97       0
                text108                            A6A2     A6A2        4     4F97       0
                text107                            A69E     A69E        4     4F97       0
                text106                            A69A     A69A        4     4F97       0
                text105                            A696     A696        4     4F97       0
                text104                            4E2E     4E2E      184     2592       0
                text103                            A2E8     A2E8        E     4F97       0
                text102                            986C     986C       30     2592       0
                text101                            A2DA     A2DA        E     4F97       0
                text100                            A692     A692        4     4F97       0
                text99                             820C     820C       7E     2592       0
                text98                             A2CC     A2CC        E     4F97       0
                text97                             A68E     A68E        4     4F97       0
                text96                             9A3A     9A3A       2A     2592       0
                text95                             7D36     7D36       96     2592       0
                text94                             7E5C     7E5C       8C     2592       0
                text93                             A02C     A02C       16     4F97       0
                text92                             A458     A458        A     4F97       0
                text91                             A2BE     A2BE        E     4F97       0
                text90                             A2B0     A2B0        E     4F97       0
                text89                             A2A2     A2A2        E     4F97       0
                text88                             A294     A294        E     4F97       0
                text87                             A3F0     A3F0        C     4F97       0
                text86                             A16E     A16E       10     4F97       0
                text85                             A286     A286        E     4F97       0
                text84                             A278     A278        E     4F97       0
                text83                             8904     8904       66     2592       0
                text82                             A26A     A26A        E     4F97       0
                text81                             A25C     A25C        E     4F97       0
                text80                             A68A     A68A        4     4F97       0
                text79                             A5E0     A5E0        6     4F97       0
                text78                             92E8     92E8       40     2592       0
                text77                             A4FA     A4FA        8     4F97       0
                text76                             7CA0     7CA0       96     2592       0
                text75                             77C8     77C8       A2     2592       0
                text74                             7C0A     7C0A       96     2592       0
                text73                             9DB4     9DB4       20     2592       0
                text72                             9366     9366       3E     2592       0
                text71                             9ADE     9ADE       26     2592       0
                text70                             7530     7530       A8     2592       0
                text69                             A6EA     A6EA        2     4F97       0
                text68                             A4F2     A4F2        8     4F97       0
                text67                             A686     A686        4     4F97       0
                text66                             6500     6500      108     2592       0
                text65                             7DCC     7DCC       90     2592       0
                text64                             90A6     90A6       4E     2592       0
                text63                             6900     6900       E4     2592       0
                text62                             A3E4     A3E4        C     4F97       0
                text61                             A44E     A44E        A     4F97       0
                text60                             A444     A444        A     4F97       0
                text59                             A4EA     A4EA        8     4F97       0
                text58                             9328     9328       3E     2592       0
                text57                             790A     790A       9A     2592       0
                text56                             85A8     85A8       6E     2592       0
                text55                             3104     3104      360        4       0
                text54                             A4E2     A4E2        8     4F97       0
                text53                             A24E     A24E        E     4F97       0
                text52                             A15E     A15E       10     4F97       0
                text51                             828A     828A       74     2592       0
                text50                             A4DA     A4DA        8     4F97       0
                text49                             A016     A016       16     4F97       0
                text48                             A0D8     A0D8       14     4F97       0
                text47                             A0C4     A0C4       14     4F97       0
                text46                             A0B0     A0B0       14     4F97       0
                text45                             411E     411E      24C        4       0
                text44                             A240     A240        E     4F97       0
                text43                             A682     A682        4     4F97       0
                text42                             83E6     83E6       72     2592       0
                text41                             A4D2     A4D2        8     4F97       0
                text40                             A4CA     A4CA        8     4F97       0
                text39                             A4C2     A4C2        8     4F97       0
                text38                             A4BA     A4BA        8     4F97       0
                text37                             45B4     45B4      1F2        4       0
                text36                             86F2     86F2       6C     2592       0
                text35                             9D94     9D94       20     2592       0
                text34                             A4B2     A4B2        8     4F97       0
                text33                             A128     A128       12     4F97       0
                text32                             A67E     A67E        4     4F97       0
                text31                             9FFE     9FFE       18     4F97       0
                text30                             710C     710C       B2     2592       0
                text29                             9C58     9C58       24     2592       0
                text28                             9FE6     9FE6       18     4F97       0
                text27                             9C34     9C34       24     2592       0
                text26                             8E1E     8E1E       52     2592       0
                text25                             9ED4     9ED4       1E     2592       0
                text24                             98CA     98CA       2E     2592       0
                text23                             8F66     8F66       50     2592       0
                text22                             989C     989C       2E     2592       0
                text21                             A232     A232        E     4F97       0
                text20                             A224     A224        E     4F97       0
                text19                             A216     A216        E     4F97       0
                text18                             A208     A208        E     4F97       0
                text17                             A1FA     A1FA        E     4F97       0
                text16                             6EDE     6EDE       C0     2592       0
                text15                             92A6     92A6       42     2592       0
                text14                             8108     8108       82     2592       0
                text13                             587A     587A      16E     2592       0
                text12                             7724     7724       A4     2592       0
                text11                             4CAA     4CAA      184     2592       0
                text10                             A67A     A67A        4     4F97       0
                text9                              A1EC     A1EC        E     4F97       0
                text8                              63DE     63DE      122     2592       0
                text7                              969C     969C       34     2592       0
                text6                              9F4A     9F4A       1A     4F97       0
                text5                              73D4     73D4       AE     2592       0
                text4                              A1DE     A1DE        E     4F97       0
                text3                              853A     853A       6E     2592       0
                text2                              918C     918C       48     2592       0
                text1                              A5DA     A5DA        6     4F97       0
                text0                              2D84     2D84      380        4       0
                cstackCOMRAM                          1        1       5F        1       1
                cstackBANK0                          60       60       68       60       1
                cstackBANK1                         100      100       C7      100       1
                cstackBANK2                         2F5      2F5        B      200       1
                cstackBANK3                         3F9      3F9        1      300       1
                dataBIGRAM                          914      914      18F      464       1
                bssBIGRAM                           464      464      4B0      464       1
                bssBANK4                            400      400       64      400       1
                bssBANK3                            300      300       F9      300       1
                dataBANK2                           2BC      2BC       1D      200       1
                bssBANK2                            200      200       BC      200       1
                dataBANK1                           1F8      1F8        4      100       1
                bssBANK1                            1C7      1C7       31      100       1
                bssBANK0                             C8       C8       38       60       1
                cinit                              6D48     6D48       CC     2592       0
                nvBANK2                             2D9      2D9       1C      200       1
                idataBANK2                         9F10     9F10       1D     2592       0
                idataBANK1                         A676     A676        4     4F97       0
                idataBIGRAM                        4994     4994      18F        4       0

TOTAL           Name                               Link     Load   Length     Space
        CLASS   STACK          

        CLASS   CODE           
                init                                 1A       1A        4         0
                reset_vec                             0        0        4         0
                ivt0x8                                8        8       12         0
                text382                            A09A     A09A       16         0
                text381                            A3D6     A3D6        E         0
                text380                            A670     A670        6         0
                text379                            A3C8     A3C8        E         0
                text378                            875E     875E       6C         0
                text377                            A1CE     A1CE       10         0
                text376                            9A0C     9A0C       2E         0
                text375                            84CA     84CA       70         0
                text374                            97D4     97D4       34         0
                text373                            9262     9262       44         0
                text372                            570A     570A      170         0
                text371                            8D74     8D74       56         0
                text370                            A4A8     A4A8        A         0
                text369                            7482     7482       AE         0
                text368                            94DA     94DA       3E         0
                text367                            9056     9056       50         0
                text366                            7056     7056       B6         0
                text365                            8AFC     8AFC       62         0
                text364                            5B40     5B40      158         0
                text363                            6184     6184      134         0
                text362                            949C     949C       3E         0
                text361                            3464     3464      2B2         0
                text360                            5422     5422      178         0
                text359                            97A0     97A0       34         0
                text358                            976C     976C       34         0
                text357                            9738     9738       34         0
                text356                            8F14     8F14       52         0
                text355                            39C4     39C4      282         0
                text354                            12EA     12EA      5EC         0
                text353                            87CA     87CA       6A         0
                text352                            9C0E     9C0E       26         0
                text351                            6050     6050      134         0
                text350                            A6FA     A6FA        2         0
                text349                            9CE8     9CE8       24         0
                text348                            A5D2     A5D2        8         0
                text347                            9BE8     9BE8       26         0
                text346                            9D72     9D72       22         0
                text345                            A6E6     A6E6        4         0
                text344                            A6E2     A6E2        4         0
                text343                            A3BA     A3BA        E         0
                text342                            A66A     A66A        6         0
                text341                            A664     A664        6         0
                text340                            9142     9142       4A         0
                text339                            A49E     A49E        A         0
                text338                            9EB4     9EB4       20         0
                text337                            A65E     A65E        6         0
                text336                            A494     A494        A         0
                text335                            A658     A658        6         0
                text334                            A5CA     A5CA        8         0
                text333                            A5C2     A5C2        8         0
                text332                            A5BA     A5BA        8         0
                text331                            A652     A652        6         0
                text330                            A64C     A64C        6         0
                text329                            A646     A646        6         0
                text328                            A5B2     A5B2        8         0
                text327                            A5AA     A5AA        8         0
                text326                            A5A2     A5A2        8         0
                text325                            A084     A084       16         0
                text324                            A06E     A06E       16         0
                text323                            A59A     A59A        8         0
                text322                            A592     A592        8         0
                text321                            A058     A058       16         0
                text320                            A042     A042       16         0
                text319                            A58A     A58A        8         0
                text318                            A640     A640        6         0
                text317                            A582     A582        8         0
                text316                            90F4     90F4       4E         0
                text315                            A57A     A57A        8         0
                text314                            A438     A438        C         0
                text313                            9554     9554       3A         0
                text312                            9006     9006       50         0
                text311                            A3AC     A3AC        E         0
                text310                            A63A     A63A        6         0
                text309                            7FFA     7FFA       88         0
                text308                            99DE     99DE       2E         0
                text307                            512E     512E      17C         0
                text306                            9BC2     9BC2       26         0
                text305                            A39E     A39E        E         0
                text304                            9B9C     9B9C       26         0
                text303                            9B76     9B76       26         0
                text302                            A42C     A42C        C         0
                text301                            A390     A390        E         0
                text300                            A420     A420        C         0
                text299                            A382     A382        E         0
                text298                            A374     A374        E         0
                text297                            8372     8372       74         0
                text296                            8EC2     8EC2       52         0
                text295                            1EA8     1EA8      3CC         0
                text294                            A14C     A14C       12         0
                text293                            A1BE     A1BE       10         0
                text292                            A13A     A13A       12         0
                text291                            A572     A572        8         0
                text290                            A366     A366        E         0
                text289                            6C74     6C74       D4         0
                text288                            6E14     6E14       CA         0
                text287                            A48A     A48A        A         0
                text286                            A56A     A56A        8         0
                text285                            A480     A480        A         0
                text284                            A476     A476        A         0
                text283                            A562     A562        8         0
                text282                            A55A     A55A        8         0
                text281                            436A     436A      24A         0
                text280                            89D0     89D0       66         0
                text279                            767E     767E       A6         0
                text278                            8BBC     8BBC       5E         0
                text277                            4B24     4B24      186         0
                text276                            A6DE     A6DE        4         0
                text275                            A6DA     A6DA        4         0
                text274                            A358     A358        E         0
                text273                            62B8     62B8      126         0
                text272                            99B0     99B0       2E         0
                text271                            3EC4     3EC4      25A         0
                text270                            8D1E     8D1E       56         0
                text269                            9E94     9E94       20         0
                text268                            889C     889C       68         0
                text267                            8A36     8A36       64         0
                text266                            9704     9704       34         0
                text265                            9666     9666       36         0
                text264                            A634     A634        6         0
                text263                            9E74     9E74       20         0
                text262                            9E54     9E54       20         0
                text261                            A552     A552        8         0
                text260                            9E34     9E34       20         0
                text259                            9E14     9E14       20         0
                text258                            A54A     A54A        8         0
                text257                            A542     A542        8         0
                text256                            A53A     A53A        8         0
                text255                            A62E     A62E        6         0
                text254                            7EE8     7EE8       8A         0
                text253                            8CC8     8CC8       56         0
                text252                            75D8     75D8       A6         0
                text251                            9AB6     9AB6       28         0
                text250                            945E     945E       3E         0
                text249                            7AD8     7AD8       9A         0
                text248                            8684     8684       6E         0
                text247                            A6F8     A6F8        2         0
                text246                              1E       1E     12CC         0
                text245                            9D50     9D50       22         0
                text244                            A628     A628        6         0
                text243                            7B72     7B72       98         0
                text242                            7322     7322       B2         0
                text241                            5DDA     5DDA      142         0
                text240                            A6D6     A6D6        4         0
                text239                            A6D2     A6D2        4         0
                text238                            670C     670C      100         0
                text237                            A1AE     A1AE       10         0
                text236                            A6CE     A6CE        4         0
                text235                            A19E     A19E       10         0
                text234                            9982     9982       2E         0
                text233                            47A6     47A6      1EE         0
                text232                            A6F6     A6F6        2         0
                text231                            6608     6608      104         0
                text230                            9CC4     9CC4       24         0
                text229                            983A     983A       32         0
                text228                            9F2E     9F2E       1C         0
                text227                            A622     A622        6         0
                text226                            A46C     A46C        A         0
                text225                            A34A     A34A        E         0
                text224                            A6CA     A6CA        4         0
                text223                            2632     2632      3AA         0
                text222                            A6F4     A6F4        2         0
                text221                            A61C     A61C        6         0
                text220                            9954     9954       2E         0
                text219                            9D2E     9D2E       22         0
                text218                            A6F2     A6F2        2         0
                text217                            8834     8834       68         0
                text216                            9CA0     9CA0       24         0
                text215                            9808     9808       32         0
                text214                            A6F0     A6F0        2         0
                text213                            8082     8082       86         0
                text212                            9D0C     9D0C       22         0
                text211                            9C7C     9C7C       24         0
                text210                            A616     A616        6         0
                text209                            A6EE     A6EE        2         0
                text208                            A6EC     A6EC        2         0
                text207                            786A     786A       A0         0
                text206                            91D4     91D4       48         0
                text205                            680C     680C       F4         0
                text204                            9DF4     9DF4       20         0
                text203                            9DD4     9DD4       20         0
                text202                            9518     9518       3C         0
                text201                            8FB6     8FB6       50         0
                text200                            A33C     A33C        E         0
                text199                            A610     A610        6         0
                text198                            7F72     7F72       88         0
                text197                            9926     9926       2E         0
                text196                            4FB2     4FB2      17C         0
                text195                            9B50     9B50       26         0
                text194                            A32E     A32E        E         0
                text193                            9B2A     9B2A       26         0
                text192                            9B04     9B04       26         0
                text191                            A414     A414        C         0
                text190                            A320     A320        E         0
                text189                            A114     A114       14         0
                text188                            A100     A100       14         0
                text187                            A312     A312        E         0
                text186                            82FE     82FE       74         0
                text185                            98F8     98F8       2E         0
                text184                            9630     9630       36         0
                text183                            921C     921C       46         0
                text182                            559A     559A      170         0
                text181                            8C72     8C72       56         0
                text180                            A408     A408        C         0
                text179                            6F9E     6F9E       B8         0
                text178                            9420     9420       3E         0
                text177                            8DCA     8DCA       54         0
                text176                            7270     7270       B2         0
                text175                            8A9A     8A9A       62         0
                text174                            59E8     59E8      158         0
                text173                            5F1C     5F1C      134         0
                text172                            93E2     93E2       3E         0
                text171                            3716     3716      2AE         0
                text170                            52AA     52AA      178         0
                text169                            95FA     95FA       36         0
                text168                            95C4     95C4       36         0
                text167                            958E     958E       36         0
                text166                            8E70     8E70       52         0
                text165                            3C46     3C46      27E         0
                text164                            18D6     18D6      5D2         0
                text163                            8458     8458       72         0
                text162                            8C1A     8C1A       58         0
                text161                            2274     2274      3BE         0
                text160                            7A3E     7A3E       9A         0
                text159                            71BE     71BE       B2         0
                text158                            5C98     5C98      142         0
                text157                            9A8E     9A8E       28         0
                text156                            A60A     A60A        6         0
                text155                            A604     A604        6         0
                text154                            A532     A532        8         0
                text153                            A5FE     A5FE        6         0
                text152                            896A     896A       66         0
                text151                            6BA0     6BA0       D4         0
                text150                            8B5E     8B5E       5E         0
                text149                            79A4     79A4       9A         0
                text148                            A5F8     A5F8        6         0
                text147                            A5F2     A5F2        6         0
                text146                            A52A     A52A        8         0
                text145                            A5EC     A5EC        6         0
                text144                            A522     A522        8         0
                text143                            A18E     A18E       10         0
                text142                            A6C6     A6C6        4         0
                text141                            A17E     A17E       10         0
                text140                            A51A     A51A        8         0
                text139                            9EF2     9EF2       1E         0
                text138                            A512     A512        8         0
                text137                            A50A     A50A        8         0
                text136                            A3FC     A3FC        C         0
                text135                            A304     A304        E         0
                text134                            A6C2     A6C2        4         0
                text133                            9A64     9A64       2A         0
                text132                            29DC     29DC      3A8         0
                text131                            9FCC     9FCC       1A         0
                text130                            A462     A462        A         0
                text129                            93A4     93A4       3E         0
                text128                            A5E6     A5E6        6         0
                text127                            A502     A502        8         0
                text126                            8616     8616       6E         0
                text125                            A2F6     A2F6        E         0
                text124                            96D0     96D0       34         0
                text123                            A6BE     A6BE        4         0
                text122                            69E4     69E4       E4         0
                text121                            6AC8     6AC8       D8         0
                text120                            A0EC     A0EC       14         0
                text119                            A6BA     A6BA        4         0
                text118                            818A     818A       82         0
                text117                            A6B6     A6B6        4         0
                text116                            A6B2     A6B2        4         0
                text115                            A6AE     A6AE        4         0
                text114                            A6AA     A6AA        4         0
                text113                            9FB2     9FB2       1A         0
                text112                            9F98     9F98       1A         0
                text111                            9F7E     9F7E       1A         0
                text110                            9F64     9F64       1A         0
                text109                            A6A6     A6A6        4         0
                text108                            A6A2     A6A2        4         0
                text107                            A69E     A69E        4         0
                text106                            A69A     A69A        4         0
                text105                            A696     A696        4         0
                text104                            4E2E     4E2E      184         0
                text103                            A2E8     A2E8        E         0
                text102                            986C     986C       30         0
                text101                            A2DA     A2DA        E         0
                text100                            A692     A692        4         0
                text99                             820C     820C       7E         0
                text98                             A2CC     A2CC        E         0
                text97                             A68E     A68E        4         0
                text96                             9A3A     9A3A       2A         0
                text95                             7D36     7D36       96         0
                text94                             7E5C     7E5C       8C         0
                text93                             A02C     A02C       16         0
                text92                             A458     A458        A         0
                text91                             A2BE     A2BE        E         0
                text90                             A2B0     A2B0        E         0
                text89                             A2A2     A2A2        E         0
                text88                             A294     A294        E         0
                text87                             A3F0     A3F0        C         0
                text86                             A16E     A16E       10         0
                text85                             A286     A286        E         0
                text84                             A278     A278        E         0
                text83                             8904     8904       66         0
                text82                             A26A     A26A        E         0
                text81                             A25C     A25C        E         0
                text80                             A68A     A68A        4         0
                text79                             A5E0     A5E0        6         0
                text78                             92E8     92E8       40         0
                text77                             A4FA     A4FA        8         0
                text76                             7CA0     7CA0       96         0
                text75                             77C8     77C8       A2         0
                text74                             7C0A     7C0A       96         0
                text73                             9DB4     9DB4       20         0
                text72                             9366     9366       3E         0
                text71                             9ADE     9ADE       26         0
                text70                             7530     7530       A8         0
                text69                             A6EA     A6EA        2         0
                text68                             A4F2     A4F2        8         0
                text67                             A686     A686        4         0
                text66                             6500     6500      108         0
                text65                             7DCC     7DCC       90         0
                text64                             90A6     90A6       4E         0
                text63                             6900     6900       E4         0
                text62                             A3E4     A3E4        C         0
                text61                             A44E     A44E        A         0
                text60                             A444     A444        A         0
                text59                             A4EA     A4EA        8         0
                text58                             9328     9328       3E         0
                text57                             790A     790A       9A         0
                text56                             85A8     85A8       6E         0
                text55                             3104     3104      360         0
                text54                             A4E2     A4E2        8         0
                text53                             A24E     A24E        E         0
                text52                             A15E     A15E       10         0
                text51                             828A     828A       74         0
                text50                             A4DA     A4DA        8         0
                text49                             A016     A016       16         0
                text48                             A0D8     A0D8       14         0
                text47                             A0C4     A0C4       14         0
                text46                             A0B0     A0B0       14         0
                text45                             411E     411E      24C         0
                text44                             A240     A240        E         0
                text43                             A682     A682        4         0
                text42                             83E6     83E6       72         0
                text41                             A4D2     A4D2        8         0
                text40                             A4CA     A4CA        8         0
                text39                             A4C2     A4C2        8         0
                text38                             A4BA     A4BA        8         0
                text37                             45B4     45B4      1F2         0
                text36                             86F2     86F2       6C         0
                text35                             9D94     9D94       20         0
                text34                             A4B2     A4B2        8         0
                text33                             A128     A128       12         0
                text32                             A67E     A67E        4         0
                text31                             9FFE     9FFE       18         0
                text30                             710C     710C       B2         0
                text29                             9C58     9C58       24         0
                text28                             9FE6     9FE6       18         0
                text27                             9C34     9C34       24         0
                text26                             8E1E     8E1E       52         0
                text25                             9ED4     9ED4       1E         0
                text24                             98CA     98CA       2E         0
                text23                             8F66     8F66       50         0
                text22                             989C     989C       2E         0
                text21                             A232     A232        E         0
                text20                             A224     A224        E         0
                text19                             A216     A216        E         0
                text18                             A208     A208        E         0
                text17                             A1FA     A1FA        E         0
                text16                             6EDE     6EDE       C0         0
                text15                             92A6     92A6       42         0
                text14                             8108     8108       82         0
                text13                             587A     587A      16E         0
                text12                             7724     7724       A4         0
                text11                             4CAA     4CAA      184         0
                text10                             A67A     A67A        4         0
                text9                              A1EC     A1EC        E         0
                text8                              63DE     63DE      122         0
                text7                              969C     969C       34         0
                text6                              9F4A     9F4A       1A         0
                text5                              73D4     73D4       AE         0
                text4                              A1DE     A1DE        E         0
                text3                              853A     853A       6E         0
                text2                              918C     918C       48         0
                text1                              A5DA     A5DA        6         0
                text0                              2D84     2D84      380         0
                cinit                              6D48     6D48       CC         0
                idataBANK2                         9F10     9F10       1D         0
                idataBANK1                         A676     A676        4         0
                idataBIGRAM                        4994     4994      18F         0

        CLASS   CONST          

        CLASS   SMALLCONST     

        CLASS   MEDIUMCONST    
                mediumconst                        FC56     FC56      3AA         0

        CLASS   COMRAM         
                cstackCOMRAM                          1        1       5F         1

        CLASS   ABS1           

        CLASS   BIGRAM         
                dataBIGRAM                          914      914      18F         1
                bssBIGRAM                           464      464      4B0         1

        CLASS   RAM            

        CLASS   BANK0          
                cstackBANK0                          60       60       68         1
                bssBANK0                             C8       C8       38         1

        CLASS   BANK1          
                cstackBANK1                         100      100       C7         1
                dataBANK1                           1F8      1F8        4         1
                bssBANK1                            1C7      1C7       31         1

        CLASS   BANK2          
                cstackBANK2                         2F5      2F5        B         1
                dataBANK2                           2BC      2BC       1D         1
                bssBANK2                            200      200       BC         1
                nvBANK2                             2D9      2D9       1C         1

        CLASS   BANK3          
                cstackBANK3                         3F9      3F9        1         1
                bssBANK3                            300      300       F9         1

        CLASS   BANK4          
                bssBANK4                            400      400       64         1

        CLASS   BANK5          

        CLASS   BANK6          

        CLASS   BANK7          

        CLASS   BANK8          

        CLASS   BANK9          

        CLASS   BANK10         

        CLASS   BANK11         

        CLASS   BANK12         

        CLASS   BANK13         

        CLASS   BANK14         

        CLASS   BANK15         

        CLASS   SFR            

        CLASS   FARRAM         

        CLASS   CONFIG         
                config                           300000   300000        A         0

        CLASS   IDLOC          
                idloc                            200000   200000       10         0

        CLASS   EEDATA         



SEGMENTS        Name                           Load    Length   Top    Selector   Space  Class

                bssBANK4                       000400  000064  000464       400       1  BANK4   
                text228                        009F2E  0007CE  00A6FC      4F97       0  CODE    
                text277                        004B24  005409  009F2D      2592       0  CODE    
                bssBIGRAM                      000464  00063F  000AA3       464       1  BIGRAM  
                mediumconst                    00FC56  0003AA  010000      7E2B       0  MEDIUMCO
                idloc                          200000  000010  200010    200000       0  IDLOC   
                config                         300000  00000A  30000A    300000       0  CONFIG  
                ivt0x8                         000008  004B1B  004B23         4       0  CODE    
                reset_vec                      000000  000004  000004         0       0  CODE    
                cstackBANK0                    000060  0000A0  000100        60       1  BANK0   
                bssBANK3                       000300  0000FA  0003FA       300       1  BANK3   
                bssBANK2                       000200  000100  000300       200       1  BANK2   
                cstackBANK1                    000100  0000FC  0001FC       100       1  BANK1   
                cstackCOMRAM                   000001  00005F  000060         1       1  COMRAM  


UNUSED ADDRESS RANGES

        Name                Unused          Largest block    Delta
        BANK1            0001FC-0001FF                4
        BANK10           000AA3-000AFF               5D
        BANK11           000B00-000BFF              100
        BANK12           000C00-000CFF              100
        BANK13           000D00-000DFF              100
        BANK14           000E00-000EFF              100
        BANK15           000F00-000FFF              100
        BANK3            0003FA-0003FF                6
        BIGRAM           0001FC-0001FF                4
                         0003FA-0003FF                6
                         000AA3-000FFF              55D
        CODE             000004-000007                4
                         004B23-004B23                1
                         009F2D-009F2D                1
                         00A6FC-00FC55             555A
        CONST            000004-000007                4
                         004B23-004B23                1
                         009F2D-009F2D                1
                         00A6FC-00FC55             555A
        EEDATA           310000-3103FF              400
        MEDIUMCONST      004B23-004B23                1
                         009F2D-009F2D                1
                         00A6FC-00FC55             555A
        RAM              0001FC-0001FF                4
                         0003FA-0003FF                6
                         000AA3-000FFF              100
        SFR              003800-003FFF              100
        SMALLCONST       004B23-004B23                1
                         009F2D-009F2D                1
                         00A6FC-00FC55              100
        STACK            000AA3-000FFF              55D

                                  Symbol Table

?_ADCC_GetConversionResult                      cstackCOMRAM 000001
?_AdcGetData                                    cstackBANK1  00010A
?_AdcSeeData                                    cstackBANK1  00010A
?_Get12V                                        cstackBANK1  00011E
?_Get5V                                         cstackBANK1  00011E
?_GetAlarmState                                 cstackBANK1  000108
?_GetBpm                                        cstackBANK1  000104
?_GetEp                                         cstackBANK1  000112
?_GetIp                                         cstackBANK1  000112
?_GetMaxPressure                                cstackBANK1  000112
?_GetPmax                                       cstackBANK1  000112
?_GetPressureV_pa                               cstackBANK1  000112
?_GetPressure_mbar02                            cstackCOMRAM 00002B
?_GetPressure_pa                                cstackBANK1  00011E
?_GetSpr                                        cstackBANK1  000104
?_GetTargetEp                                   cstackBANK1  000112
?_GetTargetIp                                   cstackBANK1  000112
?_GetTde                                        cstackBANK1  000104
?_GetTdi                                        cstackBANK1  000104
?_GetTe                                         cstackBANK1  000104
?_GetTi                                         cstackBANK1  000104
?_GetVolume                                     cstackBANK1  000104
?_HigherAlarm                                   cstackBANK1  00010A
?_See12V                                        cstackBANK1  00011E
?_See5V                                         cstackBANK1  00011E
?_SeePressureV_pa                               cstackBANK1  000112
?_SeePressure_pa                                cstackBANK1  00011E
?___aldiv                                       cstackBANK1  000110
?___aodiv                                       cstackBANK1  000104
?___aomod                                       cstackBANK1  000104
?___awdiv                                       cstackBANK1  00010A
?___awmod                                       cstackBANK1  000104
?___lldiv                                       cstackCOMRAM 000001
[...]
		_toupper       		CODE           	8E70	0000	83

/Applications/microchip/xc8/v2.10/pic/sources/c99/common/toupper.c estimated size: 83

mcc_generated_files/pin_manager.c
		_PIN_MANAGER_Initialize		CODE           	710C	0000	179

mcc_generated_files/pin_manager.c estimated size: 179

/Applications/microchip/xc8/v2.10/pic/sources/c99/common/isalpha.c
		_isalpha       		CODE           	95FA	0000	55

/Applications/microchip/xc8/v2.10/pic/sources/c99/common/isalpha.c estimated size: 55

buttons.c
		_SetAlarmLED   		CODE           	A2F6	0000	15
		_ClearAlarmLED 		CODE           	A462	0000	11
		_ButtonInit    		CODE           	9A3A	0000	43
		_ButtonTask    		CODE           	6608	0000	261

buttons.c estimated size: 330

/Applications/microchip/xc8/v2.10/pic/sources/c99/common/nf_fputc.c
		_fputc         		CODE           	6F9E	0000	185

/Applications/microchip/xc8/v2.10/pic/sources/c99/common/nf_fputc.c estimated size: 185

/Applications/microchip/xc8/v2.10/pic/sources/c99/common/__lldiv.c
		___lldiv       		CODE           	7EE8	0000	139

/Applications/microchip/xc8/v2.10/pic/sources/c99/common/__lldiv.c estimated size: 139

/Applications/microchip/xc8/v2.10/pic/sources/c99/common/Umul16.c
		___wmul        		CODE           	98F8	0000	47

/Applications/microchip/xc8/v2.10/pic/sources/c99/common/Umul16.c estimated size: 47

mcc_generated_files/uart1.c
		_UART1_Write   		CODE           	8C72	0000	87
		_putch         		CODE           	A408	0000	13
		_UART1_SetFramingErrorHandler		CODE           	A224	0000	15
		_UART1_SetOverrunErrorHandler		CODE           	A216	0000	15
		_UART1_Receive_ISR		CODE           	786A	0000	161
		_UART1_SetRxInterruptHandler		CODE           	A208	0000	15
		_UART1_SetTxInterruptHandler		CODE           	A1FA	0000	15
		_UART1_Initialize		CODE           	6EDE	0000	193
		_UART1_SetErrorHandler		CODE           	A232	0000	15
		_UART1_Transmit_ISR		CODE           	91D4	0000	73
		_UART1_Read    		CODE           	918C	0000	73
		_getch         		CODE           	A5DA	0000	7
		_UART1_DefaultFramingErrorHandler		CODE           	A6EE	0000	3
		_UART1_is_rx_ready		CODE           	A1DE	0000	15
		_UART1_DefaultErrorHandler		CODE           	A616	0000	7
		_UART1_RxDataHandler		CODE           	9C7C	0000	37
		_UART1_DefaultOverrunErrorHandler		CODE           	A6EC	0000	3

mcc_generated_files/uart1.c estimated size: 747

/Applications/microchip/xc8/v2.10/pic/sources/c99/common/nf_sprintf.c
		_sprintf       		CODE           	8C1A	0000	89

/Applications/microchip/xc8/v2.10/pic/sources/c99/common/nf_sprintf.c estimated size: 89

/Applications/microchip/xc8/v2.10/pic/sources/c99/common/aomod.c
		___aomod       		CODE           	5F1C	0000	309

/Applications/microchip/xc8/v2.10/pic/sources/c99/common/aomod.c estimated size: 309

/Applications/microchip/xc8/v2.10/pic/sources/c99/common/atoi.c
		_atoi          		CODE           	559A	0000	369

/Applications/microchip/xc8/v2.10/pic/sources/c99/common/atoi.c estimated size: 369

/Applications/microchip/xc8/v2.10/pic/sources/c99/common/isdigit.c
		_isdigit       		CODE           	9630	0000	55

/Applications/microchip/xc8/v2.10/pic/sources/c99/common/isdigit.c estimated size: 55

mcc_generated_files/tmr5.c
		_TMR5_ISR      		CODE           	9808	0000	51
		_TMR5_Initialize		CODE           	8F66	0000	81
		_TMR5_SetInterruptHandler		CODE           	A2DA	0000	15
		_TMR5_StopTimer		CODE           	A686	0000	5
		_TMR5_DefaultInterruptHandler		CODE           	A6F2	0000	3
		_TMR5_WriteTimer		CODE           	9CA0	0000	37
		_TMR5_StartTimer		CODE           	A692	0000	5

mcc_generated_files/tmr5.c estimated size: 197

shared
		i2_GetDisableAlarmSV1		CODE           	A63A	0000	7
		i2_printf      		CODE           	9C0E	0000	39
		i2_vfpfcnvrt   		CODE           	12EA	0000	1517
		i2_BuzzerOn    		CODE           	9F2E	0000	29
		i2_pad         		CODE           	7056	0000	183
		i2_atoi        		CODE           	570A	0000	369
		i2_BuzzerOff   		CODE           	A1AE	0000	17
		i2_TMR0_StopTimer		CODE           	A6DA	0000	5
		i2_ClearVars   		CODE           	436A	0000	587
		i2_abs         		CODE           	949C	0000	63
		i2_stoa        		CODE           	5422	0000	377
		i2_GetTde      		CODE           	A42C	0000	13
		i2_GetTdi      		CODE           	A390	0000	15
		i2_AdcGetData  		CODE           	89D0	0000	103
		i2_BuzzerTask  		CODE           	2632	0000	939
		i2_ADCC_SetADTIInterruptHandler		CODE           	A3C8	0000	15
		i2_putch       		CODE           	A4A8	0000	11
		i2_GetBpm      		CODE           	A3AC	0000	15
		i2_isspace     		CODE           	9262	0000	69
		i2_GetTargetEp 		CODE           	9B9C	0000	39
		i2_GetTargetIp 		CODE           	9B76	0000	39
		i2_ClearVeryHighPressureAlarmHigh		CODE           	A582	0000	9
		i2_BuzzerClear 		CODE           	A19E	0000	17
		i2_GetEp       		CODE           	99DE	0000	47
		i2_AdcSeeData  		CODE           	945E	0000	63
		i2_TMR0_StartTimer		CODE           	A6DE	0000	5
		i2_HistAlarm   		CODE           	670C	0000	257
		i2_vfprintf    		CODE           	87CA	0000	107
		i2_LCDOn       		CODE           	A476	0000	11
		i2_isdigit     		CODE           	97D4	0000	53
		i2_xtoa        		CODE           	39C4	0000	643
		i2_CMP1_Enable 		CODE           	A57A	0000	9
		i2_ClearHighPressureAlarmHigh		CODE           	A592	0000	9
		i2_TMR4_Stop   		CODE           	A6CE	0000	5
		i2_ValueDisplay		CODE           	1EA8	0000	973
		i2_TMR4_Start  		CODE           	A6CA	0000	5
		i2_GetVolume   		CODE           	A374	0000	15
		i2___awdiv     		CODE           	7FFA	0000	137
		i2_ClearCircuitFailureAlarm		CODE           	A5AA	0000	9
		i2_ctoa        		CODE           	8AFC	0000	99
		i2___wmul      		CODE           	9A0C	0000	47
		i2_GetPressure_pa		CODE           	4B24	0000	391
		i2_dtoa        		CODE           	3464	0000	691
		i2_AnyAlarm    		CODE           	9554	0000	59
		i2_CMP1_Disable		CODE           	A5D2	0000	9
		i2_AlarmUpdateLCD		CODE           	5DDA	0000	323
		i2_ClearControlFailAlarm		CODE           	A5A2	0000	9
		i2_ClearBaterryLowAlarmHigh		CODE           	A64C	0000	7
		i2_ClearMonitorFailAlarm		CODE           	A58A	0000	9
		i2_ClearBatteryFailAlarm		CODE           	A5B2	0000	9
		__initialization		CODE           	6D48	0000	199
		i2_GetPressureV_pa		CODE           	767E	0000	167
		i2_MonitorDisable		CODE           	A562	0000	9
		i2_MuteAlarm   		CODE           	47A6	0000	495
		i2___lmul      		CODE           	8BBC	0000	95
		i2_GetTi       		CODE           	A382	0000	15
		i2_AdcDataReady		CODE           	9AB6	0000	41
		i2_GetIp       		CODE           	512E	0000	381
		i2___awmod     		CODE           	8372	0000	117
		i2_EnableAlarmSV1		CODE           	A56A	0000	9
		i2_ADCC_Initialize		CODE           	875E	0000	109
		i2_See12V      		CODE           	7AD8	0000	155
		i2_TMR4_Period8BitSet		CODE           	A46C	0000	11
		i2___aldiv     		CODE           	6C74	0000	213
		i2_GetAlarmState		CODE           	9006	0000	81
		i2_SetMonitorFailAlarm		CODE           	A622	0000	7
		i2_SetSV1      		CODE           	99B0	0000	47
		i2___aodiv     		CODE           	5B40	0000	345
		i2_SetAlarmSV1 		CODE           	9982	0000	47
		i2_TMR4_SetInterruptHandler		CODE           	A34A	0000	15
		i2_sprintf     		CODE           	8EC2	0000	83
		i2_SetCalibrateState		CODE           	62B8	0000	295
		i2_DisableAlarmSV1		CODE           	A628	0000	7
		i2_See5V       		CODE           	8684	0000	111
		i2_islower     		CODE           	9738	0000	53
		i2_GetTe       		CODE           	A420	0000	13
		i2_LCDOff      		CODE           	A480	0000	11
		i2_TMR5_StopTimer		CODE           	A6D2	0000	5
		i2_UART1_Write 		CODE           	8D74	0000	87
		i2_UnDisplayCalibrate		CODE           	A358	0000	15
		i2_ClearGasFailureAlarm		CODE           	A59A	0000	9
		i2_ClearEPAboveSetAlarm		CODE           	A084	0000	23
		i2_ClearIPAboveSetAlarm		CODE           	A058	0000	23
		i2_isupper     		CODE           	976C	0000	53
		i2___aomod     		CODE           	6184	0000	309
		i2_ClearEPBelowSetAlarm		CODE           	A06E	0000	23
		i2_ClearIPBelowSetAlarm		CODE           	A042	0000	23
		i2_fputc       		CODE           	7482	0000	175
		i2_fputs       		CODE           	94DA	0000	63
		i2_strlen      		CODE           	9056	0000	81
		i2_ClearBaterryLowAlarmMed		CODE           	A646	0000	7
		i2_GetPmax     		CODE           	9BC2	0000	39
		i2_ADCC_StartConversion		CODE           	A1CE	0000	17
		i2_ClearNoPowerSupplyAlarm		CODE           	A640	0000	7
		i2_AdcInit     		CODE           	84CA	0000	113
		i2_HigherAlarm 		CODE           	7322	0000	179
		i2_toupper     		CODE           	8F14	0000	83
		i2_MonitorEnable		CODE           	A55A	0000	9
		i2_TMR5_StartTimer		CODE           	A6D6	0000	5
		i2_AlarmDisplay		CODE           	7B72	0000	153
		i2_GetSpr      		CODE           	A39E	0000	15
		i2_isalpha     		CODE           	97A0	0000	53

shared estimated size: 13178

mcc_generated_files/mcc.c
		_PMD_Initialize		CODE           	9C58	0000	37
		_OSCILLATOR_Initialize		CODE           	9FFE	0000	25
		_SYSTEM_Initialize		CODE           	92A6	0000	67

mcc_generated_files/mcc.c estimated size: 129

/Applications/microchip/xc8/v2.10/pic/sources/c99/common/printf.c
		_printf        		CODE           	9A64	0000	43

/Applications/microchip/xc8/v2.10/pic/sources/c99/common/printf.c estimated size: 43

mcc_generated_files/i2c2_slave.c
		_I2C2_SlaveSetSlaveMask		CODE           	A16E	0000	17
		_I2C2_SlaveClearBuff		CODE           	A6E6	0000	5
		_I2C2_Read     		CODE           	A664	0000	7
		_I2C2_SlaveSetReadIntHandler		CODE           	A294	0000	15
		_I2C2_SlaveSetCounter		CODE           	A494	0000	11
		_I2C2_SlaveSetAddrIntHandler		CODE           	A2BE	0000	15
		_I2C2_SlaveSetIsrHandler		CODE           	A2A2	0000	15
		_I2C2_SlaveSetStopIntHandler		CODE           	A26A	0000	15
		_I2C2_SlaveEnableIrq		CODE           	A02C	0000	23
		_I2C2_SlaveDefRdInterruptHandler		CODE           	A49E	0000	11
		_I2C2_SlaveOpen		CODE           	A458	0000	11
		_I2C2_SlaveClearStopFlag		CODE           	A6E2	0000	5
		_I2C2_SlaveSetSlaveAddr		CODE           	A3F0	0000	13
		_I2C2_SlaveRdCallBack		CODE           	9EB4	0000	33
		_I2C2_Isr      		CODE           	889C	0000	105
		_I2C2_Open     		CODE           	8904	0000	103
		_I2C2_SlaveStopCallBack		CODE           	9E94	0000	33
		_I2C2_Initialize		CODE           	A128	0000	19
		_I2C2_SlaveSetWrColIntHandler		CODE           	A286	0000	15
		_I2C2_SlaveIsRxBufFull		CODE           	A3BA	0000	15
		_I2C2_SlaveGetRxData		CODE           	A66A	0000	7
		_I2C2_SlaveSetWriteIntHandler		CODE           	A278	0000	15
		_I2C2_SlaveSetBusColIntHandler		CODE           	A2B0	0000	15
		_I2C2_SlaveReleaseClock		CODE           	A65E	0000	7

mcc_generated_files/i2c2_slave.c estimated size: 530

alarm.c
		_SetMaxPressure		CODE           	A366	0000	15
		_SetCircuitFailureAlarm		CODE           	A634	0000	7
		_HighPressureAlarmHigh		CODE           	A6B6	0000	5
		_SetTdiTooLongAlarm		CODE           	A542	0000	9
		_SetVAboveMaxAlarm		CODE           	A53A	0000	9
		_GetAlarmState 		CODE           	8FB6	0000	81
		_HistAlarm     		CODE           	6500	0000	265
		_ClearBaterryLowAlarmMed		CODE           	A604	0000	7
		_SetBaterryLowAlarmHigh		CODE           	A5F8	0000	7
		_ClearMonitorFailAlarm		CODE           	A512	0000	9
		_ControlFailAlarm		CODE           	A0EC	0000	21
		_SetMonitorFailAlarm		CODE           	A50A	0000	9
		_TestAlarm     		CODE           	73D4	0000	175
		_MuteAlarm     		CODE           	45B4	0000	499
		_SetHighPressureAlarmHigh		CODE           	A5E6	0000	7
		_AlarmClear    		CODE           	9DF4	0000	33
		_SetEPAboveSetAlarm		CODE           	9E74	0000	33
		_ClearAllAlarm 		CODE           	90F4	0000	79
		_SetVBelowMinAlarm		CODE           	A62E	0000	7
		_SetGasFailureAlarm		CODE           	A552	0000	9
		_EPBelowSetAlarm		CODE           	9FB2	0000	27
		_AlarmUpdateLCD		CODE           	5C98	0000	323
		_IPBelowSetAlarm		CODE           	9F7E	0000	27
		_AnyAlarm      		CODE           	9518	0000	61
		_VBelowMinAlarm		CODE           	A69A	0000	5
		_BaterryLowAlarmHigh		CODE           	A6AA	0000	5
		_AlarmHandler  		CODE           	8834	0000	105
		_SetBatteryFailAlarm		CODE           	A52A	0000	9
		_ClearVeryHighPressureAlarmHigh		CODE           	A4BA	0000	9
		_VAboveMaxAlarm		CODE           	A69E	0000	5
		_EPAboveSetAlarm		CODE           	9F98	0000	27
		_ClearHighPressureAlarmLow		CODE           	A658	0000	7
		_ClearNoPowerSupplyAlarm		CODE           	A5FE	0000	7
		_ClearTdeTooLongAlarm		CODE           	A5CA	0000	9
		_ClearTdiTooLongAlarm		CODE           	A5C2	0000	9
		_IPAboveSetAlarm		CODE           	9F64	0000	27
		_NoPowerSupplyAlarm		CODE           	A696	0000	5
		_SetIPAboveSetAlarm		CODE           	9E34	0000	33
		_GasFailureAlarm		CODE           	A6BA	0000	5
		_AlarmInit     		CODE           	820C	0000	127
		_ClearVBelowMinAlarm		CODE           	A652	0000	7
		_SetEPBelowSetAlarm		CODE           	9E54	0000	33
		_ClearEPAboveSetAlarm		CODE           	A016	0000	23
		_ClearEPBelowSetAlarm		CODE           	A0D8	0000	21
		_SetVeryHighPressureAlarmHigh		CODE           	A502	0000	9
		_ClearControlFailAlarm		CODE           	A4D2	0000	9
		_ClearBaterryLowAlarmHigh		CODE           	A60A	0000	7
		_SetBaterryLowAlarmMed		CODE           	A5F2	0000	7
		_SetTdeTooLongAlarm		CODE           	A54A	0000	9
		_AlarmCheckTask		CODE           	4E2E	0000	389
		_ClearBatteryFailAlarm		CODE           	A532	0000	9
		_CircuitFailureAlarm		CODE           	A6B2	0000	5
		_VeryHighPressureAlarmHigh		CODE           	A6BE	0000	5
		_ClearHighPressureAlarmHigh		CODE           	A4C2	0000	9
		_MonitorFailAlarm		CODE           	6AC8	0000	217
		_SetNoPowerSupplyAlarm		CODE           	A5EC	0000	7
		_BatteryFailAlarm		CODE           	69E4	0000	229
		_HigherAlarm   		CODE           	71BE	0000	179
		_ClearCircuitFailureAlarm		CODE           	A4DA	0000	9
		_TdeTooLongAlarm		CODE           	A6A2	0000	5
		_BaterryLowAlarmMed		CODE           	A6AE	0000	5
		_SetControlFailAlarm		CODE           	A572	0000	9
		_AlarmSet      		CODE           	9DD4	0000	33
		_HighPressureAlarmLow		CODE           	818A	0000	131
		_ClearVAboveMaxAlarm		CODE           	A5BA	0000	9
		_SetIPBelowSetAlarm		CODE           	9E14	0000	33
		_TdiTooLongAlarm		CODE           	A6A6	0000	5
		_ClearIPAboveSetAlarm		CODE           	A0C4	0000	21
		_ClearIPBelowSetAlarm		CODE           	A0B0	0000	21
		_ClearGasFailureAlarm		CODE           	A4CA	0000	9

alarm.c estimated size: 3582

/Applications/microchip/xc8/v2.10/pic/sources/c99/common/awmod.c
		___awmod       		CODE           	82FE	0000	117

/Applications/microchip/xc8/v2.10/pic/sources/c99/common/awmod.c estimated size: 117

mcc_generated_files/tmr1.c
		_TMR1_Initialize		CODE           	8E1E	0000	83
		_TMR1_SetInterruptHandler		CODE           	A2CC	0000	15
		_TMR1_DefaultInterruptHandler		CODE           	A6F6	0000	3
		_TMR1_WriteTimer		CODE           	9CC4	0000	37
		_TMR1_StartTimer		CODE           	A68E	0000	5
		_TMR1_ISR      		CODE           	983A	0000	51

mcc_generated_files/tmr1.c estimated size: 194

display.c
		_DisplayDisable		CODE           	A14C	0000	19
		_UnDisplayCalibrate		CODE           	A1EC	0000	15
		_AlarmDisplay  		CODE           	7A3E	0000	155
		_InitDisplay   		CODE           	A3E4	0000	13
		_DisplayTask   		CODE           	7530	0000	169
		_ValueDisplay  		CODE           	2274	0000	959
		_DisplayCalibrate		CODE           	9704	0000	53
		_DisplayEnable 		CODE           	A1BE	0000	17

display.c estimated size: 1400

lcd.c
		_LCDTest       		CODE           	7DCC	0000	145
		_LCDWrite4     		CODE           	90A6	0000	79
		_LCDWriteCmd   		CODE           	7C0A	0000	151
		_LCDWriteChar  		CODE           	7CA0	0000	151
		_LCDInit       		CODE           	6900	0000	229
		_LCDOff        		CODE           	A44E	0000	11
		_LCDMessage    		CODE           	77C8	0000	163
		_LCDMessage1   		CODE           	9DB4	0000	33
		_LCDMessage2   		CODE           	9ADE	0000	39
		_LCDMessage12  		CODE           	9366	0000	63
		_LCDOn         		CODE           	A444	0000	11

lcd.c estimated size: 1075

/Applications/microchip/xc8/v2.10/pic/sources/c99/common/llmod.c
		___llmod       		CODE           	853A	0000	111

/Applications/microchip/xc8/v2.10/pic/sources/c99/common/llmod.c estimated size: 111

controller.c
		_ControllerInit		CODE           	92E8	0000	65
		_StopHandler   		CODE           	8D1E	0000	87
		_DumpI2C       		CODE           	A6EA	0000	3
		_ReceiveHandler		CODE           	9142	0000	75
		_ControllerTimerHandler		CODE           	8082	0000	135
		_GetSpr        		CODE           	A32E	0000	15
		_UpdateState   		CODE           	3EC4	0000	603

controller.c estimated size: 983

/Applications/microchip/xc8/v2.10/pic/sources/c99/common/Umul32.c
		___lmul        		CODE           	8B5E	0000	95

/Applications/microchip/xc8/v2.10/pic/sources/c99/common/Umul32.c estimated size: 95

mcc_generated_files/adcc.c
		_ADCC_DefaultInterruptHandler		CODE           	A6FA	0000	3
		_ADCC_SetADTIInterruptHandler		CODE           	A24E	0000	15
		_ADCC_GetConversionResult		CODE           	A09A	0000	23
		_ADCC_ThresholdISR		CODE           	9CE8	0000	37
		_ADCC_StartConversion		CODE           	A15E	0000	17
		_ADCC_Initialize		CODE           	86F2	0000	109
		_ADCC_IsConversionDone		CODE           	A3D6	0000	15

mcc_generated_files/adcc.c estimated size: 219

monitor.c
		_GetTargetEp   		CODE           	9B2A	0000	39
		_GetTargetIp   		CODE           	9B04	0000	39
		_GetPressure_mbar02		CODE           	9666	0000	55
		_SeePressure_pa		CODE           	587A	0000	367
		_SetAlarmSV1   		CODE           	96D0	0000	53
		_SetTarget     		CODE           	6E14	0000	203
		_GetVolume     		CODE           	A312	0000	15
		_GetTde        		CODE           	A414	0000	13
		_GetEp         		CODE           	9926	0000	47
		_GetDisableAlarmSV1		CODE           	A610	0000	7
		_SetCalibrateState		CODE           	63DE	0000	291
		_DisableAlarmSV1		CODE           	A4FA	0000	9
		_AdcSeeData    		CODE           	9328	0000	63
		_GetTi         		CODE           	A100	0000	21
		_AdcInit       		CODE           	828A	0000	117
		_Get5V         		CODE           	8616	0000	111
		_AdcGetData    		CODE           	896A	0000	103
		_SeePressureV_pa		CODE           	8108	0000	131
		_Get12V        		CODE           	79A4	0000	155
		_AdcDataReady  		CODE           	9A8E	0000	41
		_GetBpm        		CODE           	A33C	0000	15
		_SetVolumeControl		CODE           	A48A	0000	11
		_AdcReStartCycle		CODE           	8A36	0000	101
		_GetIp         		CODE           	4FB2	0000	381
		_GetTdi        		CODE           	A320	0000	15
		_GetPmax       		CODE           	9B50	0000	39
		_GetTe         		CODE           	A114	0000	21
		_GetPressure_pa		CODE           	4CAA	0000	389
		_MonitorDump   		CODE           	3104	0000	865
		_MonitorInit   		CODE           	83E6	0000	115
		_AdcHandler    		CODE           	6050	0000	309
		_ClearVars     		CODE           	411E	0000	589
		_MonitorEnable 		CODE           	A4E2	0000	9
		_MonitorPressureTask		CODE           	001E	0000	4813
		_AdcReady      		CODE           	A670	0000	7
		_See5V         		CODE           	85A8	0000	111
		_See12V        		CODE           	790A	0000	155
		_GetPressureV_pa		CODE           	7724	0000	165
		_MonitorDisable		CODE           	A4EA	0000	9
		_GetMaxPressure		CODE           	93A4	0000	63
		_SetSV1        		CODE           	969C	0000	53
		_EnableAlarmSV1		CODE           	A4F2	0000	9

monitor.c estimated size: 10124

main.c
		_main          		CODE           	2D84	0000	897

main.c estimated size: 897

/Applications/microchip/xc8/v2.10/pic/sources/c99/common/aodiv.c
		___aodiv       		CODE           	59E8	0000	345

/Applications/microchip/xc8/v2.10/pic/sources/c99/common/aodiv.c estimated size: 345

/Applications/microchip/xc8/v2.10/pic/sources/c99/common/strlen.c
		_strlen        		CODE           	8DCA	0000	85

/Applications/microchip/xc8/v2.10/pic/sources/c99/common/strlen.c estimated size: 85

/Applications/microchip/xc8/v2.10/pic/sources/c99/common/nf_fputs.c
		_fputs         		CODE           	9420	0000	63

/Applications/microchip/xc8/v2.10/pic/sources/c99/common/nf_fputs.c estimated size: 63

