Microchip MPLAB XC8 Compiler V2.10 ()

Linker command line:

-W-3 --edf=/Applications/microchip/xc8/v2.10/pic/dat/en_msgs.txt \
  -pivt0x8=08h -cs -h+dist/default/production/Monitor.X.production.sym \
  --cmf=dist/default/production/Monitor.X.production.cmf -z -Q18F46K42 \
  -o/tmp/xcoVvGYgL --defsym=__MPLAB_BUILD=1 \
  -Mdist/default/production/Monitor.X.production.map -E1 -ver=XC8 \
  --acfsm=1493 -ASTACK=0AA3h-0FFFh -pstack=STACK -ACODE=00h-0FFFFh \
  -ACONST=00h-0FFFFh -ASMALLCONST=01000h-010FFhx240 \
  -AMEDIUMCONST=01000h-0FFFFh -ACOMRAM=01h-05Fh -AABS1=00h-0FFFh \
  -ABIGRAM=01h-0FFFh -ARAM=060h-0FFh,0100h-01FFhx15 -ABANK0=060h-0FFh \
  -ABANK1=0100h-01FFh -ABANK2=0200h-02FFh -ABANK3=0300h-03FFh \
  -ABANK4=0400h-04FFh -ABANK5=0500h-05FFh -ABANK6=0600h-06FFh \
  -ABANK7=0700h-07FFh -ABANK8=0800h-08FFh -ABANK9=0900h-09FFh \
  -ABANK10=0A00h-0AFFh -ABANK11=0B00h-0BFFh -ABANK12=0C00h-0CFFh \
  -ABANK13=0D00h-0DFFh -ABANK14=0E00h-0EFFh -ABANK15=0F00h-0FFFh \
  -ASFR=03800h-038FFhx7,03F00h-03F5Fh,03F60h-03FFFh -preset_vec=00h \
  -ppowerup=CODE,init -pramtop=01000h -psmallconst=SMALLCONST \
  -pmediumconst=MEDIUMCONST -pconst=CONST -AFARRAM=00h-00h \
  -ACONFIG=0300000h-0300009h -pconfig=CONFIG -AIDLOC=0200000h-020000Fh \
  -pidloc=IDLOC -AEEDATA=0310000h-03103FFh -peeprom_data=EEDATA \
  -prdata=COMRAM,nvrram=COMRAM,nvbit=COMRAM,rbss=COMRAM,rbit=COMRAM \
  -pfarbss=FARRAM,fardata=FARRAM,nvFARRAM=FARRAM \
  -pintsave_regs=BIGRAM,bigbss=BIGRAM,bigdata=BIGRAM -pbss=RAM \
  -pidata=CODE,irdata=CODE,ibigdata=CODE,ifardata=CODE -prparam=COMRAM \
  /tmp/xc8xg5QRj.o dist/default/production/Monitor.X.production.o 

Object code version is 3.11

Machine type is 18F46K42

Call graph: (short form)




                Name                               Link     Load   Length Selector   Space Scale
/tmp/xc8xg5QRj.o
                init                                 1A       1A        4        4       0
                reset_vec                             0        0        4        0       0
                idloc                            200000   200000       10   200000       0
                config                           300000   300000        A   300000       0
dist/default/production/Monitor.X.production.o
                mediumconst                        FC56     FC56      3AA     7E2B       0
                ivt0x8                                8        8       12        4       0
                text382                            A058     A058       16     4F76       0
                text381                            A394     A394        E     4F76       0
                text380                            A62E     A62E        6     4F76       0
                text379                            A386     A386        E     4F76       0
                text378                            8726     8726       6C     2576       0
                text377                            A18C     A18C       10     4F76       0
                text376                            99A6     99A6       2E     2576       0
                text375                            8492     8492       70     2576       0
                text374                            979C     979C       34     2576       0
                text373                            922A     922A       44     2576       0
                text372                            56D2     56D2      170     2576       0
                text371                            8D3C     8D3C       56     2576       0
                text370                            A466     A466        A     4F76       0
                text369                            744A     744A       AE     2576       0
                text368                            94A2     94A2       3E     2576       0
                text367                            901E     901E       50     2576       0
                text366                            701E     701E       B6     2576       0
                text365                            8AC4     8AC4       62     2576       0
                text364                            5B08     5B08      158     2576       0
                text363                            614C     614C      134     2576       0
                text362                            9464     9464       3E     2576       0
                text361                            3428     3428      2B2        4       0
                text360                            53EA     53EA      178     2576       0
                text359                            9768     9768       34     2576       0
                text358                            9734     9734       34     2576       0
                text357                            9700     9700       34     2576       0
                text356                            8EDC     8EDC       52     2576       0
                text355                            3988     3988      282        4       0
                text354                            12AE     12AE      5EC        4       0
                text353                            8792     8792       6A     2576       0
                text352                            9BD0     9BD0       26     2576       0
                text351                            6018     6018      134     2576       0
                text350                            A6B8     A6B8        2     4F76       0
                text349                            9CAA     9CAA       24     2576       0
                text348                            A590     A590        8     4F76       0
                text347                            9BAA     9BAA       26     2576       0
                text346                            9D34     9D34       22     2576       0
                text345                            A6A4     A6A4        4     4F76       0
                text344                            A6A0     A6A0        4     4F76       0
                text343                            A378     A378        E     4F76       0
                text342                            A628     A628        6     4F76       0
                text341                            A622     A622        6     4F76       0
                text340                            910A     910A       4A     2576       0
                text339                            A45C     A45C        A     4F76       0
                text338                            9E36     9E36       20     2576       0
                text337                            A61C     A61C        6     4F76       0
                text336                            A452     A452        A     4F76       0
                text335                            A616     A616        6     4F76       0
                text334                            A588     A588        8     4F76       0
                text333                            A580     A580        8     4F76       0
                text332                            A578     A578        8     4F76       0
                text331                            A610     A610        6     4F76       0
                text330                            A60A     A60A        6     4F76       0
                text329                            A604     A604        6     4F76       0
                text328                            A570     A570        8     4F76       0
                text327                            A568     A568        8     4F76       0
                text326                            A560     A560        8     4F76       0
                text325                            A042     A042       16     4F76       0
                text324                            A02C     A02C       16     4F76       0
                text323                            A558     A558        8     4F76       0
                text322                            A550     A550        8     4F76       0
                text321                            A016     A016       16     4F76       0
                text320                            A000     A000       16     4F76       0
                text319                            A548     A548        8     4F76       0
                text318                            A5FE     A5FE        6     4F76       0
                text317                            A540     A540        8     4F76       0
                text316                            90BC     90BC       4E     2576       0
                text315                            A538     A538        8     4F76       0
                text314                            A3F6     A3F6        C     4F76       0
                text313                            951C     951C       3A     2576       0
                text312                            8FCE     8FCE       50     2576       0
                text311                            A36A     A36A        E     4F76       0
                text310                            A5F8     A5F8        6     4F76       0
                text309                            7FC2     7FC2       88     2576       0
                text308                            9A78     9A78       28     2576       0
                text307                            50F6     50F6      17C     2576       0
                text306                            9B84     9B84       26     2576       0
                text305                            A35C     A35C        E     4F76       0
                text304                            9B5E     9B5E       26     2576       0
                text303                            9B38     9B38       26     2576       0
                text302                            A3EA     A3EA        C     4F76       0
                text301                            A34E     A34E        E     4F76       0
                text300                            A3DE     A3DE        C     4F76       0
                text299                            A340     A340        E     4F76       0
                text298                            A332     A332        E     4F76       0
                text297                            833A     833A       74     2576       0
                text296                            8E8A     8E8A       52     2576       0
                text295                            1E6C     1E6C      3CC        4       0
                text294                            A10A     A10A       12     4F76       0
                text293                            A17C     A17C       10     4F76       0
                text292                            A0F8     A0F8       12     4F76       0
                text291                            A530     A530        8     4F76       0
                text290                            A324     A324        E     4F76       0
                text289                            6C3C     6C3C       D4     2576       0
                text288                            6DDC     6DDC       CA     2576       0
                text287                            A448     A448        A     4F76       0
                text286                            A528     A528        8     4F76       0
                text285                            A43E     A43E        A     4F76       0
                text284                            A434     A434        A     4F76       0
                text283                            A520     A520        8     4F76       0
                text282                            A518     A518        8     4F76       0
                text281                            4330     4330      24C        4       0
                text280                            8998     8998       66     2576       0
                text279                            7646     7646       A6     2576       0
                text278                            8B84     8B84       5E     2576       0
                text277                            4AEC     4AEC      186     2576       0
                text276                            A69C     A69C        4     4F76       0
                text275                            A698     A698        4     4F76       0
                text274                            A316     A316        E     4F76       0
                text273                            6280     6280      126     2576       0
                text272                            9978     9978       2E     2576       0
                text271                            3E88     3E88      25A        4       0
                text270                            8CE6     8CE6       56     2576       0
                text269                            9E16     9E16       20     2576       0
                text268                            8864     8864       68     2576       0
                text267                            89FE     89FE       64     2576       0
                text266                            96CC     96CC       34     2576       0
                text265                            962E     962E       36     2576       0
                text264                            A5F2     A5F2        6     4F76       0
                text263                            9EB0     9EB0       1E     2576       0
                text262                            9E92     9E92       1E     2576       0
                text261                            A510     A510        8     4F76       0
                text260                            9DF6     9DF6       20     2576       0
                text259                            9DD6     9DD6       20     2576       0
                text258                            A508     A508        8     4F76       0
                text257                            A500     A500        8     4F76       0
                text256                            A4F8     A4F8        8     4F76       0
                text255                            A5EC     A5EC        6     4F76       0
                text254                            7EB0     7EB0       8A     2576       0
                text253                            8C90     8C90       56     2576       0
                text252                            75A0     75A0       A6     2576       0
                text251                            9A50     9A50       28     2576       0
                text250                            9426     9426       3E     2576       0
                text249                            7AA0     7AA0       9A     2576       0
                text248                            864C     864C       6E     2576       0
                text247                            A6B6     A6B6        2     4F76       0
                text246                              1E       1E     1290        4       0
                text245                            9D12     9D12       22     2576       0
                text244                            A5E6     A5E6        6     4F76       0
                text243                            7B3A     7B3A       98     2576       0
                text242                            72EA     72EA       B2     2576       0
                text241                            5DA2     5DA2      142     2576       0
                text240                            A694     A694        4     4F76       0
                text239                            A690     A690        4     4F76       0
                text238                            66D4     66D4      100     2576       0
                text237                            A16C     A16C       10     4F76       0
                text236                            A68C     A68C        4     4F76       0
                text235                            A15C     A15C       10     4F76       0
                text234                            994A     994A       2E     2576       0
                text233                            476E     476E      1EE        4       0
                text232                            A6B4     A6B4        2     4F76       0
                text231                            65D0     65D0      104     2576       0
                text230                            9C86     9C86       24     2576       0
                text229                            9802     9802       32     2576       0
                text228                            9EEC     9EEC       1C     4F76       0
                text227                            A5E0     A5E0        6     4F76       0
                text226                            A42A     A42A        A     4F76       0
                text225                            A308     A308        E     4F76       0
                text224                            A688     A688        4     4F76       0
                text223                            25F6     25F6      3AA        4       0
                text222                            A6B2     A6B2        2     4F76       0
                text221                            A5DA     A5DA        6     4F76       0
                text220                            991C     991C       2E     2576       0
                text219                            9CF0     9CF0       22     2576       0
                text218                            A6B0     A6B0        2     4F76       0
                text217                            87FC     87FC       68     2576       0
                text216                            9C62     9C62       24     2576       0
                text215                            97D0     97D0       32     2576       0
                text214                            A6AE     A6AE        2     4F76       0
                text213                            804A     804A       86     2576       0
                text212                            9CCE     9CCE       22     2576       0
                text211                            9C3E     9C3E       24     2576       0
                text210                            A5D4     A5D4        6     4F76       0
                text209                            A6AC     A6AC        2     4F76       0
                text208                            A6AA     A6AA        2     4F76       0
                text207                            7832     7832       A0     2576       0
                text206                            919C     919C       48     2576       0
                text205                            67D4     67D4       F4     2576       0
                text204                            9DB6     9DB6       20     2576       0
                text203                            9D96     9D96       20     2576       0
                text202                            94E0     94E0       3C     2576       0
                text201                            8F7E     8F7E       50     2576       0
                text200                            A2FA     A2FA        E     4F76       0
                text199                            A5CE     A5CE        6     4F76       0
                text198                            7F3A     7F3A       88     2576       0
                text197                            98EE     98EE       2E     2576       0
                text196                            4F7A     4F7A      17C     2576       0
                text195                            9B12     9B12       26     2576       0
                text194                            A2EC     A2EC        E     4F76       0
                text193                            9AEC     9AEC       26     2576       0
                text192                            9AC6     9AC6       26     2576       0
                text191                            A3D2     A3D2        C     4F76       0
                text190                            A2DE     A2DE        E     4F76       0
                text189                            A0D2     A0D2       14     4F76       0
                text188                            A0BE     A0BE       14     4F76       0
                text187                            A2D0     A2D0        E     4F76       0
                text186                            82C6     82C6       74     2576       0
                text185                            98C0     98C0       2E     2576       0
                text184                            95F8     95F8       36     2576       0
                text183                            91E4     91E4       46     2576       0
                text182                            5562     5562      170     2576       0
                text181                            8C3A     8C3A       56     2576       0
                text180                            A3C6     A3C6        C     4F76       0
                text179                            6F66     6F66       B8     2576       0
                text178                            93E8     93E8       3E     2576       0
                text177                            8D92     8D92       54     2576       0
                text176                            7238     7238       B2     2576       0
                text175                            8A62     8A62       62     2576       0
                text174                            59B0     59B0      158     2576       0
                text173                            5EE4     5EE4      134     2576       0
                text172                            93AA     93AA       3E     2576       0
                text171                            36DA     36DA      2AE        4       0
                text170                            5272     5272      178     2576       0
                text169                            95C2     95C2       36     2576       0
                text168                            958C     958C       36     2576       0
                text167                            9556     9556       36     2576       0
                text166                            8E38     8E38       52     2576       0
                text165                            3C0A     3C0A      27E        4       0
                text164                            189A     189A      5D2        4       0
                text163                            8420     8420       72     2576       0
                text162                            8BE2     8BE2       58     2576       0
                text161                            2238     2238      3BE        4       0
                text160                            7A06     7A06       9A     2576       0
                text159                            7186     7186       B2     2576       0
                text158                            5C60     5C60      142     2576       0
                text157                            9A28     9A28       28     2576       0
                text156                            A5C8     A5C8        6     4F76       0
                text155                            A5C2     A5C2        6     4F76       0
                text154                            A4F0     A4F0        8     4F76       0
                text153                            A5BC     A5BC        6     4F76       0
                text152                            8932     8932       66     2576       0
                text151                            6B68     6B68       D4     2576       0
                text150                            8B26     8B26       5E     2576       0
                text149                            796C     796C       9A     2576       0
                text148                            A5B6     A5B6        6     4F76       0
                text147                            A5B0     A5B0        6     4F76       0
                text146                            A4E8     A4E8        8     4F76       0
                text145                            A5AA     A5AA        6     4F76       0
                text144                            A4E0     A4E0        8     4F76       0
                text143                            A14C     A14C       10     4F76       0
                text142                            A684     A684        4     4F76       0
                text141                            A13C     A13C       10     4F76       0
                text140                            A4D8     A4D8        8     4F76       0
                text139                            9E74     9E74       1E     2576       0
                text138                            A4D0     A4D0        8     4F76       0
                text137                            A4C8     A4C8        8     4F76       0
                text136                            A3BA     A3BA        C     4F76       0
                text135                            A2C2     A2C2        E     4F76       0
                text134                            A680     A680        4     4F76       0
                text133                            99FE     99FE       2A     2576       0
                text132                            29A0     29A0      3A8        4       0
                text131                            9F8A     9F8A       1A     4F76       0
                text130                            A420     A420        A     4F76       0
                text129                            936C     936C       3E     2576       0
                text128                            A5A4     A5A4        6     4F76       0
                text127                            A4C0     A4C0        8     4F76       0
                text126                            85DE     85DE       6E     2576       0
                text125                            A2B4     A2B4        E     4F76       0
                text124                            9698     9698       34     2576       0
                text123                            A67C     A67C        4     4F76       0
                text122                            69AC     69AC       E4     2576       0
                text121                            6A90     6A90       D8     2576       0
                text120                            A0AA     A0AA       14     4F76       0
                text119                            A678     A678        4     4F76       0
                text118                            8152     8152       82     2576       0
                text117                            A674     A674        4     4F76       0
                text116                            A670     A670        4     4F76       0
                text115                            A66C     A66C        4     4F76       0
                text114                            A668     A668        4     4F76       0
                text113                            9F70     9F70       1A     4F76       0
                text112                            9F56     9F56       1A     4F76       0
                text111                            9F3C     9F3C       1A     4F76       0
                text110                            9F22     9F22       1A     4F76       0
                text109                            A664     A664        4     4F76       0
                text108                            A660     A660        4     4F76       0
                text107                            A65C     A65C        4     4F76       0
                text106                            A658     A658        4     4F76       0
                text105                            A654     A654        4     4F76       0
                text104                            4DF6     4DF6      184     2576       0
                text103                            A2A6     A2A6        E     4F76       0
                text102                            9834     9834       30     2576       0
                text101                            A298     A298        E     4F76       0
                text100                            A650     A650        4     4F76       0
                text99                             81D4     81D4       7E     2576       0
                text98                             A28A     A28A        E     4F76       0
                text97                             A64C     A64C        4     4F76       0
                text96                             99D4     99D4       2A     2576       0
                text95                             7CFE     7CFE       96     2576       0
                text94                             7E24     7E24       8C     2576       0
                text93                             9FEA     9FEA       16     4F76       0
                text92                             A416     A416        A     4F76       0
                text91                             A27C     A27C        E     4F76       0
                text90                             A26E     A26E        E     4F76       0
                text89                             A260     A260        E     4F76       0
                text88                             A252     A252        E     4F76       0
                text87                             A3AE     A3AE        C     4F76       0
                text86                             A12C     A12C       10     4F76       0
                text85                             A244     A244        E     4F76       0
                text84                             A236     A236        E     4F76       0
                text83                             88CC     88CC       66     2576       0
                text82                             A228     A228        E     4F76       0
                text81                             A21A     A21A        E     4F76       0
                text80                             A648     A648        4     4F76       0
                text79                             A59E     A59E        6     4F76       0
                text78                             92B0     92B0       40     2576       0
                text77                             A4B8     A4B8        8     4F76       0
                text76                             7C68     7C68       96     2576       0
                text75                             7790     7790       A2     2576       0
                text74                             7BD2     7BD2       96     2576       0
                text73                             9D76     9D76       20     2576       0
                text72                             932E     932E       3E     2576       0
                text71                             9AA0     9AA0       26     2576       0
                text70                             74F8     74F8       A8     2576       0
                text69                             A6A8     A6A8        2     4F76       0
                text68                             A4B0     A4B0        8     4F76       0
                text67                             A644     A644        4     4F76       0
                text66                             64C8     64C8      108     2576       0
                text65                             7D94     7D94       90     2576       0
                text64                             906E     906E       4E     2576       0
                text63                             68C8     68C8       E4     2576       0
                text62                             A3A2     A3A2        C     4F76       0
                text61                             A40C     A40C        A     4F76       0
                text60                             A402     A402        A     4F76       0
                text59                             A4A8     A4A8        8     4F76       0
                text58                             92F0     92F0       3E     2576       0
                text57                             78D2     78D2       9A     2576       0
                text56                             8570     8570       6E     2576       0
                text55                             30C8     30C8      360        4       0
                text54                             A4A0     A4A0        8     4F76       0
                text53                             A20C     A20C        E     4F76       0
                text52                             A11C     A11C       10     4F76       0
                text51                             8252     8252       74     2576       0
                text50                             A498     A498        8     4F76       0
                text49                             9FD4     9FD4       16     4F76       0
                text48                             A096     A096       14     4F76       0
                text47                             A082     A082       14     4F76       0
                text46                             A06E     A06E       14     4F76       0
                text45                             40E2     40E2      24E        4       0
                text44                             A1FE     A1FE        E     4F76       0
                text43                             A640     A640        4     4F76       0
                text42                             83AE     83AE       72     2576       0
                text41                             A490     A490        8     4F76       0
                text40                             A488     A488        8     4F76       0
                text39                             A480     A480        8     4F76       0
                text38                             A478     A478        8     4F76       0
                text37                             457C     457C      1F2        4       0
                text36                             86BA     86BA       6C     2576       0
                text35                             9D56     9D56       20     2576       0
                text34                             A470     A470        8     4F76       0
                text33                             A0E6     A0E6       12     4F76       0
                text32                             A63C     A63C        4     4F76       0
                text31                             9FBC     9FBC       18     4F76       0
                text30                             70D4     70D4       B2     2576       0
                text29                             9C1A     9C1A       24     2576       0
                text28                             9FA4     9FA4       18     4F76       0
                text27                             9BF6     9BF6       24     2576       0
                text26                             8DE6     8DE6       52     2576       0
                text25                             9E56     9E56       1E     2576       0
                text24                             9892     9892       2E     2576       0
                text23                             8F2E     8F2E       50     2576       0
                text22                             9864     9864       2E     2576       0
                text21                             A1F0     A1F0        E     4F76       0
                text20                             A1E2     A1E2        E     4F76       0
                text19                             A1D4     A1D4        E     4F76       0
                text18                             A1C6     A1C6        E     4F76       0
                text17                             A1B8     A1B8        E     4F76       0
                text16                             6EA6     6EA6       C0     2576       0
                text15                             926E     926E       42     2576       0
                text14                             80D0     80D0       82     2576       0
                text13                             5842     5842      16E     2576       0
                text12                             76EC     76EC       A4     2576       0
                text11                             4C72     4C72      184     2576       0
                text10                             A638     A638        4     4F76       0
                text9                              A1AA     A1AA        E     4F76       0
                text8                              63A6     63A6      122     2576       0
                text7                              9664     9664       34     2576       0
                text6                              9F08     9F08       1A     4F76       0
                text5                              739C     739C       AE     2576       0
                text4                              A19C     A19C        E     4F76       0
                text3                              8502     8502       6E     2576       0
                text2                              9154     9154       48     2576       0
                text1                              A598     A598        6     4F76       0
                text0                              2D48     2D48      380        4       0
                cstackCOMRAM                          1        1       5F        1       1
                cstackBANK0                          60       60       68       60       1
                cstackBANK1                         100      100       C7      100       1
                cstackBANK2                         2F5      2F5        B      200       1
                cstackBANK3                         3F9      3F9        1      300       1
                dataBIGRAM                          914      914      18F      464       1
                bssBIGRAM                           464      464      4B0      464       1
                bssBANK4                            400      400       64      400       1
                bssBANK3                            300      300       F9      300       1
                dataBANK2                           2BC      2BC       1D      200       1
                bssBANK2                            200      200       BC      200       1
                dataBANK1                           1F8      1F8        4      100       1
                bssBANK1                            1C7      1C7       31      100       1
                bssBANK0                             C8       C8       38       60       1
                cinit                              6D10     6D10       CC     2576       0
                nvBANK2                             2D9      2D9       1C      200       1
                idataBANK2                         9ECE     9ECE       1D     2576       0
                idataBANK1                         A634     A634        4     4F76       0
                idataBIGRAM                        495C     495C      18F        4       0

TOTAL           Name                               Link     Load   Length     Space
        CLASS   STACK          

        CLASS   CODE           
                init                                 1A       1A        4         0
                reset_vec                             0        0        4         0
                ivt0x8                                8        8       12         0
                text382                            A058     A058       16         0
                text381                            A394     A394        E         0
                text380                            A62E     A62E        6         0
                text379                            A386     A386        E         0
                text378                            8726     8726       6C         0
                text377                            A18C     A18C       10         0
                text376                            99A6     99A6       2E         0
                text375                            8492     8492       70         0
                text374                            979C     979C       34         0
                text373                            922A     922A       44         0
                text372                            56D2     56D2      170         0
                text371                            8D3C     8D3C       56         0
                text370                            A466     A466        A         0
                text369                            744A     744A       AE         0
                text368                            94A2     94A2       3E         0
                text367                            901E     901E       50         0
                text366                            701E     701E       B6         0
                text365                            8AC4     8AC4       62         0
                text364                            5B08     5B08      158         0
                text363                            614C     614C      134         0
                text362                            9464     9464       3E         0
                text361                            3428     3428      2B2         0
                text360                            53EA     53EA      178         0
                text359                            9768     9768       34         0
                text358                            9734     9734       34         0
                text357                            9700     9700       34         0
                text356                            8EDC     8EDC       52         0
                text355                            3988     3988      282         0
                text354                            12AE     12AE      5EC         0
                text353                            8792     8792       6A         0
                text352                            9BD0     9BD0       26         0
                text351                            6018     6018      134         0
                text350                            A6B8     A6B8        2         0
                text349                            9CAA     9CAA       24         0
                text348                            A590     A590        8         0
                text347                            9BAA     9BAA       26         0
                text346                            9D34     9D34       22         0
                text345                            A6A4     A6A4        4         0
                text344                            A6A0     A6A0        4         0
                text343                            A378     A378        E         0
                text342                            A628     A628        6         0
                text341                            A622     A622        6         0
                text340                            910A     910A       4A         0
                text339                            A45C     A45C        A         0
                text338                            9E36     9E36       20         0
                text337                            A61C     A61C        6         0
                text336                            A452     A452        A         0
                text335                            A616     A616        6         0
                text334                            A588     A588        8         0
                text333                            A580     A580        8         0
                text332                            A578     A578        8         0
                text331                            A610     A610        6         0
                text330                            A60A     A60A        6         0
                text329                            A604     A604        6         0
                text328                            A570     A570        8         0
                text327                            A568     A568        8         0
                text326                            A560     A560        8         0
                text325                            A042     A042       16         0
                text324                            A02C     A02C       16         0
                text323                            A558     A558        8         0
                text322                            A550     A550        8         0
                text321                            A016     A016       16         0
                text320                            A000     A000       16         0
                text319                            A548     A548        8         0
                text318                            A5FE     A5FE        6         0
                text317                            A540     A540        8         0
                text316                            90BC     90BC       4E         0
                text315                            A538     A538        8         0
                text314                            A3F6     A3F6        C         0
                text313                            951C     951C       3A         0
                text312                            8FCE     8FCE       50         0
                text311                            A36A     A36A        E         0
                text310                            A5F8     A5F8        6         0
                text309                            7FC2     7FC2       88         0
                text308                            9A78     9A78       28         0
                text307                            50F6     50F6      17C         0
                text306                            9B84     9B84       26         0
                text305                            A35C     A35C        E         0
                text304                            9B5E     9B5E       26         0
                text303                            9B38     9B38       26         0
                text302                            A3EA     A3EA        C         0
                text301                            A34E     A34E        E         0
                text300                            A3DE     A3DE        C         0
                text299                            A340     A340        E         0
                text298                            A332     A332        E         0
                text297                            833A     833A       74         0
                text296                            8E8A     8E8A       52         0
                text295                            1E6C     1E6C      3CC         0
                text294                            A10A     A10A       12         0
                text293                            A17C     A17C       10         0
                text292                            A0F8     A0F8       12         0
                text291                            A530     A530        8         0
                text290                            A324     A324        E         0
                text289                            6C3C     6C3C       D4         0
                text288                            6DDC     6DDC       CA         0
                text287                            A448     A448        A         0
                text286                            A528     A528        8         0
                text285                            A43E     A43E        A         0
                text284                            A434     A434        A         0
                text283                            A520     A520        8         0
                text282                            A518     A518        8         0
                text281                            4330     4330      24C         0
                text280                            8998     8998       66         0
                text279                            7646     7646       A6         0
                text278                            8B84     8B84       5E         0
                text277                            4AEC     4AEC      186         0
                text276                            A69C     A69C        4         0
                text275                            A698     A698        4         0
                text274                            A316     A316        E         0
                text273                            6280     6280      126         0
                text272                            9978     9978       2E         0
                text271                            3E88     3E88      25A         0
                text270                            8CE6     8CE6       56         0
                text269                            9E16     9E16       20         0
                text268                            8864     8864       68         0
                text267                            89FE     89FE       64         0
                text266                            96CC     96CC       34         0
                text265                            962E     962E       36         0
                text264                            A5F2     A5F2        6         0
                text263                            9EB0     9EB0       1E         0
                text262                            9E92     9E92       1E         0
                text261                            A510     A510        8         0
                text260                            9DF6     9DF6       20         0
                text259                            9DD6     9DD6       20         0
                text258                            A508     A508        8         0
                text257                            A500     A500        8         0
                text256                            A4F8     A4F8        8         0
                text255                            A5EC     A5EC        6         0
                text254                            7EB0     7EB0       8A         0
                text253                            8C90     8C90       56         0
                text252                            75A0     75A0       A6         0
                text251                            9A50     9A50       28         0
                text250                            9426     9426       3E         0
                text249                            7AA0     7AA0       9A         0
                text248                            864C     864C       6E         0
                text247                            A6B6     A6B6        2         0
                text246                              1E       1E     1290         0
                text245                            9D12     9D12       22         0
                text244                            A5E6     A5E6        6         0
                text243                            7B3A     7B3A       98         0
                text242                            72EA     72EA       B2         0
                text241                            5DA2     5DA2      142         0
                text240                            A694     A694        4         0
                text239                            A690     A690        4         0
                text238                            66D4     66D4      100         0
                text237                            A16C     A16C       10         0
                text236                            A68C     A68C        4         0
                text235                            A15C     A15C       10         0
                text234                            994A     994A       2E         0
                text233                            476E     476E      1EE         0
                text232                            A6B4     A6B4        2         0
                text231                            65D0     65D0      104         0
                text230                            9C86     9C86       24         0
                text229                            9802     9802       32         0
                text228                            9EEC     9EEC       1C         0
                text227                            A5E0     A5E0        6         0
                text226                            A42A     A42A        A         0
                text225                            A308     A308        E         0
                text224                            A688     A688        4         0
                text223                            25F6     25F6      3AA         0
                text222                            A6B2     A6B2        2         0
                text221                            A5DA     A5DA        6         0
                text220                            991C     991C       2E         0
                text219                            9CF0     9CF0       22         0
                text218                            A6B0     A6B0        2         0
                text217                            87FC     87FC       68         0
                text216                            9C62     9C62       24         0
                text215                            97D0     97D0       32         0
                text214                            A6AE     A6AE        2         0
                text213                            804A     804A       86         0
                text212                            9CCE     9CCE       22         0
                text211                            9C3E     9C3E       24         0
                text210                            A5D4     A5D4        6         0
                text209                            A6AC     A6AC        2         0
                text208                            A6AA     A6AA        2         0
                text207                            7832     7832       A0         0
                text206                            919C     919C       48         0
                text205                            67D4     67D4       F4         0
                text204                            9DB6     9DB6       20         0
                text203                            9D96     9D96       20         0
                text202                            94E0     94E0       3C         0
                text201                            8F7E     8F7E       50         0
                text200                            A2FA     A2FA        E         0
                text199                            A5CE     A5CE        6         0
                text198                            7F3A     7F3A       88         0
                text197                            98EE     98EE       2E         0
                text196                            4F7A     4F7A      17C         0
                text195                            9B12     9B12       26         0
                text194                            A2EC     A2EC        E         0
                text193                            9AEC     9AEC       26         0
                text192                            9AC6     9AC6       26         0
                text191                            A3D2     A3D2        C         0
                text190                            A2DE     A2DE        E         0
                text189                            A0D2     A0D2       14         0
                text188                            A0BE     A0BE       14         0
                text187                            A2D0     A2D0        E         0
                text186                            82C6     82C6       74         0
                text185                            98C0     98C0       2E         0
                text184                            95F8     95F8       36         0
                text183                            91E4     91E4       46         0
                text182                            5562     5562      170         0
                text181                            8C3A     8C3A       56         0
                text180                            A3C6     A3C6        C         0
                text179                            6F66     6F66       B8         0
                text178                            93E8     93E8       3E         0
                text177                            8D92     8D92       54         0
                text176                            7238     7238       B2         0
                text175                            8A62     8A62       62         0
                text174                            59B0     59B0      158         0
                text173                            5EE4     5EE4      134         0
                text172                            93AA     93AA       3E         0
                text171                            36DA     36DA      2AE         0
                text170                            5272     5272      178         0
                text169                            95C2     95C2       36         0
                text168                            958C     958C       36         0
                text167                            9556     9556       36         0
                text166                            8E38     8E38       52         0
                text165                            3C0A     3C0A      27E         0
                text164                            189A     189A      5D2         0
                text163                            8420     8420       72         0
                text162                            8BE2     8BE2       58         0
                text161                            2238     2238      3BE         0
                text160                            7A06     7A06       9A         0
                text159                            7186     7186       B2         0
                text158                            5C60     5C60      142         0
                text157                            9A28     9A28       28         0
                text156                            A5C8     A5C8        6         0
                text155                            A5C2     A5C2        6         0
                text154                            A4F0     A4F0        8         0
                text153                            A5BC     A5BC        6         0
                text152                            8932     8932       66         0
                text151                            6B68     6B68       D4         0
                text150                            8B26     8B26       5E         0
                text149                            796C     796C       9A         0
                text148                            A5B6     A5B6        6         0
                text147                            A5B0     A5B0        6         0
                text146                            A4E8     A4E8        8         0
                text145                            A5AA     A5AA        6         0
                text144                            A4E0     A4E0        8         0
                text143                            A14C     A14C       10         0
                text142                            A684     A684        4         0
                text141                            A13C     A13C       10         0
                text140                            A4D8     A4D8        8         0
                text139                            9E74     9E74       1E         0
                text138                            A4D0     A4D0        8         0
                text137                            A4C8     A4C8        8         0
                text136                            A3BA     A3BA        C         0
                text135                            A2C2     A2C2        E         0
                text134                            A680     A680        4         0
                text133                            99FE     99FE       2A         0
                text132                            29A0     29A0      3A8         0
                text131                            9F8A     9F8A       1A         0
                text130                            A420     A420        A         0
                text129                            936C     936C       3E         0
                text128                            A5A4     A5A4        6         0
                text127                            A4C0     A4C0        8         0
                text126                            85DE     85DE       6E         0
                text125                            A2B4     A2B4        E         0
                text124                            9698     9698       34         0
                text123                            A67C     A67C        4         0
                text122                            69AC     69AC       E4         0
                text121                            6A90     6A90       D8         0
                text120                            A0AA     A0AA       14         0
                text119                            A678     A678        4         0
                text118                            8152     8152       82         0
                text117                            A674     A674        4         0
                text116                            A670     A670        4         0
                text115                            A66C     A66C        4         0
                text114                            A668     A668        4         0
                text113                            9F70     9F70       1A         0
                text112                            9F56     9F56       1A         0
                text111                            9F3C     9F3C       1A         0
                text110                            9F22     9F22       1A         0
                text109                            A664     A664        4         0
                text108                            A660     A660        4         0
                text107                            A65C     A65C        4         0
                text106                            A658     A658        4         0
                text105                            A654     A654        4         0
                text104                            4DF6     4DF6      184         0
                text103                            A2A6     A2A6        E         0
                text102                            9834     9834       30         0
                text101                            A298     A298        E         0
                text100                            A650     A650        4         0
                text99                             81D4     81D4       7E         0
                text98                             A28A     A28A        E         0
                text97                             A64C     A64C        4         0
                text96                             99D4     99D4       2A         0
                text95                             7CFE     7CFE       96         0
                text94                             7E24     7E24       8C         0
                text93                             9FEA     9FEA       16         0
                text92                             A416     A416        A         0
                text91                             A27C     A27C        E         0
                text90                             A26E     A26E        E         0
                text89                             A260     A260        E         0
                text88                             A252     A252        E         0
                text87                             A3AE     A3AE        C         0
                text86                             A12C     A12C       10         0
                text85                             A244     A244        E         0
                text84                             A236     A236        E         0
                text83                             88CC     88CC       66         0
                text82                             A228     A228        E         0
                text81                             A21A     A21A        E         0
                text80                             A648     A648        4         0
                text79                             A59E     A59E        6         0
                text78                             92B0     92B0       40         0
                text77                             A4B8     A4B8        8         0
                text76                             7C68     7C68       96         0
                text75                             7790     7790       A2         0
                text74                             7BD2     7BD2       96         0
                text73                             9D76     9D76       20         0
                text72                             932E     932E       3E         0
                text71                             9AA0     9AA0       26         0
                text70                             74F8     74F8       A8         0
                text69                             A6A8     A6A8        2         0
                text68                             A4B0     A4B0        8         0
                text67                             A644     A644        4         0
                text66                             64C8     64C8      108         0
                text65                             7D94     7D94       90         0
                text64                             906E     906E       4E         0
                text63                             68C8     68C8       E4         0
                text62                             A3A2     A3A2        C         0
                text61                             A40C     A40C        A         0
                text60                             A402     A402        A         0
                text59                             A4A8     A4A8        8         0
                text58                             92F0     92F0       3E         0
                text57                             78D2     78D2       9A         0
                text56                             8570     8570       6E         0
                text55                             30C8     30C8      360         0
                text54                             A4A0     A4A0        8         0
                text53                             A20C     A20C        E         0
                text52                             A11C     A11C       10         0
                text51                             8252     8252       74         0
                text50                             A498     A498        8         0
                text49                             9FD4     9FD4       16         0
                text48                             A096     A096       14         0
                text47                             A082     A082       14         0
                text46                             A06E     A06E       14         0
                text45                             40E2     40E2      24E         0
                text44                             A1FE     A1FE        E         0
                text43                             A640     A640        4         0
                text42                             83AE     83AE       72         0
                text41                             A490     A490        8         0
                text40                             A488     A488        8         0
                text39                             A480     A480        8         0
                text38                             A478     A478        8         0
                text37                             457C     457C      1F2         0
                text36                             86BA     86BA       6C         0
                text35                             9D56     9D56       20         0
                text34                             A470     A470        8         0
                text33                             A0E6     A0E6       12         0
                text32                             A63C     A63C        4         0
                text31                             9FBC     9FBC       18         0
                text30                             70D4     70D4       B2         0
                text29                             9C1A     9C1A       24         0
                text28                             9FA4     9FA4       18         0
                text27                             9BF6     9BF6       24         0
                text26                             8DE6     8DE6       52         0
                text25                             9E56     9E56       1E         0
                text24                             9892     9892       2E         0
                text23                             8F2E     8F2E       50         0
                text22                             9864     9864       2E         0
                text21                             A1F0     A1F0        E         0
                text20                             A1E2     A1E2        E         0
                text19                             A1D4     A1D4        E         0
                text18                             A1C6     A1C6        E         0
                text17                             A1B8     A1B8        E         0
                text16                             6EA6     6EA6       C0         0
                text15                             926E     926E       42         0
                text14                             80D0     80D0       82         0
                text13                             5842     5842      16E         0
                text12                             76EC     76EC       A4         0
                text11                             4C72     4C72      184         0
                text10                             A638     A638        4         0
                text9                              A1AA     A1AA        E         0
                text8                              63A6     63A6      122         0
                text7                              9664     9664       34         0
                text6                              9F08     9F08       1A         0
                text5                              739C     739C       AE         0
                text4                              A19C     A19C        E         0
                text3                              8502     8502       6E         0
                text2                              9154     9154       48         0
                text1                              A598     A598        6         0
                text0                              2D48     2D48      380         0
                cinit                              6D10     6D10       CC         0
                idataBANK2                         9ECE     9ECE       1D         0
                idataBANK1                         A634     A634        4         0
                idataBIGRAM                        495C     495C      18F         0

        CLASS   CONST          

        CLASS   SMALLCONST     

        CLASS   MEDIUMCONST    
                mediumconst                        FC56     FC56      3AA         0

        CLASS   COMRAM         
                cstackCOMRAM                          1        1       5F         1

        CLASS   ABS1           

        CLASS   BIGRAM         
                dataBIGRAM                          914      914      18F         1
                bssBIGRAM                           464      464      4B0         1

        CLASS   RAM            

        CLASS   BANK0          
                cstackBANK0                          60       60       68         1
                bssBANK0                             C8       C8       38         1

        CLASS   BANK1          
                cstackBANK1                         100      100       C7         1
                dataBANK1                           1F8      1F8        4         1
                bssBANK1                            1C7      1C7       31         1

        CLASS   BANK2          
                cstackBANK2                         2F5      2F5        B         1
                dataBANK2                           2BC      2BC       1D         1
                bssBANK2                            200      200       BC         1
                nvBANK2                             2D9      2D9       1C         1

        CLASS   BANK3          
                cstackBANK3                         3F9      3F9        1         1
                bssBANK3                            300      300       F9         1

        CLASS   BANK4          
                bssBANK4                            400      400       64         1

        CLASS   BANK5          

        CLASS   BANK6          

        CLASS   BANK7          

        CLASS   BANK8          

        CLASS   BANK9          

        CLASS   BANK10         

        CLASS   BANK11         

        CLASS   BANK12         

        CLASS   BANK13         

        CLASS   BANK14         

        CLASS   BANK15         

        CLASS   SFR            

        CLASS   FARRAM         

        CLASS   CONFIG         
                config                           300000   300000        A         0

        CLASS   IDLOC          
                idloc                            200000   200000       10         0

        CLASS   EEDATA         



SEGMENTS        Name                           Load    Length   Top    Selector   Space  Class

                bssBANK4                       000400  000064  000464       400       1  BANK4   
                text228                        009EEC  0007CE  00A6BA      4F76       0  CODE    
                text277                        004AEC  0053FF  009EEB      2576       0  CODE    
                bssBIGRAM                      000464  00063F  000AA3       464       1  BIGRAM  
                mediumconst                    00FC56  0003AA  010000      7E2B       0  MEDIUMCO
                idloc                          200000  000010  200010    200000       0  IDLOC   
                config                         300000  00000A  30000A    300000       0  CONFIG  
                ivt0x8                         000008  004AE3  004AEB         4       0  CODE    
                reset_vec                      000000  000004  000004         0       0  CODE    
                cstackBANK0                    000060  0000A0  000100        60       1  BANK0   
                bssBANK3                       000300  0000FA  0003FA       300       1  BANK3   
                bssBANK2                       000200  000100  000300       200       1  BANK2   
                cstackBANK1                    000100  0000FC  0001FC       100       1  BANK1   
                cstackCOMRAM                   000001  00005F  000060         1       1  COMRAM  


UNUSED ADDRESS RANGES

        Name                Unused          Largest block    Delta
        BANK1            0001FC-0001FF                4
        BANK10           000AA3-000AFF               5D
        BANK11           000B00-000BFF              100
        BANK12           000C00-000CFF              100
        BANK13           000D00-000DFF              100
        BANK14           000E00-000EFF              100
        BANK15           000F00-000FFF              100
        BANK3            0003FA-0003FF                6
        BIGRAM           0001FC-0001FF                4
                         0003FA-0003FF                6
                         000AA3-000FFF              55D
        CODE             000004-000007                4
                         004AEB-004AEB                1
                         009EEB-009EEB                1
                         00A6BA-00FC55             559C
        CONST            000004-000007                4
                         004AEB-004AEB                1
                         009EEB-009EEB                1
                         00A6BA-00FC55             559C
        EEDATA           310000-3103FF              400
        MEDIUMCONST      004AEB-004AEB                1
                         009EEB-009EEB                1
                         00A6BA-00FC55             559C
        RAM              0001FC-0001FF                4
                         0003FA-0003FF                6
                         000AA3-000FFF              100
        SFR              003800-003FFF              100
        SMALLCONST       004AEB-004AEB                1
                         009EEB-009EEB                1
                         00A6BA-00FC55              100
        STACK            000AA3-000FFF              55D

                                  Symbol Table

?_ADCC_GetConversionResult                      cstackCOMRAM 000001
?_AdcGetData                                    cstackBANK1  00010A
?_AdcSeeData                                    cstackBANK1  00010A
?_Get12V                                        cstackBANK1  00011E
?_Get5V                                         cstackBANK1  00011E
?_GetAlarmState                                 cstackBANK1  000108
?_GetBpm                                        cstackBANK1  000104
?_GetEp                                         cstackBANK1  000112
?_GetIp                                         cstackBANK1  000112
?_GetMaxPressure                                cstackBANK1  000112
?_GetPmax                                       cstackBANK1  000112
?_GetPressureV_pa                               cstackBANK1  000112
?_GetPressure_mbar02                            cstackCOMRAM 00002B
?_GetPressure_pa                                cstackBANK1  00011E
?_GetSpr                                        cstackBANK1  000104
?_GetTargetEp                                   cstackBANK1  000112
?_GetTargetIp                                   cstackBANK1  000112
?_GetTde                                        cstackBANK1  000104
?_GetTdi                                        cstackBANK1  000104
?_GetTe                                         cstackBANK1  000104
?_GetTi                                         cstackBANK1  000104
?_GetVolume                                     cstackBANK1  000104
?_HigherAlarm                                   cstackBANK1  00010A
?_See12V                                        cstackBANK1  00011E
?_See5V                                         cstackBANK1  00011E
?_SeePressureV_pa                               cstackBANK1  000112
?_SeePressure_pa                                cstackBANK1  00011E
?___aldiv                                       cstackBANK1  000110
?___aodiv                                       cstackBANK1  000104
?___aomod                                       cstackBANK1  000104
?___awdiv                                       cstackBANK1  00010A
?___awmod                                       cstackBANK1  000104
?___lldiv                                       cstackCOMRAM 000001
[...]
		_toupper       		CODE           	8E38	0000	83

/Applications/microchip/xc8/v2.10/pic/sources/c99/common/toupper.c estimated size: 83

mcc_generated_files/pin_manager.c
		_PIN_MANAGER_Initialize		CODE           	70D4	0000	179

mcc_generated_files/pin_manager.c estimated size: 179

/Applications/microchip/xc8/v2.10/pic/sources/c99/common/isalpha.c
		_isalpha       		CODE           	95C2	0000	55

/Applications/microchip/xc8/v2.10/pic/sources/c99/common/isalpha.c estimated size: 55

buttons.c
		_SetAlarmLED   		CODE           	A2B4	0000	15
		_ClearAlarmLED 		CODE           	A420	0000	11
		_ButtonInit    		CODE           	99D4	0000	43
		_ButtonTask    		CODE           	65D0	0000	261

buttons.c estimated size: 330

/Applications/microchip/xc8/v2.10/pic/sources/c99/common/nf_fputc.c
		_fputc         		CODE           	6F66	0000	185

/Applications/microchip/xc8/v2.10/pic/sources/c99/common/nf_fputc.c estimated size: 185

/Applications/microchip/xc8/v2.10/pic/sources/c99/common/__lldiv.c
		___lldiv       		CODE           	7EB0	0000	139

/Applications/microchip/xc8/v2.10/pic/sources/c99/common/__lldiv.c estimated size: 139

/Applications/microchip/xc8/v2.10/pic/sources/c99/common/Umul16.c
		___wmul        		CODE           	98C0	0000	47

/Applications/microchip/xc8/v2.10/pic/sources/c99/common/Umul16.c estimated size: 47

mcc_generated_files/uart1.c
		_UART1_Write   		CODE           	8C3A	0000	87
		_putch         		CODE           	A3C6	0000	13
		_UART1_SetFramingErrorHandler		CODE           	A1E2	0000	15
		_UART1_SetOverrunErrorHandler		CODE           	A1D4	0000	15
		_UART1_Receive_ISR		CODE           	7832	0000	161
		_UART1_SetRxInterruptHandler		CODE           	A1C6	0000	15
		_UART1_SetTxInterruptHandler		CODE           	A1B8	0000	15
		_UART1_Initialize		CODE           	6EA6	0000	193
		_UART1_SetErrorHandler		CODE           	A1F0	0000	15
		_UART1_Transmit_ISR		CODE           	919C	0000	73
		_UART1_Read    		CODE           	9154	0000	73
		_getch         		CODE           	A598	0000	7
		_UART1_DefaultFramingErrorHandler		CODE           	A6AC	0000	3
		_UART1_is_rx_ready		CODE           	A19C	0000	15
		_UART1_DefaultErrorHandler		CODE           	A5D4	0000	7
		_UART1_RxDataHandler		CODE           	9C3E	0000	37
		_UART1_DefaultOverrunErrorHandler		CODE           	A6AA	0000	3

mcc_generated_files/uart1.c estimated size: 747

/Applications/microchip/xc8/v2.10/pic/sources/c99/common/nf_sprintf.c
		_sprintf       		CODE           	8BE2	0000	89

/Applications/microchip/xc8/v2.10/pic/sources/c99/common/nf_sprintf.c estimated size: 89

/Applications/microchip/xc8/v2.10/pic/sources/c99/common/aomod.c
		___aomod       		CODE           	5EE4	0000	309

/Applications/microchip/xc8/v2.10/pic/sources/c99/common/aomod.c estimated size: 309

/Applications/microchip/xc8/v2.10/pic/sources/c99/common/atoi.c
		_atoi          		CODE           	5562	0000	369

/Applications/microchip/xc8/v2.10/pic/sources/c99/common/atoi.c estimated size: 369

/Applications/microchip/xc8/v2.10/pic/sources/c99/common/isdigit.c
		_isdigit       		CODE           	95F8	0000	55

/Applications/microchip/xc8/v2.10/pic/sources/c99/common/isdigit.c estimated size: 55

mcc_generated_files/tmr5.c
		_TMR5_ISR      		CODE           	97D0	0000	51
		_TMR5_Initialize		CODE           	8F2E	0000	81
		_TMR5_SetInterruptHandler		CODE           	A298	0000	15
		_TMR5_StopTimer		CODE           	A644	0000	5
		_TMR5_DefaultInterruptHandler		CODE           	A6B0	0000	3
		_TMR5_WriteTimer		CODE           	9C62	0000	37
		_TMR5_StartTimer		CODE           	A650	0000	5

mcc_generated_files/tmr5.c estimated size: 197

shared
		i2_GetDisableAlarmSV1		CODE           	A5F8	0000	7
		i2_printf      		CODE           	9BD0	0000	39
		i2_vfpfcnvrt   		CODE           	12AE	0000	1517
		i2_BuzzerOn    		CODE           	9EEC	0000	29
		i2_pad         		CODE           	701E	0000	183
		i2_atoi        		CODE           	56D2	0000	369
		i2_BuzzerOff   		CODE           	A16C	0000	17
		i2_TMR0_StopTimer		CODE           	A698	0000	5
		i2_ClearVars   		CODE           	4330	0000	589
		i2_abs         		CODE           	9464	0000	63
		i2_stoa        		CODE           	53EA	0000	377
		i2_GetTde      		CODE           	A3EA	0000	13
		i2_GetTdi      		CODE           	A34E	0000	15
		i2_AdcGetData  		CODE           	8998	0000	103
		i2_BuzzerTask  		CODE           	25F6	0000	939
		i2_ADCC_SetADTIInterruptHandler		CODE           	A386	0000	15
		i2_putch       		CODE           	A466	0000	11
		i2_GetBpm      		CODE           	A36A	0000	15
		i2_isspace     		CODE           	922A	0000	69
		i2_GetTargetEp 		CODE           	9B5E	0000	39
		i2_GetTargetIp 		CODE           	9B38	0000	39
		i2_ClearVeryHighPressureAlarmHigh		CODE           	A540	0000	9
		i2_BuzzerClear 		CODE           	A15C	0000	17
		i2_GetEp       		CODE           	9A78	0000	41
		i2_AdcSeeData  		CODE           	9426	0000	63
		i2_TMR0_StartTimer		CODE           	A69C	0000	5
		i2_HistAlarm   		CODE           	66D4	0000	257
		i2_vfprintf    		CODE           	8792	0000	107
		i2_LCDOn       		CODE           	A434	0000	11
		i2_isdigit     		CODE           	979C	0000	53
		i2_xtoa        		CODE           	3988	0000	643
		i2_CMP1_Enable 		CODE           	A538	0000	9
		i2_ClearHighPressureAlarmHigh		CODE           	A550	0000	9
		i2_TMR4_Stop   		CODE           	A68C	0000	5
		i2_ValueDisplay		CODE           	1E6C	0000	973
		i2_TMR4_Start  		CODE           	A688	0000	5
		i2_GetVolume   		CODE           	A332	0000	15
		i2___awdiv     		CODE           	7FC2	0000	137
		i2_ClearCircuitFailureAlarm		CODE           	A568	0000	9
		i2_ctoa        		CODE           	8AC4	0000	99
		i2___wmul      		CODE           	99A6	0000	47
		i2_GetPressure_pa		CODE           	4AEC	0000	391
		i2_dtoa        		CODE           	3428	0000	691
		i2_AnyAlarm    		CODE           	951C	0000	59
		i2_CMP1_Disable		CODE           	A590	0000	9
		i2_AlarmUpdateLCD		CODE           	5DA2	0000	323
		i2_ClearControlFailAlarm		CODE           	A560	0000	9
		i2_ClearBaterryLowAlarmHigh		CODE           	A60A	0000	7
		i2_ClearMonitorFailAlarm		CODE           	A548	0000	9
		i2_ClearBatteryFailAlarm		CODE           	A570	0000	9
		__initialization		CODE           	6D10	0000	199
		i2_GetPressureV_pa		CODE           	7646	0000	167
		i2_MonitorDisable		CODE           	A520	0000	9
		i2_MuteAlarm   		CODE           	476E	0000	495
		i2___lmul      		CODE           	8B84	0000	95
		i2_GetTi       		CODE           	A340	0000	15
		i2_AdcDataReady		CODE           	9A50	0000	41
		i2_GetIp       		CODE           	50F6	0000	381
		i2___awmod     		CODE           	833A	0000	117
		i2_EnableAlarmSV1		CODE           	A528	0000	9
		i2_ADCC_Initialize		CODE           	8726	0000	109
		i2_See12V      		CODE           	7AA0	0000	155
		i2_TMR4_Period8BitSet		CODE           	A42A	0000	11
		i2___aldiv     		CODE           	6C3C	0000	213
		i2_GetAlarmState		CODE           	8FCE	0000	81
		i2_SetMonitorFailAlarm		CODE           	A5E0	0000	7
		i2_SetSV1      		CODE           	9978	0000	47
		i2___aodiv     		CODE           	5B08	0000	345
		i2_SetAlarmSV1 		CODE           	994A	0000	47
		i2_TMR4_SetInterruptHandler		CODE           	A308	0000	15
		i2_sprintf     		CODE           	8E8A	0000	83
		i2_SetCalibrateState		CODE           	6280	0000	295
		i2_DisableAlarmSV1		CODE           	A5E6	0000	7
		i2_See5V       		CODE           	864C	0000	111
		i2_islower     		CODE           	9700	0000	53
		i2_GetTe       		CODE           	A3DE	0000	13
		i2_LCDOff      		CODE           	A43E	0000	11
		i2_TMR5_StopTimer		CODE           	A690	0000	5
		i2_UART1_Write 		CODE           	8D3C	0000	87
		i2_UnDisplayCalibrate		CODE           	A316	0000	15
		i2_ClearGasFailureAlarm		CODE           	A558	0000	9
		i2_ClearEPAboveSetAlarm		CODE           	A042	0000	23
		i2_ClearIPAboveSetAlarm		CODE           	A016	0000	23
		i2_isupper     		CODE           	9734	0000	53
		i2___aomod     		CODE           	614C	0000	309
		i2_ClearEPBelowSetAlarm		CODE           	A02C	0000	23
		i2_ClearIPBelowSetAlarm		CODE           	A000	0000	23
		i2_fputc       		CODE           	744A	0000	175
		i2_fputs       		CODE           	94A2	0000	63
		i2_strlen      		CODE           	901E	0000	81
		i2_ClearBaterryLowAlarmMed		CODE           	A604	0000	7
		i2_GetPmax     		CODE           	9B84	0000	39
		i2_ADCC_StartConversion		CODE           	A18C	0000	17
		i2_ClearNoPowerSupplyAlarm		CODE           	A5FE	0000	7
		i2_AdcInit     		CODE           	8492	0000	113
		i2_HigherAlarm 		CODE           	72EA	0000	179
		i2_toupper     		CODE           	8EDC	0000	83
		i2_MonitorEnable		CODE           	A518	0000	9
		i2_TMR5_StartTimer		CODE           	A694	0000	5
		i2_AlarmDisplay		CODE           	7B3A	0000	153
		i2_GetSpr      		CODE           	A35C	0000	15
		i2_isalpha     		CODE           	9768	0000	53

shared estimated size: 13174

mcc_generated_files/mcc.c
		_PMD_Initialize		CODE           	9C1A	0000	37
		_OSCILLATOR_Initialize		CODE           	9FBC	0000	25
		_SYSTEM_Initialize		CODE           	926E	0000	67

mcc_generated_files/mcc.c estimated size: 129

/Applications/microchip/xc8/v2.10/pic/sources/c99/common/printf.c
		_printf        		CODE           	99FE	0000	43

/Applications/microchip/xc8/v2.10/pic/sources/c99/common/printf.c estimated size: 43

mcc_generated_files/i2c2_slave.c
		_I2C2_SlaveSetSlaveMask		CODE           	A12C	0000	17
		_I2C2_SlaveClearBuff		CODE           	A6A4	0000	5
		_I2C2_Read     		CODE           	A622	0000	7
		_I2C2_SlaveSetReadIntHandler		CODE           	A252	0000	15
		_I2C2_SlaveSetCounter		CODE           	A452	0000	11
		_I2C2_SlaveSetAddrIntHandler		CODE           	A27C	0000	15
		_I2C2_SlaveSetIsrHandler		CODE           	A260	0000	15
		_I2C2_SlaveSetStopIntHandler		CODE           	A228	0000	15
		_I2C2_SlaveEnableIrq		CODE           	9FEA	0000	23
		_I2C2_SlaveDefRdInterruptHandler		CODE           	A45C	0000	11
		_I2C2_SlaveOpen		CODE           	A416	0000	11
		_I2C2_SlaveClearStopFlag		CODE           	A6A0	0000	5
		_I2C2_SlaveSetSlaveAddr		CODE           	A3AE	0000	13
		_I2C2_SlaveRdCallBack		CODE           	9E36	0000	33
		_I2C2_Isr      		CODE           	8864	0000	105
		_I2C2_Open     		CODE           	88CC	0000	103
		_I2C2_SlaveStopCallBack		CODE           	9E16	0000	33
		_I2C2_Initialize		CODE           	A0E6	0000	19
		_I2C2_SlaveSetWrColIntHandler		CODE           	A244	0000	15
		_I2C2_SlaveIsRxBufFull		CODE           	A378	0000	15
		_I2C2_SlaveGetRxData		CODE           	A628	0000	7
		_I2C2_SlaveSetWriteIntHandler		CODE           	A236	0000	15
		_I2C2_SlaveSetBusColIntHandler		CODE           	A26E	0000	15
		_I2C2_SlaveReleaseClock		CODE           	A61C	0000	7

mcc_generated_files/i2c2_slave.c estimated size: 530

alarm.c
		_SetMaxPressure		CODE           	A324	0000	15
		_SetCircuitFailureAlarm		CODE           	A5F2	0000	7
		_HighPressureAlarmHigh		CODE           	A674	0000	5
		_SetTdiTooLongAlarm		CODE           	A500	0000	9
		_SetVAboveMaxAlarm		CODE           	A4F8	0000	9
		_GetAlarmState 		CODE           	8F7E	0000	81
		_HistAlarm     		CODE           	64C8	0000	265
		_ClearBaterryLowAlarmMed		CODE           	A5C2	0000	7
		_SetBaterryLowAlarmHigh		CODE           	A5B6	0000	7
		_ClearMonitorFailAlarm		CODE           	A4D0	0000	9
		_ControlFailAlarm		CODE           	A0AA	0000	21
		_SetMonitorFailAlarm		CODE           	A4C8	0000	9
		_TestAlarm     		CODE           	739C	0000	175
		_MuteAlarm     		CODE           	457C	0000	499
		_SetHighPressureAlarmHigh		CODE           	A5A4	0000	7
		_AlarmClear    		CODE           	9DB6	0000	33
		_SetEPAboveSetAlarm		CODE           	9EB0	0000	31
		_ClearAllAlarm 		CODE           	90BC	0000	79
		_SetVBelowMinAlarm		CODE           	A5EC	0000	7
		_SetGasFailureAlarm		CODE           	A510	0000	9
		_EPBelowSetAlarm		CODE           	9F70	0000	27
		_AlarmUpdateLCD		CODE           	5C60	0000	323
		_IPBelowSetAlarm		CODE           	9F3C	0000	27
		_AnyAlarm      		CODE           	94E0	0000	61
		_VBelowMinAlarm		CODE           	A658	0000	5
		_BaterryLowAlarmHigh		CODE           	A668	0000	5
		_AlarmHandler  		CODE           	87FC	0000	105
		_SetBatteryFailAlarm		CODE           	A4E8	0000	9
		_ClearVeryHighPressureAlarmHigh		CODE           	A478	0000	9
		_VAboveMaxAlarm		CODE           	A65C	0000	5
		_EPAboveSetAlarm		CODE           	9F56	0000	27
		_ClearHighPressureAlarmLow		CODE           	A616	0000	7
		_ClearNoPowerSupplyAlarm		CODE           	A5BC	0000	7
		_ClearTdeTooLongAlarm		CODE           	A588	0000	9
		_ClearTdiTooLongAlarm		CODE           	A580	0000	9
		_IPAboveSetAlarm		CODE           	9F22	0000	27
		_NoPowerSupplyAlarm		CODE           	A654	0000	5
		_SetIPAboveSetAlarm		CODE           	9DF6	0000	33
		_GasFailureAlarm		CODE           	A678	0000	5
		_AlarmInit     		CODE           	81D4	0000	127
		_ClearVBelowMinAlarm		CODE           	A610	0000	7
		_SetEPBelowSetAlarm		CODE           	9E92	0000	31
		_ClearEPAboveSetAlarm		CODE           	9FD4	0000	23
		_ClearEPBelowSetAlarm		CODE           	A096	0000	21
		_SetVeryHighPressureAlarmHigh		CODE           	A4C0	0000	9
		_ClearControlFailAlarm		CODE           	A490	0000	9
		_ClearBaterryLowAlarmHigh		CODE           	A5C8	0000	7
		_SetBaterryLowAlarmMed		CODE           	A5B0	0000	7
		_SetTdeTooLongAlarm		CODE           	A508	0000	9
		_AlarmCheckTask		CODE           	4DF6	0000	389
		_ClearBatteryFailAlarm		CODE           	A4F0	0000	9
		_CircuitFailureAlarm		CODE           	A670	0000	5
		_VeryHighPressureAlarmHigh		CODE           	A67C	0000	5
		_ClearHighPressureAlarmHigh		CODE           	A480	0000	9
		_MonitorFailAlarm		CODE           	6A90	0000	217
		_SetNoPowerSupplyAlarm		CODE           	A5AA	0000	7
		_BatteryFailAlarm		CODE           	69AC	0000	229
		_HigherAlarm   		CODE           	7186	0000	179
		_ClearCircuitFailureAlarm		CODE           	A498	0000	9
		_TdeTooLongAlarm		CODE           	A660	0000	5
		_BaterryLowAlarmMed		CODE           	A66C	0000	5
		_SetControlFailAlarm		CODE           	A530	0000	9
		_AlarmSet      		CODE           	9D96	0000	33
		_HighPressureAlarmLow		CODE           	8152	0000	131
		_ClearVAboveMaxAlarm		CODE           	A578	0000	9
		_SetIPBelowSetAlarm		CODE           	9DD6	0000	33
		_TdiTooLongAlarm		CODE           	A664	0000	5
		_ClearIPAboveSetAlarm		CODE           	A082	0000	21
		_ClearIPBelowSetAlarm		CODE           	A06E	0000	21
		_ClearGasFailureAlarm		CODE           	A488	0000	9

alarm.c estimated size: 3578

/Applications/microchip/xc8/v2.10/pic/sources/c99/common/awmod.c
		___awmod       		CODE           	82C6	0000	117

/Applications/microchip/xc8/v2.10/pic/sources/c99/common/awmod.c estimated size: 117

mcc_generated_files/tmr1.c
		_TMR1_Initialize		CODE           	8DE6	0000	83
		_TMR1_SetInterruptHandler		CODE           	A28A	0000	15
		_TMR1_DefaultInterruptHandler		CODE           	A6B4	0000	3
		_TMR1_WriteTimer		CODE           	9C86	0000	37
		_TMR1_StartTimer		CODE           	A64C	0000	5
		_TMR1_ISR      		CODE           	9802	0000	51

mcc_generated_files/tmr1.c estimated size: 194

display.c
		_DisplayDisable		CODE           	A10A	0000	19
		_UnDisplayCalibrate		CODE           	A1AA	0000	15
		_AlarmDisplay  		CODE           	7A06	0000	155
		_InitDisplay   		CODE           	A3A2	0000	13
		_DisplayTask   		CODE           	74F8	0000	169
		_ValueDisplay  		CODE           	2238	0000	959
		_DisplayCalibrate		CODE           	96CC	0000	53
		_DisplayEnable 		CODE           	A17C	0000	17

display.c estimated size: 1400

lcd.c
		_LCDTest       		CODE           	7D94	0000	145
		_LCDWrite4     		CODE           	906E	0000	79
		_LCDWriteCmd   		CODE           	7BD2	0000	151
		_LCDWriteChar  		CODE           	7C68	0000	151
		_LCDInit       		CODE           	68C8	0000	229
		_LCDOff        		CODE           	A40C	0000	11
		_LCDMessage    		CODE           	7790	0000	163
		_LCDMessage1   		CODE           	9D76	0000	33
		_LCDMessage2   		CODE           	9AA0	0000	39
		_LCDMessage12  		CODE           	932E	0000	63
		_LCDOn         		CODE           	A402	0000	11

lcd.c estimated size: 1075

/Applications/microchip/xc8/v2.10/pic/sources/c99/common/llmod.c
		___llmod       		CODE           	8502	0000	111

/Applications/microchip/xc8/v2.10/pic/sources/c99/common/llmod.c estimated size: 111

controller.c
		_ControllerInit		CODE           	92B0	0000	65
		_StopHandler   		CODE           	8CE6	0000	87
		_DumpI2C       		CODE           	A6A8	0000	3
		_ReceiveHandler		CODE           	910A	0000	75
		_ControllerTimerHandler		CODE           	804A	0000	135
		_GetSpr        		CODE           	A2EC	0000	15
		_UpdateState   		CODE           	3E88	0000	603

controller.c estimated size: 983

/Applications/microchip/xc8/v2.10/pic/sources/c99/common/Umul32.c
		___lmul        		CODE           	8B26	0000	95

/Applications/microchip/xc8/v2.10/pic/sources/c99/common/Umul32.c estimated size: 95

mcc_generated_files/adcc.c
		_ADCC_DefaultInterruptHandler		CODE           	A6B8	0000	3
		_ADCC_SetADTIInterruptHandler		CODE           	A20C	0000	15
		_ADCC_GetConversionResult		CODE           	A058	0000	23
		_ADCC_ThresholdISR		CODE           	9CAA	0000	37
		_ADCC_StartConversion		CODE           	A11C	0000	17
		_ADCC_Initialize		CODE           	86BA	0000	109
		_ADCC_IsConversionDone		CODE           	A394	0000	15

mcc_generated_files/adcc.c estimated size: 219

monitor.c
		_GetTargetEp   		CODE           	9AEC	0000	39
		_GetTargetIp   		CODE           	9AC6	0000	39
		_GetPressure_mbar02		CODE           	962E	0000	55
		_SeePressure_pa		CODE           	5842	0000	367
		_SetAlarmSV1   		CODE           	9698	0000	53
		_SetTarget     		CODE           	6DDC	0000	203
		_GetVolume     		CODE           	A2D0	0000	15
		_GetTde        		CODE           	A3D2	0000	13
		_GetEp         		CODE           	98EE	0000	47
		_GetDisableAlarmSV1		CODE           	A5CE	0000	7
		_SetCalibrateState		CODE           	63A6	0000	291
		_DisableAlarmSV1		CODE           	A4B8	0000	9
		_AdcSeeData    		CODE           	92F0	0000	63
		_GetTi         		CODE           	A0BE	0000	21
		_AdcInit       		CODE           	8252	0000	117
		_Get5V         		CODE           	85DE	0000	111
		_AdcGetData    		CODE           	8932	0000	103
		_SeePressureV_pa		CODE           	80D0	0000	131
		_Get12V        		CODE           	796C	0000	155
		_AdcDataReady  		CODE           	9A28	0000	41
		_GetBpm        		CODE           	A2FA	0000	15
		_SetVolumeControl		CODE           	A448	0000	11
		_AdcReStartCycle		CODE           	89FE	0000	101
		_GetIp         		CODE           	4F7A	0000	381
		_GetTdi        		CODE           	A2DE	0000	15
		_GetPmax       		CODE           	9B12	0000	39
		_GetTe         		CODE           	A0D2	0000	21
		_GetPressure_pa		CODE           	4C72	0000	389
		_MonitorDump   		CODE           	30C8	0000	865
		_MonitorInit   		CODE           	83AE	0000	115
		_AdcHandler    		CODE           	6018	0000	309
		_ClearVars     		CODE           	40E2	0000	591
		_MonitorEnable 		CODE           	A4A0	0000	9
		_MonitorPressureTask		CODE           	001E	0000	4753
		_AdcReady      		CODE           	A62E	0000	7
		_See5V         		CODE           	8570	0000	111
		_See12V        		CODE           	78D2	0000	155
		_GetPressureV_pa		CODE           	76EC	0000	165
		_MonitorDisable		CODE           	A4A8	0000	9
		_GetMaxPressure		CODE           	936C	0000	63
		_SetSV1        		CODE           	9664	0000	53
		_EnableAlarmSV1		CODE           	A4B0	0000	9

monitor.c estimated size: 10066

main.c
		_main          		CODE           	2D48	0000	897

main.c estimated size: 897

/Applications/microchip/xc8/v2.10/pic/sources/c99/common/aodiv.c
		___aodiv       		CODE           	59B0	0000	345

/Applications/microchip/xc8/v2.10/pic/sources/c99/common/aodiv.c estimated size: 345

/Applications/microchip/xc8/v2.10/pic/sources/c99/common/strlen.c
		_strlen        		CODE           	8D92	0000	85

/Applications/microchip/xc8/v2.10/pic/sources/c99/common/strlen.c estimated size: 85

/Applications/microchip/xc8/v2.10/pic/sources/c99/common/nf_fputs.c
		_fputs         		CODE           	93E8	0000	63

/Applications/microchip/xc8/v2.10/pic/sources/c99/common/nf_fputs.c estimated size: 63

